Component: ARM Compiler 5.06 update 6 (build 750) Tool: armlink [4d35ed]

==============================================================================

Section Cross References

    sysinit.o(.text) refers to startup_mdr1986ve8t.o(RESET) for __Vectors
    eerom.o(.text) refers to eerom.o(.bss) for EEProgHeader
    uarts.o(.text) refers to rt_memcpy_v6.o(.text) for __aeabi_memcpy
    uarts.o(.text) refers to uarts.o(.data) for Rx0BuffPtr
    uarts.o(.text) refers to uarts.o(.constdata) for auchCRCHi
    uarts.o(.text) refers to uarts.o(.bss) for Rx0Buff
    adc.o(.text) refers to adc.o(.data) for ADCDataCnt
    adc.o(.text) refers to adc.o(.bss) for ADCDataSm
    startup_mdr1986ve8t.o(STACK) refers (Special) to heapauxi.o(.text) for __use_two_region_memory
    startup_mdr1986ve8t.o(HEAP) refers (Special) to heapauxi.o(.text) for __use_two_region_memory
    startup_mdr1986ve8t.o(RESET) refers (Special) to heapauxi.o(.text) for __use_two_region_memory
    startup_mdr1986ve8t.o(RESET) refers to startup_mdr1986ve8t.o(STACK) for __initial_sp
    startup_mdr1986ve8t.o(RESET) refers to startup_mdr1986ve8t.o(.text) for Reset_Handler
    startup_mdr1986ve8t.o(RESET) refers to uarts.o(.text) for INT_UART0_Handler
    startup_mdr1986ve8t.o(RESET) refers to adc.o(.text) for INT_ADC0_Handler
    startup_mdr1986ve8t.o(.text) refers (Special) to heapauxi.o(.text) for __use_two_region_memory
    startup_mdr1986ve8t.o(.text) refers to __main.o(!!!main) for __main
    startup_mdr1986ve8t.o(.text) refers to startup_mdr1986ve8t.o(HEAP) for Heap_Mem
    startup_mdr1986ve8t.o(.text) refers to startup_mdr1986ve8t.o(STACK) for Stack_Mem
    rt_memcpy_v6.o(.text) refers to rt_memcpy_w.o(.text) for __aeabi_memcpy4
    __main.o(!!!main) refers to __rtentry.o(.ARM.Collect$$rtentry$$00000000) for __rt_entry
    __rtentry.o(.ARM.Collect$$rtentry$$00000000) refers (Special) to __rtentry2.o(.ARM.Collect$$rtentry$$0000000A) for __rt_entry_li
    __rtentry.o(.ARM.Collect$$rtentry$$00000000) refers (Special) to __rtentry2.o(.ARM.Collect$$rtentry$$0000000D) for __rt_entry_main
    __rtentry.o(.ARM.Collect$$rtentry$$00000000) refers (Special) to __rtentry2.o(.ARM.Collect$$rtentry$$0000000C) for __rt_entry_postli_1
    __rtentry.o(.ARM.Collect$$rtentry$$00000000) refers (Special) to __rtentry2.o(.ARM.Collect$$rtentry$$00000009) for __rt_entry_postsh_1
    __rtentry.o(.ARM.Collect$$rtentry$$00000000) refers (Special) to __rtentry2.o(.ARM.Collect$$rtentry$$00000002) for __rt_entry_presh_1
    __rtentry.o(.ARM.Collect$$rtentry$$00000000) refers (Special) to __rtentry4.o(.ARM.Collect$$rtentry$$00000004) for __rt_entry_sh
    __rtentry2.o(.ARM.Collect$$rtentry$$00000008) refers to boardinit2.o(.text) for _platform_post_stackheap_init
    __rtentry2.o(.ARM.Collect$$rtentry$$0000000A) refers to libinit.o(.ARM.Collect$$libinit$$00000000) for __rt_lib_init
    __rtentry2.o(.ARM.Collect$$rtentry$$0000000B) refers to boardinit3.o(.text) for _platform_post_lib_init
    __rtentry2.o(.ARM.Collect$$rtentry$$0000000D) refers to main.o(.text) for main
    __rtentry2.o(.ARM.Collect$$rtentry$$0000000D) refers to exit.o(.text) for exit
    __rtentry2.o(.ARM.exidx) refers to __rtentry2.o(.ARM.Collect$$rtentry$$00000001) for .ARM.Collect$$rtentry$$00000001
    __rtentry2.o(.ARM.exidx) refers to __rtentry2.o(.ARM.Collect$$rtentry$$00000008) for .ARM.Collect$$rtentry$$00000008
    __rtentry2.o(.ARM.exidx) refers to __rtentry2.o(.ARM.Collect$$rtentry$$0000000A) for .ARM.Collect$$rtentry$$0000000A
    __rtentry2.o(.ARM.exidx) refers to __rtentry2.o(.ARM.Collect$$rtentry$$0000000B) for .ARM.Collect$$rtentry$$0000000B
    __rtentry2.o(.ARM.exidx) refers to __rtentry2.o(.ARM.Collect$$rtentry$$0000000D) for .ARM.Collect$$rtentry$$0000000D
    __rtentry4.o(.ARM.Collect$$rtentry$$00000004) refers to sys_stackheap_outer.o(.text) for __user_setup_stackheap
    __rtentry4.o(.ARM.exidx) refers to __rtentry4.o(.ARM.Collect$$rtentry$$00000004) for .ARM.Collect$$rtentry$$00000004
    sys_stackheap_outer.o(.text) refers to libspace.o(.text) for __user_perproc_libspace
    sys_stackheap_outer.o(.text) refers to startup_mdr1986ve8t.o(.text) for __user_initial_stackheap
    exit.o(.text) refers to rtexit.o(.ARM.Collect$$rtexit$$00000000) for __rt_exit
    libinit.o(.ARM.Collect$$libinit$$00000000) refers (Special) to libinit2.o(.ARM.Collect$$libinit$$0000002E) for __rt_lib_init_alloca_1
    libinit.o(.ARM.Collect$$libinit$$00000000) refers (Special) to libinit2.o(.ARM.Collect$$libinit$$0000002C) for __rt_lib_init_argv_1
    libinit.o(.ARM.Collect$$libinit$$00000000) refers (Special) to libinit2.o(.ARM.Collect$$libinit$$0000001B) for __rt_lib_init_atexit_1
    libinit.o(.ARM.Collect$$libinit$$00000000) refers (Special) to libinit2.o(.ARM.Collect$$libinit$$00000021) for __rt_lib_init_clock_1
    libinit.o(.ARM.Collect$$libinit$$00000000) refers (Special) to libinit2.o(.ARM.Collect$$libinit$$00000032) for __rt_lib_init_cpp_1
    libinit.o(.ARM.Collect$$libinit$$00000000) refers (Special) to libinit2.o(.ARM.Collect$$libinit$$00000030) for __rt_lib_init_exceptions_1
    libinit.o(.ARM.Collect$$libinit$$00000000) refers (Special) to libinit2.o(.ARM.Collect$$libinit$$00000002) for __rt_lib_init_fp_1
    libinit.o(.ARM.Collect$$libinit$$00000000) refers (Special) to libinit2.o(.ARM.Collect$$libinit$$0000001F) for __rt_lib_init_fp_trap_1
    libinit.o(.ARM.Collect$$libinit$$00000000) refers (Special) to libinit2.o(.ARM.Collect$$libinit$$00000023) for __rt_lib_init_getenv_1
    libinit.o(.ARM.Collect$$libinit$$00000000) refers (Special) to libinit2.o(.ARM.Collect$$libinit$$0000000A) for __rt_lib_init_heap_1
    libinit.o(.ARM.Collect$$libinit$$00000000) refers (Special) to libinit2.o(.ARM.Collect$$libinit$$00000011) for __rt_lib_init_lc_collate_1
    libinit.o(.ARM.Collect$$libinit$$00000000) refers (Special) to libinit2.o(.ARM.Collect$$libinit$$00000013) for __rt_lib_init_lc_ctype_1
    libinit.o(.ARM.Collect$$libinit$$00000000) refers (Special) to libinit2.o(.ARM.Collect$$libinit$$00000015) for __rt_lib_init_lc_monetary_1
    libinit.o(.ARM.Collect$$libinit$$00000000) refers (Special) to libinit2.o(.ARM.Collect$$libinit$$00000017) for __rt_lib_init_lc_numeric_1
    libinit.o(.ARM.Collect$$libinit$$00000000) refers (Special) to libinit2.o(.ARM.Collect$$libinit$$00000019) for __rt_lib_init_lc_time_1
    libinit.o(.ARM.Collect$$libinit$$00000000) refers (Special) to libinit2.o(.ARM.Collect$$libinit$$00000004) for __rt_lib_init_preinit_1
    libinit.o(.ARM.Collect$$libinit$$00000000) refers (Special) to libinit2.o(.ARM.Collect$$libinit$$0000000E) for __rt_lib_init_rand_1
    libinit.o(.ARM.Collect$$libinit$$00000000) refers (Special) to libinit2.o(.ARM.Collect$$libinit$$00000033) for __rt_lib_init_return
    libinit.o(.ARM.Collect$$libinit$$00000000) refers (Special) to libinit2.o(.ARM.Collect$$libinit$$0000001D) for __rt_lib_init_signal_1
    libinit.o(.ARM.Collect$$libinit$$00000000) refers (Special) to libinit2.o(.ARM.Collect$$libinit$$00000025) for __rt_lib_init_stdio_1
    libinit.o(.ARM.Collect$$libinit$$00000000) refers (Special) to libinit2.o(.ARM.Collect$$libinit$$0000000C) for __rt_lib_init_user_alloc_1
    libspace.o(.text) refers to libspace.o(.bss) for __libspace_start
    rtexit.o(.ARM.Collect$$rtexit$$00000000) refers (Special) to rtexit2.o(.ARM.Collect$$rtexit$$00000004) for __rt_exit_exit
    rtexit.o(.ARM.Collect$$rtexit$$00000000) refers (Special) to rtexit2.o(.ARM.Collect$$rtexit$$00000003) for __rt_exit_ls
    rtexit.o(.ARM.Collect$$rtexit$$00000000) refers (Special) to rtexit2.o(.ARM.Collect$$rtexit$$00000002) for __rt_exit_prels_1
    rtexit.o(.ARM.exidx) refers (Special) to rtexit2.o(.ARM.Collect$$rtexit$$00000004) for __rt_exit_exit
    rtexit.o(.ARM.exidx) refers (Special) to rtexit2.o(.ARM.Collect$$rtexit$$00000003) for __rt_exit_ls
    rtexit.o(.ARM.exidx) refers (Special) to rtexit2.o(.ARM.Collect$$rtexit$$00000002) for __rt_exit_prels_1
    rtexit.o(.ARM.exidx) refers to rtexit.o(.ARM.Collect$$rtexit$$00000000) for .ARM.Collect$$rtexit$$00000000
    libinit2.o(.ARM.Collect$$libinit$$00000010) refers to libinit2.o(.ARM.Collect$$libinit$$0000000F) for .ARM.Collect$$libinit$$0000000F
    libinit2.o(.ARM.Collect$$libinit$$00000012) refers to libinit2.o(.ARM.Collect$$libinit$$0000000F) for .ARM.Collect$$libinit$$0000000F
    libinit2.o(.ARM.Collect$$libinit$$00000014) refers to libinit2.o(.ARM.Collect$$libinit$$0000000F) for .ARM.Collect$$libinit$$0000000F
    libinit2.o(.ARM.Collect$$libinit$$00000016) refers to libinit2.o(.ARM.Collect$$libinit$$0000000F) for .ARM.Collect$$libinit$$0000000F
    libinit2.o(.ARM.Collect$$libinit$$00000018) refers to libinit2.o(.ARM.Collect$$libinit$$0000000F) for .ARM.Collect$$libinit$$0000000F
    libinit2.o(.ARM.Collect$$libinit$$00000026) refers to argv_veneer.o(.emb_text) for __ARM_argv_veneer
    libinit2.o(.ARM.Collect$$libinit$$00000027) refers to argv_veneer.o(.emb_text) for __ARM_argv_veneer
    rtexit2.o(.ARM.Collect$$rtexit$$00000003) refers to libshutdown.o(.ARM.Collect$$libshutdown$$00000000) for __rt_lib_shutdown
    rtexit2.o(.ARM.Collect$$rtexit$$00000004) refers to sys_exit.o(.text) for _sys_exit
    rtexit2.o(.ARM.exidx) refers to rtexit2.o(.ARM.Collect$$rtexit$$00000001) for .ARM.Collect$$rtexit$$00000001
    rtexit2.o(.ARM.exidx) refers to rtexit2.o(.ARM.Collect$$rtexit$$00000003) for .ARM.Collect$$rtexit$$00000003
    rtexit2.o(.ARM.exidx) refers to rtexit2.o(.ARM.Collect$$rtexit$$00000004) for .ARM.Collect$$rtexit$$00000004
    argv_veneer.o(.emb_text) refers to no_argv.o(.text) for __ARM_get_argv
    sys_exit.o(.text) refers (Special) to use_no_semi.o(.text) for __I$use$semihosting
    sys_exit.o(.text) refers (Special) to indicate_semi.o(.text) for __semihosting_library_function
    _get_argv_nomalloc.o(.text) refers (Special) to hrguard.o(.text) for __heap_region$guard
    _get_argv_nomalloc.o(.text) refers to defsig_rtmem_outer.o(.text) for __rt_SIGRTMEM
    _get_argv_nomalloc.o(.text) refers to sys_command.o(.text) for _sys_command_string
    libshutdown.o(.ARM.Collect$$libshutdown$$00000000) refers (Special) to libshutdown2.o(.ARM.Collect$$libshutdown$$00000002) for __rt_lib_shutdown_cpp_1
    libshutdown.o(.ARM.Collect$$libshutdown$$00000000) refers (Special) to libshutdown2.o(.ARM.Collect$$libshutdown$$00000007) for __rt_lib_shutdown_fp_trap_1
    libshutdown.o(.ARM.Collect$$libshutdown$$00000000) refers (Special) to libshutdown2.o(.ARM.Collect$$libshutdown$$0000000F) for __rt_lib_shutdown_heap_1
    libshutdown.o(.ARM.Collect$$libshutdown$$00000000) refers (Special) to libshutdown2.o(.ARM.Collect$$libshutdown$$00000010) for __rt_lib_shutdown_return
    libshutdown.o(.ARM.Collect$$libshutdown$$00000000) refers (Special) to libshutdown2.o(.ARM.Collect$$libshutdown$$0000000A) for __rt_lib_shutdown_signal_1
    libshutdown.o(.ARM.Collect$$libshutdown$$00000000) refers (Special) to libshutdown2.o(.ARM.Collect$$libshutdown$$00000004) for __rt_lib_shutdown_stdio_1
    libshutdown.o(.ARM.Collect$$libshutdown$$00000000) refers (Special) to libshutdown2.o(.ARM.Collect$$libshutdown$$0000000C) for __rt_lib_shutdown_user_alloc_1
    sys_command.o(.text) refers (Special) to use_no_semi.o(.text) for __I$use$semihosting
    sys_command.o(.text) refers (Special) to indicate_semi.o(.text) for __semihosting_library_function
    defsig_rtmem_outer.o(.text) refers to defsig_rtmem_inner.o(.text) for __rt_SIGRTMEM_inner
    defsig_rtmem_outer.o(.text) refers to defsig_exit.o(.text) for __sig_exit
    defsig_rtmem_formal.o(.text) refers to rt_raise.o(.text) for __rt_raise
    rt_raise.o(.text) refers to __raise.o(.text) for __raise
    rt_raise.o(.text) refers to sys_exit.o(.text) for _sys_exit
    defsig_exit.o(.text) refers to sys_exit.o(.text) for _sys_exit
    defsig_rtmem_inner.o(.text) refers to defsig_general.o(.text) for __default_signal_display
    __raise.o(.text) refers to defsig.o(CL$$defsig) for __default_signal_handler
    defsig_general.o(.text) refers to sys_wrch.o(.text) for _ttywrch
    sys_wrch.o(.text) refers (Special) to use_no_semi.o(.text) for __I$use$semihosting
    sys_wrch.o(.text) refers (Special) to indicate_semi.o(.text) for __semihosting_library_function
    defsig.o(CL$$defsig) refers to defsig_rtmem_inner.o(.text) for __rt_SIGRTMEM_inner
    defsig_abrt_inner.o(.text) refers to defsig_general.o(.text) for __default_signal_display
    defsig_fpe_inner.o(.text) refers to defsig_general.o(.text) for __default_signal_display
    defsig_rtred_inner.o(.text) refers to defsig_general.o(.text) for __default_signal_display
    defsig_stak_inner.o(.text) refers to defsig_general.o(.text) for __default_signal_display
    defsig_pvfn_inner.o(.text) refers to defsig_general.o(.text) for __default_signal_display
    defsig_cppl_inner.o(.text) refers to defsig_general.o(.text) for __default_signal_display
    defsig_segv_inner.o(.text) refers to defsig_general.o(.text) for __default_signal_display
    defsig_other.o(.text) refers to defsig_general.o(.text) for __default_signal_display


==============================================================================

Removing Unused input sections from the image.

    Removing sysinit.o(.text), (588 bytes).
    Removing main.o(.bss), (256 bytes).
    Removing eerom.o(.text), (520 bytes).
    Removing eerom.o(.bss), (20 bytes).
    Removing wdt.o(.text), (118 bytes).
    Removing core_cm4.o(.emb_text), (32 bytes).

6 unused section(s) (total 1534 bytes) removed from the image.

==============================================================================

Image Symbol Table

    Local Symbols

    Symbol Name                              Value     Ov Type        Size  Object(Section)

    ../clib/angel/boardlib.s                 0x00000000   Number         0  boardinit3.o ABSOLUTE
    ../clib/angel/boardlib.s                 0x00000000   Number         0  boardinit2.o ABSOLUTE
    ../clib/angel/boardlib.s                 0x00000000   Number         0  boardinit1.o ABSOLUTE
    ../clib/angel/boardlib.s                 0x00000000   Number         0  boardshut.o ABSOLUTE
    ../clib/angel/handlers.s                 0x00000000   Number         0  __scatter_copy.o ABSOLUTE
    ../clib/angel/handlers.s                 0x00000000   Number         0  __scatter_zi.o ABSOLUTE
    ../clib/angel/kernel.s                   0x00000000   Number         0  rtexit2.o ABSOLUTE
    ../clib/angel/kernel.s                   0x00000000   Number         0  rtexit.o ABSOLUTE
    ../clib/angel/kernel.s                   0x00000000   Number         0  __rtentry.o ABSOLUTE
    ../clib/angel/kernel.s                   0x00000000   Number         0  __rtentry2.o ABSOLUTE
    ../clib/angel/kernel.s                   0x00000000   Number         0  __rtentry4.o ABSOLUTE
    ../clib/angel/rt.s                       0x00000000   Number         0  rt_raise.o ABSOLUTE
    ../clib/angel/scatter.s                  0x00000000   Number         0  __scatter.o ABSOLUTE
    ../clib/angel/startup.s                  0x00000000   Number         0  __main.o ABSOLUTE
    ../clib/angel/sys.s                      0x00000000   Number         0  use_no_semi.o ABSOLUTE
    ../clib/angel/sys.s                      0x00000000   Number         0  indicate_semi.o ABSOLUTE
    ../clib/angel/sys.s                      0x00000000   Number         0  sys_stackheap_outer.o ABSOLUTE
    ../clib/angel/sys.s                      0x00000000   Number         0  libspace.o ABSOLUTE
    ../clib/angel/sysapp.c                   0x00000000   Number         0  sys_wrch.o ABSOLUTE
    ../clib/angel/sysapp.c                   0x00000000   Number         0  sys_command.o ABSOLUTE
    ../clib/angel/sysapp.c                   0x00000000   Number         0  sys_exit.o ABSOLUTE
    ../clib/armsys.c                         0x00000000   Number         0  _get_argv_nomalloc.o ABSOLUTE
    ../clib/armsys.c                         0x00000000   Number         0  argv_veneer.o ABSOLUTE
    ../clib/armsys.c                         0x00000000   Number         0  no_argv.o ABSOLUTE
    ../clib/armsys.c                         0x00000000   Number         0  argv_veneer.o ABSOLUTE
    ../clib/heapalloc.c                      0x00000000   Number         0  hrguard.o ABSOLUTE
    ../clib/heapaux.c                        0x00000000   Number         0  heapauxi.o ABSOLUTE
    ../clib/libinit.s                        0x00000000   Number         0  libshutdown.o ABSOLUTE
    ../clib/libinit.s                        0x00000000   Number         0  libinit2.o ABSOLUTE
    ../clib/libinit.s                        0x00000000   Number         0  libinit.o ABSOLUTE
    ../clib/libinit.s                        0x00000000   Number         0  libshutdown2.o ABSOLUTE
    ../clib/memcpset.s                       0x00000000   Number         0  rt_memcpy_w.o ABSOLUTE
    ../clib/memcpset.s                       0x00000000   Number         0  rt_memcpy_v6.o ABSOLUTE
    ../clib/signal.c                         0x00000000   Number         0  defsig_rtmem_inner.o ABSOLUTE
    ../clib/signal.c                         0x00000000   Number         0  defsig_exit.o ABSOLUTE
    ../clib/signal.c                         0x00000000   Number         0  defsig_rtmem_formal.o ABSOLUTE
    ../clib/signal.c                         0x00000000   Number         0  defsig_general.o ABSOLUTE
    ../clib/signal.c                         0x00000000   Number         0  defsig_other.o ABSOLUTE
    ../clib/signal.c                         0x00000000   Number         0  defsig_segv_inner.o ABSOLUTE
    ../clib/signal.c                         0x00000000   Number         0  defsig_cppl_inner.o ABSOLUTE
    ../clib/signal.c                         0x00000000   Number         0  defsig_pvfn_inner.o ABSOLUTE
    ../clib/signal.c                         0x00000000   Number         0  defsig_stak_inner.o ABSOLUTE
    ../clib/signal.c                         0x00000000   Number         0  defsig_rtred_inner.o ABSOLUTE
    ../clib/signal.c                         0x00000000   Number         0  defsig_fpe_inner.o ABSOLUTE
    ../clib/signal.c                         0x00000000   Number         0  defsig_abrt_inner.o ABSOLUTE
    ../clib/signal.c                         0x00000000   Number         0  __raise.o ABSOLUTE
    ../clib/signal.c                         0x00000000   Number         0  defsig_rtmem_outer.o ABSOLUTE
    ../clib/signal.s                         0x00000000   Number         0  defsig.o ABSOLUTE
    ../clib/stdlib.c                         0x00000000   Number         0  exit.o ABSOLUTE
    ../fplib/fpinit.s                        0x00000000   Number         0  fpinit.o ABSOLUTE
    Sources\1986ve8_lib\core_cm4.c           0x00000000   Number         0  core_cm4.o ABSOLUTE
    Sources\1986ve8_lib\startup_MDR1986VE8T.s 0x00000000   Number         0  startup_mdr1986ve8t.o ABSOLUTE
    Sources\\1986ve8_lib\\core_cm4.c         0x00000000   Number         0  core_cm4.o ABSOLUTE
    Sources\adc.c                            0x00000000   Number         0  adc.o ABSOLUTE
    Sources\eerom.c                          0x00000000   Number         0  eerom.o ABSOLUTE
    Sources\main.c                           0x00000000   Number         0  main.o ABSOLUTE
    Sources\sysinit.c                        0x00000000   Number         0  sysinit.o ABSOLUTE
    Sources\uarts.c                          0x00000000   Number         0  uarts.o ABSOLUTE
    Sources\wdt.c                            0x00000000   Number         0  wdt.o ABSOLUTE
    dc.s                                     0x00000000   Number         0  dc.o ABSOLUTE
    RESET                                    0x20000000   Section      568  startup_mdr1986ve8t.o(RESET)
    !!!main                                  0x20000238   Section        8  __main.o(!!!main)
    !!!scatter                               0x20000240   Section       52  __scatter.o(!!!scatter)
    !!handler_copy                           0x20000274   Section       26  __scatter_copy.o(!!handler_copy)
    !!handler_zi                             0x20000290   Section       28  __scatter_zi.o(!!handler_zi)
    .ARM.Collect$$libinit$$00000000          0x200002ac   Section        2  libinit.o(.ARM.Collect$$libinit$$00000000)
    .ARM.Collect$$libinit$$00000002          0x200002ae   Section        0  libinit2.o(.ARM.Collect$$libinit$$00000002)
    .ARM.Collect$$libinit$$00000004          0x200002ae   Section        0  libinit2.o(.ARM.Collect$$libinit$$00000004)
    .ARM.Collect$$libinit$$0000000A          0x200002ae   Section        0  libinit2.o(.ARM.Collect$$libinit$$0000000A)
    .ARM.Collect$$libinit$$0000000C          0x200002ae   Section        0  libinit2.o(.ARM.Collect$$libinit$$0000000C)
    .ARM.Collect$$libinit$$0000000E          0x200002ae   Section        0  libinit2.o(.ARM.Collect$$libinit$$0000000E)
    .ARM.Collect$$libinit$$00000011          0x200002ae   Section        0  libinit2.o(.ARM.Collect$$libinit$$00000011)
    .ARM.Collect$$libinit$$00000013          0x200002ae   Section        0  libinit2.o(.ARM.Collect$$libinit$$00000013)
    .ARM.Collect$$libinit$$00000015          0x200002ae   Section        0  libinit2.o(.ARM.Collect$$libinit$$00000015)
    .ARM.Collect$$libinit$$00000017          0x200002ae   Section        0  libinit2.o(.ARM.Collect$$libinit$$00000017)
    .ARM.Collect$$libinit$$00000019          0x200002ae   Section        0  libinit2.o(.ARM.Collect$$libinit$$00000019)
    .ARM.Collect$$libinit$$0000001B          0x200002ae   Section        0  libinit2.o(.ARM.Collect$$libinit$$0000001B)
    .ARM.Collect$$libinit$$0000001D          0x200002ae   Section        0  libinit2.o(.ARM.Collect$$libinit$$0000001D)
    .ARM.Collect$$libinit$$0000001F          0x200002ae   Section        0  libinit2.o(.ARM.Collect$$libinit$$0000001F)
    .ARM.Collect$$libinit$$00000021          0x200002ae   Section        0  libinit2.o(.ARM.Collect$$libinit$$00000021)
    .ARM.Collect$$libinit$$00000023          0x200002ae   Section        0  libinit2.o(.ARM.Collect$$libinit$$00000023)
    .ARM.Collect$$libinit$$00000025          0x200002ae   Section        0  libinit2.o(.ARM.Collect$$libinit$$00000025)
    .ARM.Collect$$libinit$$0000002C          0x200002ae   Section        0  libinit2.o(.ARM.Collect$$libinit$$0000002C)
    .ARM.Collect$$libinit$$0000002E          0x200002ae   Section        0  libinit2.o(.ARM.Collect$$libinit$$0000002E)
    .ARM.Collect$$libinit$$00000030          0x200002ae   Section        0  libinit2.o(.ARM.Collect$$libinit$$00000030)
    .ARM.Collect$$libinit$$00000032          0x200002ae   Section        0  libinit2.o(.ARM.Collect$$libinit$$00000032)
    .ARM.Collect$$libinit$$00000033          0x200002ae   Section        2  libinit2.o(.ARM.Collect$$libinit$$00000033)
    .ARM.Collect$$libshutdown$$00000000      0x200002b0   Section        2  libshutdown.o(.ARM.Collect$$libshutdown$$00000000)
    .ARM.Collect$$libshutdown$$00000002      0x200002b2   Section        0  libshutdown2.o(.ARM.Collect$$libshutdown$$00000002)
    .ARM.Collect$$libshutdown$$00000004      0x200002b2   Section        0  libshutdown2.o(.ARM.Collect$$libshutdown$$00000004)
    .ARM.Collect$$libshutdown$$00000007      0x200002b2   Section        0  libshutdown2.o(.ARM.Collect$$libshutdown$$00000007)
    .ARM.Collect$$libshutdown$$0000000A      0x200002b2   Section        0  libshutdown2.o(.ARM.Collect$$libshutdown$$0000000A)
    .ARM.Collect$$libshutdown$$0000000C      0x200002b2   Section        0  libshutdown2.o(.ARM.Collect$$libshutdown$$0000000C)
    .ARM.Collect$$libshutdown$$0000000F      0x200002b2   Section        0  libshutdown2.o(.ARM.Collect$$libshutdown$$0000000F)
    .ARM.Collect$$libshutdown$$00000010      0x200002b2   Section        2  libshutdown2.o(.ARM.Collect$$libshutdown$$00000010)
    .ARM.Collect$$rtentry$$00000000          0x200002b4   Section        0  __rtentry.o(.ARM.Collect$$rtentry$$00000000)
    .ARM.Collect$$rtentry$$00000002          0x200002b4   Section        0  __rtentry2.o(.ARM.Collect$$rtentry$$00000002)
    .ARM.Collect$$rtentry$$00000004          0x200002b4   Section        6  __rtentry4.o(.ARM.Collect$$rtentry$$00000004)
    .ARM.Collect$$rtentry$$00000009          0x200002ba   Section        0  __rtentry2.o(.ARM.Collect$$rtentry$$00000009)
    .ARM.Collect$$rtentry$$0000000A          0x200002ba   Section        4  __rtentry2.o(.ARM.Collect$$rtentry$$0000000A)
    .ARM.Collect$$rtentry$$0000000C          0x200002be   Section        0  __rtentry2.o(.ARM.Collect$$rtentry$$0000000C)
    .ARM.Collect$$rtentry$$0000000D          0x200002be   Section        8  __rtentry2.o(.ARM.Collect$$rtentry$$0000000D)
    .ARM.Collect$$rtexit$$00000000           0x200002c6   Section        2  rtexit.o(.ARM.Collect$$rtexit$$00000000)
    .ARM.Collect$$rtexit$$00000002           0x200002c8   Section        0  rtexit2.o(.ARM.Collect$$rtexit$$00000002)
    .ARM.Collect$$rtexit$$00000003           0x200002c8   Section        4  rtexit2.o(.ARM.Collect$$rtexit$$00000003)
    .ARM.Collect$$rtexit$$00000004           0x200002cc   Section        6  rtexit2.o(.ARM.Collect$$rtexit$$00000004)
    .text                                    0x200002d4   Section        0  main.o(.text)
    .text                                    0x200003a8   Section        0  uarts.o(.text)
    .text                                    0x20000594   Section        0  adc.o(.text)
    .text                                    0x200006c0   Section      180  startup_mdr1986ve8t.o(.text)
    .text                                    0x20000774   Section      138  rt_memcpy_v6.o(.text)
    .text                                    0x200007fe   Section        0  heapauxi.o(.text)
    .text                                    0x20000804   Section      100  rt_memcpy_w.o(.text)
    .text                                    0x20000868   Section       74  sys_stackheap_outer.o(.text)
    .text                                    0x200008b2   Section        0  exit.o(.text)
    .text                                    0x200008c4   Section        8  libspace.o(.text)
    .text                                    0x200008cc   Section        0  sys_exit.o(.text)
    .text                                    0x200008d8   Section        2  use_no_semi.o(.text)
    .constdata                               0x200008da   Section      512  uarts.o(.constdata)
    .text                                    0x200008da   Section        0  indicate_semi.o(.text)
    .data                                    0x20004000   Section        4  uarts.o(.data)
    .data                                    0x20004004   Section        7  adc.o(.data)
    .bss                                     0x2000400c   Section      256  uarts.o(.bss)
    .bss                                     0x2000410c   Section       28  adc.o(.bss)
    .bss                                     0x20004128   Section       96  libspace.o(.bss)
    HEAP                                     0x20004188   Section     1024  startup_mdr1986ve8t.o(HEAP)
    Heap_Mem                                 0x20004188   Data        1024  startup_mdr1986ve8t.o(HEAP)
    STACK                                    0x20004588   Section     1024  startup_mdr1986ve8t.o(STACK)
    Stack_Mem                                0x20004588   Data        1024  startup_mdr1986ve8t.o(STACK)
    __initial_sp                             0x20004988   Data           0  startup_mdr1986ve8t.o(STACK)

    Global Symbols

    Symbol Name                              Value     Ov Type        Size  Object(Section)

    BuildAttributes$$THM_ISAv4$E$P$D$K$B$S$7EM$PE$A:L22UL41UL21$X:L11$S22US41US21$IEEE1$IW$USESV6$~STKCKD$USESV7$~SHL$OSPACE$ROPI$EBA8$UX$STANDARDLIB$REQ8$PRES8$EABIv2 0x00000000   Number         0  anon$$obj.o ABSOLUTE
    __ARM_use_no_argv                        0x00000000   Number         0  main.o ABSOLUTE
    __ARM_exceptions_init                     - Undefined Weak Reference
    __alloca_initialize                       - Undefined Weak Reference
    __arm_preinit_                            - Undefined Weak Reference
    __cpp_initialize__aeabi_                  - Undefined Weak Reference
    __cxa_finalize                            - Undefined Weak Reference
    __rt_locale                               - Undefined Weak Reference
    __sigvec_lookup                           - Undefined Weak Reference
    _atexit_init                              - Undefined Weak Reference
    _call_atexit_fns                          - Undefined Weak Reference
    _clock_init                               - Undefined Weak Reference
    _fp_trap_init                             - Undefined Weak Reference
    _fp_trap_shutdown                         - Undefined Weak Reference
    _get_lc_collate                           - Undefined Weak Reference
    _get_lc_ctype                             - Undefined Weak Reference
    _get_lc_monetary                          - Undefined Weak Reference
    _get_lc_numeric                           - Undefined Weak Reference
    _get_lc_time                              - Undefined Weak Reference
    _getenv_init                              - Undefined Weak Reference
    _handle_redirection                       - Undefined Weak Reference
    _init_alloc                               - Undefined Weak Reference
    _init_user_alloc                          - Undefined Weak Reference
    _initio                                   - Undefined Weak Reference
    _rand_init                                - Undefined Weak Reference
    _signal_finish                            - Undefined Weak Reference
    _signal_init                              - Undefined Weak Reference
    _terminate_alloc                          - Undefined Weak Reference
    _terminate_user_alloc                     - Undefined Weak Reference
    _terminateio                              - Undefined Weak Reference
    __Vectors_Size                           0x00000238   Number         0  startup_mdr1986ve8t.o ABSOLUTE
    __Vectors                                0x20000000   Data           4  startup_mdr1986ve8t.o(RESET)
    __Vectors_End                            0x20000238   Data           0  startup_mdr1986ve8t.o(RESET)
    __main                                   0x20000239   Thumb Code     8  __main.o(!!!main)
    __scatterload                            0x20000241   Thumb Code     0  __scatter.o(!!!scatter)
    __scatterload_rt2                        0x20000241   Thumb Code    44  __scatter.o(!!!scatter)
    __scatterload_rt2_thumb_only             0x20000241   Thumb Code     0  __scatter.o(!!!scatter)
    __scatterload_null                       0x2000024f   Thumb Code     0  __scatter.o(!!!scatter)
    __scatterload_copy                       0x20000275   Thumb Code    26  __scatter_copy.o(!!handler_copy)
    __scatterload_zeroinit                   0x20000291   Thumb Code    28  __scatter_zi.o(!!handler_zi)
    __rt_lib_init                            0x200002ad   Thumb Code     0  libinit.o(.ARM.Collect$$libinit$$00000000)
    __rt_lib_init_alloca_1                   0x200002af   Thumb Code     0  libinit2.o(.ARM.Collect$$libinit$$0000002E)
    __rt_lib_init_argv_1                     0x200002af   Thumb Code     0  libinit2.o(.ARM.Collect$$libinit$$0000002C)
    __rt_lib_init_atexit_1                   0x200002af   Thumb Code     0  libinit2.o(.ARM.Collect$$libinit$$0000001B)
    __rt_lib_init_clock_1                    0x200002af   Thumb Code     0  libinit2.o(.ARM.Collect$$libinit$$00000021)
    __rt_lib_init_cpp_1                      0x200002af   Thumb Code     0  libinit2.o(.ARM.Collect$$libinit$$00000032)
    __rt_lib_init_exceptions_1               0x200002af   Thumb Code     0  libinit2.o(.ARM.Collect$$libinit$$00000030)
    __rt_lib_init_fp_1                       0x200002af   Thumb Code     0  libinit2.o(.ARM.Collect$$libinit$$00000002)
    __rt_lib_init_fp_trap_1                  0x200002af   Thumb Code     0  libinit2.o(.ARM.Collect$$libinit$$0000001F)
    __rt_lib_init_getenv_1                   0x200002af   Thumb Code     0  libinit2.o(.ARM.Collect$$libinit$$00000023)
    __rt_lib_init_heap_1                     0x200002af   Thumb Code     0  libinit2.o(.ARM.Collect$$libinit$$0000000A)
    __rt_lib_init_lc_collate_1               0x200002af   Thumb Code     0  libinit2.o(.ARM.Collect$$libinit$$00000011)
    __rt_lib_init_lc_ctype_1                 0x200002af   Thumb Code     0  libinit2.o(.ARM.Collect$$libinit$$00000013)
    __rt_lib_init_lc_monetary_1              0x200002af   Thumb Code     0  libinit2.o(.ARM.Collect$$libinit$$00000015)
    __rt_lib_init_lc_numeric_1               0x200002af   Thumb Code     0  libinit2.o(.ARM.Collect$$libinit$$00000017)
    __rt_lib_init_lc_time_1                  0x200002af   Thumb Code     0  libinit2.o(.ARM.Collect$$libinit$$00000019)
    __rt_lib_init_preinit_1                  0x200002af   Thumb Code     0  libinit2.o(.ARM.Collect$$libinit$$00000004)
    __rt_lib_init_rand_1                     0x200002af   Thumb Code     0  libinit2.o(.ARM.Collect$$libinit$$0000000E)
    __rt_lib_init_return                     0x200002af   Thumb Code     0  libinit2.o(.ARM.Collect$$libinit$$00000033)
    __rt_lib_init_signal_1                   0x200002af   Thumb Code     0  libinit2.o(.ARM.Collect$$libinit$$0000001D)
    __rt_lib_init_stdio_1                    0x200002af   Thumb Code     0  libinit2.o(.ARM.Collect$$libinit$$00000025)
    __rt_lib_init_user_alloc_1               0x200002af   Thumb Code     0  libinit2.o(.ARM.Collect$$libinit$$0000000C)
    __rt_lib_shutdown                        0x200002b1   Thumb Code     0  libshutdown.o(.ARM.Collect$$libshutdown$$00000000)
    __rt_lib_shutdown_cpp_1                  0x200002b3   Thumb Code     0  libshutdown2.o(.ARM.Collect$$libshutdown$$00000002)
    __rt_lib_shutdown_fp_trap_1              0x200002b3   Thumb Code     0  libshutdown2.o(.ARM.Collect$$libshutdown$$00000007)
    __rt_lib_shutdown_heap_1                 0x200002b3   Thumb Code     0  libshutdown2.o(.ARM.Collect$$libshutdown$$0000000F)
    __rt_lib_shutdown_return                 0x200002b3   Thumb Code     0  libshutdown2.o(.ARM.Collect$$libshutdown$$00000010)
    __rt_lib_shutdown_signal_1               0x200002b3   Thumb Code     0  libshutdown2.o(.ARM.Collect$$libshutdown$$0000000A)
    __rt_lib_shutdown_stdio_1                0x200002b3   Thumb Code     0  libshutdown2.o(.ARM.Collect$$libshutdown$$00000004)
    __rt_lib_shutdown_user_alloc_1           0x200002b3   Thumb Code     0  libshutdown2.o(.ARM.Collect$$libshutdown$$0000000C)
    __rt_entry                               0x200002b5   Thumb Code     0  __rtentry.o(.ARM.Collect$$rtentry$$00000000)
    __rt_entry_presh_1                       0x200002b5   Thumb Code     0  __rtentry2.o(.ARM.Collect$$rtentry$$00000002)
    __rt_entry_sh                            0x200002b5   Thumb Code     0  __rtentry4.o(.ARM.Collect$$rtentry$$00000004)
    __rt_entry_li                            0x200002bb   Thumb Code     0  __rtentry2.o(.ARM.Collect$$rtentry$$0000000A)
    __rt_entry_postsh_1                      0x200002bb   Thumb Code     0  __rtentry2.o(.ARM.Collect$$rtentry$$00000009)
    __rt_entry_main                          0x200002bf   Thumb Code     0  __rtentry2.o(.ARM.Collect$$rtentry$$0000000D)
    __rt_entry_postli_1                      0x200002bf   Thumb Code     0  __rtentry2.o(.ARM.Collect$$rtentry$$0000000C)
    __rt_exit                                0x200002c7   Thumb Code     0  rtexit.o(.ARM.Collect$$rtexit$$00000000)
    __rt_exit_ls                             0x200002c9   Thumb Code     0  rtexit2.o(.ARM.Collect$$rtexit$$00000003)
    __rt_exit_prels_1                        0x200002c9   Thumb Code     0  rtexit2.o(.ARM.Collect$$rtexit$$00000002)
    __rt_exit_exit                           0x200002cd   Thumb Code     0  rtexit2.o(.ARM.Collect$$rtexit$$00000004)
    main                                     0x200002d5   Thumb Code   180  main.o(.text)
    UART0_Init                               0x200003a9   Thumb Code   108  uarts.o(.text)
    GetCRC                                   0x20000415   Thumb Code    48  uarts.o(.text)
    UART0_SendPacket                         0x20000445   Thumb Code   154  uarts.o(.text)
    UART0_GetPacket                          0x200004df   Thumb Code    80  uarts.o(.text)
    INT_UART0_Handler                        0x2000052f   Thumb Code    58  uarts.o(.text)
    ADC_Init                                 0x20000595   Thumb Code   178  adc.o(.text)
    INT_ADC0_Handler                         0x20000647   Thumb Code    94  adc.o(.text)
    Reset_Handler                            0x200006c1   Thumb Code     4  startup_mdr1986ve8t.o(.text)
    NMI_Handler                              0x200006c5   Thumb Code     2  startup_mdr1986ve8t.o(.text)
    HardFault_Handler                        0x200006c7   Thumb Code     2  startup_mdr1986ve8t.o(.text)
    MemoryMngFault_Handler                   0x200006c9   Thumb Code     2  startup_mdr1986ve8t.o(.text)
    BusFault_Handler                         0x200006cb   Thumb Code     2  startup_mdr1986ve8t.o(.text)
    UsageFault_Handler                       0x200006cd   Thumb Code     2  startup_mdr1986ve8t.o(.text)
    SVCall_Handler                           0x200006cf   Thumb Code     2  startup_mdr1986ve8t.o(.text)
    PendSV_Handler                           0x200006d1   Thumb Code     2  startup_mdr1986ve8t.o(.text)
    Systick_Handler                          0x200006d3   Thumb Code     2  startup_mdr1986ve8t.o(.text)
    FT_IF0_Handler                           0x200006d5   Thumb Code     2  startup_mdr1986ve8t.o(.text)
    FT_IF1_Handler                           0x200006d7   Thumb Code     2  startup_mdr1986ve8t.o(.text)
    FT_IF2_Handler                           0x200006d9   Thumb Code     2  startup_mdr1986ve8t.o(.text)
    FT_IF3_Handler                           0x200006db   Thumb Code     2  startup_mdr1986ve8t.o(.text)
    CLK_IF_Handler                           0x200006dd   Thumb Code     2  startup_mdr1986ve8t.o(.text)
    PVD_IF_Handler                           0x200006df   Thumb Code     2  startup_mdr1986ve8t.o(.text)
    RTC_IF_Handler                           0x200006e1   Thumb Code     2  startup_mdr1986ve8t.o(.text)
    BKP_IF_Handler                           0x200006e3   Thumb Code     2  startup_mdr1986ve8t.o(.text)
    EXT_INTERROR0_Handler                    0x200006e5   Thumb Code     2  startup_mdr1986ve8t.o(.text)
    EXT_INTERROR1_Handler                    0x200006e7   Thumb Code     2  startup_mdr1986ve8t.o(.text)
    EXT_INTERROR2_Handler                    0x200006e9   Thumb Code     2  startup_mdr1986ve8t.o(.text)
    EXT_INTERROR3_Handler                    0x200006eb   Thumb Code     2  startup_mdr1986ve8t.o(.text)
    EXT_INTERROR4_Handler                    0x200006ed   Thumb Code     2  startup_mdr1986ve8t.o(.text)
    EXT_INTERROR5_Handler                    0x200006ef   Thumb Code     2  startup_mdr1986ve8t.o(.text)
    EXT_INTERROR6_Handler                    0x200006f1   Thumb Code     2  startup_mdr1986ve8t.o(.text)
    EXT_INTERROR7_Handler                    0x200006f3   Thumb Code     2  startup_mdr1986ve8t.o(.text)
    IF_ERR_SCR_Handler                       0x200006f5   Thumb Code     2  startup_mdr1986ve8t.o(.text)
    IF_FIN_SCR_Handler                       0x200006f7   Thumb Code     2  startup_mdr1986ve8t.o(.text)
    DMA_ERR_Handler                          0x200006f9   Thumb Code     2  startup_mdr1986ve8t.o(.text)
    DMA_DONE0_Handler                        0x200006fb   Thumb Code     2  startup_mdr1986ve8t.o(.text)
    DMA_DONE1_Handler                        0x200006fd   Thumb Code     2  startup_mdr1986ve8t.o(.text)
    IRQ_PORTA_Handler                        0x200006ff   Thumb Code     2  startup_mdr1986ve8t.o(.text)
    IRQ_PORTB_Handler                        0x20000701   Thumb Code     2  startup_mdr1986ve8t.o(.text)
    IRQ_PORTC_Handler                        0x20000703   Thumb Code     2  startup_mdr1986ve8t.o(.text)
    IRQ_PORTD_Handler                        0x20000705   Thumb Code     2  startup_mdr1986ve8t.o(.text)
    IRQ_PORTE_Handler                        0x20000707   Thumb Code     2  startup_mdr1986ve8t.o(.text)
    IRQ_PORTF_Handler                        0x20000709   Thumb Code     2  startup_mdr1986ve8t.o(.text)
    INT_ETH0_Handler                         0x2000070b   Thumb Code     2  startup_mdr1986ve8t.o(.text)
    INT_ETH1_Handler                         0x2000070d   Thumb Code     2  startup_mdr1986ve8t.o(.text)
    INT_SPW0_Handler                         0x2000070f   Thumb Code     2  startup_mdr1986ve8t.o(.text)
    INT_SPW1_Handler                         0x20000711   Thumb Code     2  startup_mdr1986ve8t.o(.text)
    INT_TMR0_Handler                         0x20000713   Thumb Code     2  startup_mdr1986ve8t.o(.text)
    INT_TMR1_Handler                         0x20000715   Thumb Code     2  startup_mdr1986ve8t.o(.text)
    INT_TMR2_Handler                         0x20000717   Thumb Code     2  startup_mdr1986ve8t.o(.text)
    INT_TMR3_Handler                         0x20000719   Thumb Code     2  startup_mdr1986ve8t.o(.text)
    INT_TMR4_Handler                         0x2000071b   Thumb Code     2  startup_mdr1986ve8t.o(.text)
    INT_TMR5_Handler                         0x2000071d   Thumb Code     2  startup_mdr1986ve8t.o(.text)
    INT_CAN0_Handler                         0x2000071f   Thumb Code     2  startup_mdr1986ve8t.o(.text)
    INT_CAN1_Handler                         0x20000721   Thumb Code     2  startup_mdr1986ve8t.o(.text)
    INT_CAN2_Handler                         0x20000723   Thumb Code     2  startup_mdr1986ve8t.o(.text)
    INT_CAN3_Handler                         0x20000725   Thumb Code     2  startup_mdr1986ve8t.o(.text)
    INT_CAN4_Handler                         0x20000727   Thumb Code     2  startup_mdr1986ve8t.o(.text)
    INT_SSP0_Handler                         0x20000729   Thumb Code     2  startup_mdr1986ve8t.o(.text)
    INT_SSP1_Handler                         0x2000072b   Thumb Code     2  startup_mdr1986ve8t.o(.text)
    INT_SSP2_Handler                         0x2000072d   Thumb Code     2  startup_mdr1986ve8t.o(.text)
    INT_SSP3_Handler                         0x2000072f   Thumb Code     2  startup_mdr1986ve8t.o(.text)
    INT_UART1_Handler                        0x20000733   Thumb Code     2  startup_mdr1986ve8t.o(.text)
    INT_UART2_Handler                        0x20000735   Thumb Code     2  startup_mdr1986ve8t.o(.text)
    INT_UART3_Handler                        0x20000737   Thumb Code     2  startup_mdr1986ve8t.o(.text)
    INT_USB_Handler                          0x20000739   Thumb Code     2  startup_mdr1986ve8t.o(.text)
    INT_RX_ARC0_Handler                      0x2000073b   Thumb Code     2  startup_mdr1986ve8t.o(.text)
    INT_TX_ARC0_Handler                      0x2000073d   Thumb Code     2  startup_mdr1986ve8t.o(.text)
    INT_RX_ARC1_Handler                      0x2000073f   Thumb Code     2  startup_mdr1986ve8t.o(.text)
    INT_TX_ARC1_Handler                      0x20000741   Thumb Code     2  startup_mdr1986ve8t.o(.text)
    INT_MIL0_Handler                         0x20000743   Thumb Code     2  startup_mdr1986ve8t.o(.text)
    INT_MIL1_Handler                         0x20000745   Thumb Code     2  startup_mdr1986ve8t.o(.text)
    INT_ADC1_Handler                         0x20000749   Thumb Code     2  startup_mdr1986ve8t.o(.text)
    INT_DAC0_Handler                         0x2000074b   Thumb Code     2  startup_mdr1986ve8t.o(.text)
    INT_DAC1_Handler                         0x2000074d   Thumb Code     2  startup_mdr1986ve8t.o(.text)
    INT_CRYPTO_Handler                       0x2000074f   Thumb Code     2  startup_mdr1986ve8t.o(.text)
    INT_CRC_Handler                          0x20000751   Thumb Code     2  startup_mdr1986ve8t.o(.text)
    INT_ECC_Handler                          0x20000753   Thumb Code     2  startup_mdr1986ve8t.o(.text)
    __user_initial_stackheap                 0x20000755   Thumb Code     0  startup_mdr1986ve8t.o(.text)
    __aeabi_memcpy                           0x20000775   Thumb Code     0  rt_memcpy_v6.o(.text)
    __rt_memcpy                              0x20000775   Thumb Code   138  rt_memcpy_v6.o(.text)
    _memcpy_lastbytes                        0x200007db   Thumb Code     0  rt_memcpy_v6.o(.text)
    __use_two_region_memory                  0x200007ff   Thumb Code     2  heapauxi.o(.text)
    __rt_heap_escrow$2region                 0x20000801   Thumb Code     2  heapauxi.o(.text)
    __rt_heap_expand$2region                 0x20000803   Thumb Code     2  heapauxi.o(.text)
    __aeabi_memcpy4                          0x20000805   Thumb Code     0  rt_memcpy_w.o(.text)
    __aeabi_memcpy8                          0x20000805   Thumb Code     0  rt_memcpy_w.o(.text)
    __rt_memcpy_w                            0x20000805   Thumb Code   100  rt_memcpy_w.o(.text)
    _memcpy_lastbytes_aligned                0x2000084d   Thumb Code     0  rt_memcpy_w.o(.text)
    __user_setup_stackheap                   0x20000869   Thumb Code    74  sys_stackheap_outer.o(.text)
    exit                                     0x200008b3   Thumb Code    18  exit.o(.text)
    __user_libspace                          0x200008c5   Thumb Code     8  libspace.o(.text)
    __user_perproc_libspace                  0x200008c5   Thumb Code     0  libspace.o(.text)
    __user_perthread_libspace                0x200008c5   Thumb Code     0  libspace.o(.text)
    _sys_exit                                0x200008cd   Thumb Code     8  sys_exit.o(.text)
    __I$use$semihosting                      0x200008d9   Thumb Code     0  use_no_semi.o(.text)
    __use_no_semihosting_swi                 0x200008d9   Thumb Code     2  use_no_semi.o(.text)
    __semihosting_library_function           0x200008db   Thumb Code     0  indicate_semi.o(.text)
    auchCRCLo                                0x200008da   Data         256  uarts.o(.constdata)
    auchCRCHi                                0x200009da   Data         256  uarts.o(.constdata)
    Region$$Table$$Base                      0x20000adc   Number         0  anon$$obj.o(Region$$Table)
    Region$$Table$$Limit                     0x20000afc   Number         0  anon$$obj.o(Region$$Table)
    Rx0BuffPtr                               0x20004000   Data           1  uarts.o(.data)
    CRC16                                    0x20004002   Data           2  uarts.o(.data)
    ADCDataCnt                               0x20004004   Data           7  adc.o(.data)
    Rx0Buff                                  0x2000400c   Data         256  uarts.o(.bss)
    ADCData                                  0x2000410c   Data          14  adc.o(.bss)
    ADCDataSm                                0x2000411a   Data          14  adc.o(.bss)
    __libspace_start                         0x20004128   Data          96  libspace.o(.bss)
    __temporary_stack_top$libspace           0x20004188   Data           0  libspace.o(.bss)



==============================================================================

Memory Map of the image

  Image Entry point : 0x20000239

  Load Region LR_IROM1 (Base: 0x20000000, Size: 0x00000b08, Max: 0x00004000, ABSOLUTE)

    Execution Region ER_IROM1 (Exec base: 0x20000000, Load base: 0x20000000, Size: 0x00000afc, Max: 0x00004000, ABSOLUTE)

    Exec Addr    Load Addr    Size         Type   Attr      Idx    E Section Name        Object

    0x20000000   0x20000000   0x00000238   Data   RO          142    RESET               startup_mdr1986ve8t.o
    0x20000238   0x20000238   0x00000008   Code   RO          153  * !!!main             c_w.l(__main.o)
    0x20000240   0x20000240   0x00000034   Code   RO          312    !!!scatter          c_w.l(__scatter.o)
    0x20000274   0x20000274   0x0000001a   Code   RO          314    !!handler_copy      c_w.l(__scatter_copy.o)
    0x2000028e   0x2000028e   0x00000002   PAD
    0x20000290   0x20000290   0x0000001c   Code   RO          316    !!handler_zi        c_w.l(__scatter_zi.o)
    0x200002ac   0x200002ac   0x00000002   Code   RO          182    .ARM.Collect$$libinit$$00000000  c_w.l(libinit.o)
    0x200002ae   0x200002ae   0x00000000   Code   RO          189    .ARM.Collect$$libinit$$00000002  c_w.l(libinit2.o)
    0x200002ae   0x200002ae   0x00000000   Code   RO          191    .ARM.Collect$$libinit$$00000004  c_w.l(libinit2.o)
    0x200002ae   0x200002ae   0x00000000   Code   RO          194    .ARM.Collect$$libinit$$0000000A  c_w.l(libinit2.o)
    0x200002ae   0x200002ae   0x00000000   Code   RO          196    .ARM.Collect$$libinit$$0000000C  c_w.l(libinit2.o)
    0x200002ae   0x200002ae   0x00000000   Code   RO          198    .ARM.Collect$$libinit$$0000000E  c_w.l(libinit2.o)
    0x200002ae   0x200002ae   0x00000000   Code   RO          201    .ARM.Collect$$libinit$$00000011  c_w.l(libinit2.o)
    0x200002ae   0x200002ae   0x00000000   Code   RO          203    .ARM.Collect$$libinit$$00000013  c_w.l(libinit2.o)
    0x200002ae   0x200002ae   0x00000000   Code   RO          205    .ARM.Collect$$libinit$$00000015  c_w.l(libinit2.o)
    0x200002ae   0x200002ae   0x00000000   Code   RO          207    .ARM.Collect$$libinit$$00000017  c_w.l(libinit2.o)
    0x200002ae   0x200002ae   0x00000000   Code   RO          209    .ARM.Collect$$libinit$$00000019  c_w.l(libinit2.o)
    0x200002ae   0x200002ae   0x00000000   Code   RO          211    .ARM.Collect$$libinit$$0000001B  c_w.l(libinit2.o)
    0x200002ae   0x200002ae   0x00000000   Code   RO          213    .ARM.Collect$$libinit$$0000001D  c_w.l(libinit2.o)
    0x200002ae   0x200002ae   0x00000000   Code   RO          215    .ARM.Collect$$libinit$$0000001F  c_w.l(libinit2.o)
    0x200002ae   0x200002ae   0x00000000   Code   RO          217    .ARM.Collect$$libinit$$00000021  c_w.l(libinit2.o)
    0x200002ae   0x200002ae   0x00000000   Code   RO          219    .ARM.Collect$$libinit$$00000023  c_w.l(libinit2.o)
    0x200002ae   0x200002ae   0x00000000   Code   RO          221    .ARM.Collect$$libinit$$00000025  c_w.l(libinit2.o)
    0x200002ae   0x200002ae   0x00000000   Code   RO          225    .ARM.Collect$$libinit$$0000002C  c_w.l(libinit2.o)
    0x200002ae   0x200002ae   0x00000000   Code   RO          227    .ARM.Collect$$libinit$$0000002E  c_w.l(libinit2.o)
    0x200002ae   0x200002ae   0x00000000   Code   RO          229    .ARM.Collect$$libinit$$00000030  c_w.l(libinit2.o)
    0x200002ae   0x200002ae   0x00000000   Code   RO          231    .ARM.Collect$$libinit$$00000032  c_w.l(libinit2.o)
    0x200002ae   0x200002ae   0x00000002   Code   RO          232    .ARM.Collect$$libinit$$00000033  c_w.l(libinit2.o)
    0x200002b0   0x200002b0   0x00000002   Code   RO          252    .ARM.Collect$$libshutdown$$00000000  c_w.l(libshutdown.o)
    0x200002b2   0x200002b2   0x00000000   Code   RO          265    .ARM.Collect$$libshutdown$$00000002  c_w.l(libshutdown2.o)
    0x200002b2   0x200002b2   0x00000000   Code   RO          267    .ARM.Collect$$libshutdown$$00000004  c_w.l(libshutdown2.o)
    0x200002b2   0x200002b2   0x00000000   Code   RO          270    .ARM.Collect$$libshutdown$$00000007  c_w.l(libshutdown2.o)
    0x200002b2   0x200002b2   0x00000000   Code   RO          273    .ARM.Collect$$libshutdown$$0000000A  c_w.l(libshutdown2.o)
    0x200002b2   0x200002b2   0x00000000   Code   RO          275    .ARM.Collect$$libshutdown$$0000000C  c_w.l(libshutdown2.o)
    0x200002b2   0x200002b2   0x00000000   Code   RO          278    .ARM.Collect$$libshutdown$$0000000F  c_w.l(libshutdown2.o)
    0x200002b2   0x200002b2   0x00000002   Code   RO          279    .ARM.Collect$$libshutdown$$00000010  c_w.l(libshutdown2.o)
    0x200002b4   0x200002b4   0x00000000   Code   RO          155    .ARM.Collect$$rtentry$$00000000  c_w.l(__rtentry.o)
    0x200002b4   0x200002b4   0x00000000   Code   RO          159    .ARM.Collect$$rtentry$$00000002  c_w.l(__rtentry2.o)
    0x200002b4   0x200002b4   0x00000006   Code   RO          171    .ARM.Collect$$rtentry$$00000004  c_w.l(__rtentry4.o)
    0x200002ba   0x200002ba   0x00000000   Code   RO          161    .ARM.Collect$$rtentry$$00000009  c_w.l(__rtentry2.o)
    0x200002ba   0x200002ba   0x00000004   Code   RO          162    .ARM.Collect$$rtentry$$0000000A  c_w.l(__rtentry2.o)
    0x200002be   0x200002be   0x00000000   Code   RO          164    .ARM.Collect$$rtentry$$0000000C  c_w.l(__rtentry2.o)
    0x200002be   0x200002be   0x00000008   Code   RO          165    .ARM.Collect$$rtentry$$0000000D  c_w.l(__rtentry2.o)
    0x200002c6   0x200002c6   0x00000002   Code   RO          186    .ARM.Collect$$rtexit$$00000000  c_w.l(rtexit.o)
    0x200002c8   0x200002c8   0x00000000   Code   RO          234    .ARM.Collect$$rtexit$$00000002  c_w.l(rtexit2.o)
    0x200002c8   0x200002c8   0x00000004   Code   RO          235    .ARM.Collect$$rtexit$$00000003  c_w.l(rtexit2.o)
    0x200002cc   0x200002cc   0x00000006   Code   RO          236    .ARM.Collect$$rtexit$$00000004  c_w.l(rtexit2.o)
    0x200002d2   0x200002d2   0x00000002   PAD
    0x200002d4   0x200002d4   0x000000d4   Code   RO           25    .text               main.o
    0x200003a8   0x200003a8   0x000001ec   Code   RO           93    .text               uarts.o
    0x20000594   0x20000594   0x0000012c   Code   RO          113    .text               adc.o
    0x200006c0   0x200006c0   0x000000b4   Code   RO          143    .text               startup_mdr1986ve8t.o
    0x20000774   0x20000774   0x0000008a   Code   RO          149    .text               c_w.l(rt_memcpy_v6.o)
    0x200007fe   0x200007fe   0x00000006   Code   RO          151    .text               c_w.l(heapauxi.o)
    0x20000804   0x20000804   0x00000064   Code   RO          156    .text               c_w.l(rt_memcpy_w.o)
    0x20000868   0x20000868   0x0000004a   Code   RO          173    .text               c_w.l(sys_stackheap_outer.o)
    0x200008b2   0x200008b2   0x00000012   Code   RO          175    .text               c_w.l(exit.o)
    0x200008c4   0x200008c4   0x00000008   Code   RO          183    .text               c_w.l(libspace.o)
    0x200008cc   0x200008cc   0x0000000c   Code   RO          244    .text               c_w.l(sys_exit.o)
    0x200008d8   0x200008d8   0x00000002   Code   RO          255    .text               c_w.l(use_no_semi.o)
    0x200008da   0x200008da   0x00000000   Code   RO          257    .text               c_w.l(indicate_semi.o)
    0x200008da   0x200008da   0x00000200   Data   RO           95    .constdata          uarts.o
    0x20000ada   0x20000ada   0x00000002   PAD
    0x20000adc   0x20000adc   0x00000020   Data   RO          310    Region$$Table       anon$$obj.o


    Execution Region RW_IRAM1 (Exec base: 0x20004000, Load base: 0x20000afc, Size: 0x00000988, Max: 0x00004000, ABSOLUTE)

    Exec Addr    Load Addr    Size         Type   Attr      Idx    E Section Name        Object

    0x20004000   0x20000afc   0x00000004   Data   RW           96    .data               uarts.o
    0x20004004   0x20000b00   0x00000007   Data   RW          115    .data               adc.o
    0x2000400b   0x20000b07   0x00000001   PAD
    0x2000400c        -       0x00000100   Zero   RW           94    .bss                uarts.o
    0x2000410c        -       0x0000001c   Zero   RW          114    .bss                adc.o
    0x20004128        -       0x00000060   Zero   RW          184    .bss                c_w.l(libspace.o)
    0x20004188        -       0x00000400   Zero   RW          141    HEAP                startup_mdr1986ve8t.o
    0x20004588        -       0x00000400   Zero   RW          140    STACK               startup_mdr1986ve8t.o


==============================================================================

Image component sizes


      Code (inc. data)   RO Data    RW Data    ZI Data      Debug   Object Name

       300         28          0          7         28       1559   adc.o
         0          0          0          0          0         32   core_cm4.o
       212         32          0          0          0        563   main.o
       180         22        568          0       2048       3568   startup_mdr1986ve8t.o
         0          0          0          0          0      32828   sysinit.o
       492         44        512          4        256      13138   uarts.o

    ----------------------------------------------------------------------
      1184        126       1114         12       2332      51688   Object Totals
         0          0         32          0          0          0   (incl. Generated)
         0          0          2          1          0          0   (incl. Padding)

    ----------------------------------------------------------------------

      Code (inc. data)   RO Data    RW Data    ZI Data      Debug   Library Member Name

         8          0          0          0          0         68   __main.o
         0          0          0          0          0          0   __rtentry.o
        12          0          0          0          0          0   __rtentry2.o
         6          0          0          0          0          0   __rtentry4.o
        52          8          0          0          0          0   __scatter.o
        26          0          0          0          0          0   __scatter_copy.o
        28          0          0          0          0          0   __scatter_zi.o
        18          0          0          0          0         80   exit.o
         6          0          0          0          0        152   heapauxi.o
         0          0          0          0          0          0   indicate_semi.o
         2          0          0          0          0          0   libinit.o
         2          0          0          0          0          0   libinit2.o
         2          0          0          0          0          0   libshutdown.o
         2          0          0          0          0          0   libshutdown2.o
         8          4          0          0         96         68   libspace.o
       138          0          0          0          0         68   rt_memcpy_v6.o
       100          0          0          0          0         80   rt_memcpy_w.o
         2          0          0          0          0          0   rtexit.o
        10          0          0          0          0          0   rtexit2.o
        12          4          0          0          0         68   sys_exit.o
        74          0          0          0          0         80   sys_stackheap_outer.o
         2          0          0          0          0         68   use_no_semi.o

    ----------------------------------------------------------------------
       514         16          0          0         96        732   Library Totals
         4          0          0          0          0          0   (incl. Padding)

    ----------------------------------------------------------------------

      Code (inc. data)   RO Data    RW Data    ZI Data      Debug   Library Name

       510         16          0          0         96        732   c_w.l

    ----------------------------------------------------------------------
       514         16          0          0         96        732   Library Totals

    ----------------------------------------------------------------------

==============================================================================


      Code (inc. data)   RO Data    RW Data    ZI Data      Debug   

      1698        142       1114         12       2428      52104   Grand Totals
      1698        142       1114         12       2428      52104   ELF Image Totals
      1698        142       1114         12          0          0   ROM Totals

==============================================================================

    Total RO  Size (Code + RO Data)                 2812 (   2.75kB)
    Total RW  Size (RW Data + ZI Data)              2440 (   2.38kB)
    Total ROM Size (Code + RO Data + RW Data)       2824 (   2.76kB)

==============================================================================

