Component: ARM Compiler 5.06 update 6 (build 750) Tool: armlink [4d35ed]

==============================================================================

Section Cross References

    sysinit.o(.text) refers to startup_mdr1986ve8t.o(RESET) for __Vectors
    main.o(.text) refers to _printf_percent.o(.ARM.Collect$$_printf_percent$$00000000) for _printf_percent
    main.o(.text) refers to _printf_x.o(.ARM.Collect$$_printf_percent$$0000000C) for _printf_x
    main.o(.text) refers to _printf_hex_int.o(.text) for _printf_longlong_hex
    main.o(.text) refers to sysinit.o(.text) for System_Init
    main.o(.text) refers to timer.o(.text) for Timers_Init
    main.o(.text) refers to uarts.o(.text) for UART0_Init
    main.o(.text) refers to adc.o(.text) for ADC_Init
    main.o(.text) refers to noretval__2sprintf.o(.text) for __2sprintf
    main.o(.text) refers to strlen.o(.text) for strlen
    main.o(.text) refers to rt_memcpy_v6.o(.text) for __aeabi_memcpy
    main.o(.text) refers to main.o(.bss) for Buff
    main.o(.text) refers to main.o(.data) for i
    main.o(.text) refers to adc.o(.bss) for ADCData
    main.o(.text) refers to adc.o(.data) for ADCDataPtr
    eerom.o(.text) refers to eerom.o(.bss) for EEProgHeader
    uarts.o(.text) refers to rt_memcpy_v6.o(.text) for __aeabi_memcpy
    uarts.o(.text) refers to uarts.o(.data) for Rx0BuffPtr
    uarts.o(.text) refers to uarts.o(.constdata) for auchCRCHi
    uarts.o(.text) refers to uarts.o(.bss) for Rx0Buff
    adc.o(.text) refers to adc.o(.data) for ChList
    adc.o(.text) refers to adc.o(.bss) for ADCSample
    timer.o(.text) refers to dflt_clz.o(x$fpl$dfltu) for __aeabi_ui2d
    timer.o(.text) refers to dmul.o(x$fpl$dmul) for __aeabi_dmul
    timer.o(.text) refers to dfixu.o(x$fpl$dfixu) for __aeabi_d2uiz
    timer.o(.text) refers to timer.o(.data) for time_ARR
    startup_mdr1986ve8t.o(STACK) refers (Special) to heapauxi.o(.text) for __use_two_region_memory
    startup_mdr1986ve8t.o(HEAP) refers (Special) to heapauxi.o(.text) for __use_two_region_memory
    startup_mdr1986ve8t.o(RESET) refers (Special) to heapauxi.o(.text) for __use_two_region_memory
    startup_mdr1986ve8t.o(RESET) refers to startup_mdr1986ve8t.o(STACK) for __initial_sp
    startup_mdr1986ve8t.o(RESET) refers to startup_mdr1986ve8t.o(.text) for Reset_Handler
    startup_mdr1986ve8t.o(RESET) refers to adc.o(.text) for INT_TMR1_Handler
    startup_mdr1986ve8t.o(RESET) refers to timer.o(.text) for INT_TMR3_Handler
    startup_mdr1986ve8t.o(RESET) refers to uarts.o(.text) for INT_UART0_Handler
    startup_mdr1986ve8t.o(.text) refers (Special) to heapauxi.o(.text) for __use_two_region_memory
    startup_mdr1986ve8t.o(.text) refers to __main.o(!!!main) for __main
    startup_mdr1986ve8t.o(.text) refers to startup_mdr1986ve8t.o(HEAP) for Heap_Mem
    startup_mdr1986ve8t.o(.text) refers to startup_mdr1986ve8t.o(STACK) for Stack_Mem
    __2sprintf.o(.text) refers to _printf_char_common.o(.text) for _printf_char_common
    __2sprintf.o(.text) refers to _sputc.o(.text) for _sputc
    noretval__2sprintf.o(.text) refers to _printf_char_common.o(.text) for _printf_char_common
    noretval__2sprintf.o(.text) refers to _sputc.o(.text) for _sputc
    __printf.o(.text) refers to _printf_percent.o(.ARM.Collect$$_printf_percent$$00000000) for _printf_percent
    _printf_hex_ll.o(.text) refers to _printf_intcommon.o(.text) for _printf_int_common
    _printf_hex_ll.o(.text) refers to _printf_hex_ll.o(.constdata) for .constdata
    _printf_hex_int.o(.text) refers to _printf_intcommon.o(.text) for _printf_int_common
    _printf_hex_int.o(.text) refers to _printf_hex_int.o(.constdata) for .constdata
    _printf_hex_int_ll.o(.text) refers to _printf_intcommon.o(.text) for _printf_int_common
    _printf_hex_int_ll.o(.text) refers to _printf_hex_int_ll.o(.constdata) for .constdata
    _printf_hex_ptr.o(.text) refers to _printf_intcommon.o(.text) for _printf_int_common
    _printf_hex_ptr.o(.text) refers to _printf_hex_ptr.o(.constdata) for .constdata
    _printf_hex_int_ptr.o(.text) refers to _printf_intcommon.o(.text) for _printf_int_common
    _printf_hex_int_ptr.o(.text) refers to _printf_hex_int_ptr.o(.constdata) for .constdata
    _printf_hex_ll_ptr.o(.text) refers to _printf_intcommon.o(.text) for _printf_int_common
    _printf_hex_ll_ptr.o(.text) refers to _printf_hex_ll_ptr.o(.constdata) for .constdata
    _printf_hex_int_ll_ptr.o(.text) refers to _printf_intcommon.o(.text) for _printf_int_common
    _printf_hex_int_ll_ptr.o(.text) refers to _printf_hex_int_ll_ptr.o(.constdata) for .constdata
    __printf_flags.o(.text) refers to _printf_percent.o(.ARM.Collect$$_printf_percent$$00000000) for _printf_percent
    __printf_flags.o(.text) refers to __printf_flags.o(.constdata) for .constdata
    __printf_ss.o(.text) refers to _printf_percent.o(.ARM.Collect$$_printf_percent$$00000000) for _printf_percent
    __printf_flags_ss.o(.text) refers to _printf_percent.o(.ARM.Collect$$_printf_percent$$00000000) for _printf_percent
    __printf_flags_ss.o(.text) refers to __printf_flags_ss.o(.constdata) for .constdata
    __printf_wp.o(.text) refers to __printf_wp.o(i._is_digit) for _is_digit
    __printf_wp.o(.text) refers to _printf_percent.o(.ARM.Collect$$_printf_percent$$00000000) for _printf_percent
    __printf_flags_wp.o(.text) refers to __printf_wp.o(i._is_digit) for _is_digit
    __printf_flags_wp.o(.text) refers to _printf_percent.o(.ARM.Collect$$_printf_percent$$00000000) for _printf_percent
    __printf_flags_wp.o(.text) refers to __printf_flags_wp.o(.constdata) for .constdata
    __printf_ss_wp.o(.text) refers to __printf_wp.o(i._is_digit) for _is_digit
    __printf_ss_wp.o(.text) refers to _printf_percent.o(.ARM.Collect$$_printf_percent$$00000000) for _printf_percent
    __printf_flags_ss_wp.o(.text) refers to __printf_wp.o(i._is_digit) for _is_digit
    __printf_flags_ss_wp.o(.text) refers to _printf_percent.o(.ARM.Collect$$_printf_percent$$00000000) for _printf_percent
    __printf_flags_ss_wp.o(.text) refers to __printf_flags_ss_wp.o(.constdata) for .constdata
    _printf_x.o(.ARM.Collect$$_printf_percent$$0000000C) refers (Weak) to _printf_hex_int.o(.text) for _printf_int_hex
    _printf_percent.o(.ARM.Collect$$_printf_percent$$00000000) refers (Special) to _printf_percent_end.o(.ARM.Collect$$_printf_percent$$00000017) for _printf_percent_end
    rt_memcpy_v6.o(.text) refers to rt_memcpy_w.o(.text) for __aeabi_memcpy4
    __main.o(!!!main) refers to __rtentry.o(.ARM.Collect$$rtentry$$00000000) for __rt_entry
    dfixu.o(x$fpl$dfixu) refers (Special) to usenofp.o(x$fpl$usenofp) for __I$use$fp
    dfixu.o(x$fpl$dfixu) refers to dnaninf.o(x$fpl$dnaninf) for __fpl_dnaninf
    dfixu.o(x$fpl$dfixur) refers (Special) to usenofp.o(x$fpl$usenofp) for __I$use$fp
    dfixu.o(x$fpl$dfixur) refers to dnaninf.o(x$fpl$dnaninf) for __fpl_dnaninf
    dflt_clz.o(x$fpl$dfltu) refers (Special) to usenofp.o(x$fpl$usenofp) for __I$use$fp
    dflt_clz.o(x$fpl$dflt) refers (Special) to usenofp.o(x$fpl$usenofp) for __I$use$fp
    dflt_clz.o(x$fpl$dfltn) refers (Special) to usenofp.o(x$fpl$usenofp) for __I$use$fp
    dmul.o(x$fpl$dmul) refers (Special) to usenofp.o(x$fpl$usenofp) for __I$use$fp
    dmul.o(x$fpl$dmul) refers to dretinf.o(x$fpl$dretinf) for __fpl_dretinf
    dmul.o(x$fpl$dmul) refers to dnaninf.o(x$fpl$dnaninf) for __fpl_dnaninf
    __rtentry.o(.ARM.Collect$$rtentry$$00000000) refers (Special) to __rtentry2.o(.ARM.Collect$$rtentry$$0000000A) for __rt_entry_li
    __rtentry.o(.ARM.Collect$$rtentry$$00000000) refers (Special) to __rtentry2.o(.ARM.Collect$$rtentry$$0000000D) for __rt_entry_main
    __rtentry.o(.ARM.Collect$$rtentry$$00000000) refers (Special) to __rtentry2.o(.ARM.Collect$$rtentry$$0000000C) for __rt_entry_postli_1
    __rtentry.o(.ARM.Collect$$rtentry$$00000000) refers (Special) to __rtentry2.o(.ARM.Collect$$rtentry$$00000009) for __rt_entry_postsh_1
    __rtentry.o(.ARM.Collect$$rtentry$$00000000) refers (Special) to __rtentry2.o(.ARM.Collect$$rtentry$$00000002) for __rt_entry_presh_1
    __rtentry.o(.ARM.Collect$$rtentry$$00000000) refers (Special) to __rtentry4.o(.ARM.Collect$$rtentry$$00000004) for __rt_entry_sh
    _printf_char_common.o(.text) refers to __printf.o(.text) for __printf
    dnaninf.o(x$fpl$dnaninf) refers (Special) to usenofp.o(x$fpl$usenofp) for __I$use$fp
    dretinf.o(x$fpl$dretinf) refers (Special) to usenofp.o(x$fpl$usenofp) for __I$use$fp
    __rtentry2.o(.ARM.Collect$$rtentry$$00000008) refers to boardinit2.o(.text) for _platform_post_stackheap_init
    __rtentry2.o(.ARM.Collect$$rtentry$$0000000A) refers to libinit.o(.ARM.Collect$$libinit$$00000000) for __rt_lib_init
    __rtentry2.o(.ARM.Collect$$rtentry$$0000000B) refers to boardinit3.o(.text) for _platform_post_lib_init
    __rtentry2.o(.ARM.Collect$$rtentry$$0000000D) refers to main.o(.text) for main
    __rtentry2.o(.ARM.Collect$$rtentry$$0000000D) refers to exit.o(.text) for exit
    __rtentry2.o(.ARM.exidx) refers to __rtentry2.o(.ARM.Collect$$rtentry$$00000001) for .ARM.Collect$$rtentry$$00000001
    __rtentry2.o(.ARM.exidx) refers to __rtentry2.o(.ARM.Collect$$rtentry$$00000008) for .ARM.Collect$$rtentry$$00000008
    __rtentry2.o(.ARM.exidx) refers to __rtentry2.o(.ARM.Collect$$rtentry$$0000000A) for .ARM.Collect$$rtentry$$0000000A
    __rtentry2.o(.ARM.exidx) refers to __rtentry2.o(.ARM.Collect$$rtentry$$0000000B) for .ARM.Collect$$rtentry$$0000000B
    __rtentry2.o(.ARM.exidx) refers to __rtentry2.o(.ARM.Collect$$rtentry$$0000000D) for .ARM.Collect$$rtentry$$0000000D
    __rtentry4.o(.ARM.Collect$$rtentry$$00000004) refers to sys_stackheap_outer.o(.text) for __user_setup_stackheap
    __rtentry4.o(.ARM.exidx) refers to __rtentry4.o(.ARM.Collect$$rtentry$$00000004) for .ARM.Collect$$rtentry$$00000004
    sys_stackheap_outer.o(.text) refers to libspace.o(.text) for __user_perproc_libspace
    sys_stackheap_outer.o(.text) refers to startup_mdr1986ve8t.o(.text) for __user_initial_stackheap
    exit.o(.text) refers to rtexit.o(.ARM.Collect$$rtexit$$00000000) for __rt_exit
    libinit.o(.ARM.Collect$$libinit$$00000000) refers (Special) to libinit2.o(.ARM.Collect$$libinit$$0000002E) for __rt_lib_init_alloca_1
    libinit.o(.ARM.Collect$$libinit$$00000000) refers (Special) to libinit2.o(.ARM.Collect$$libinit$$0000002C) for __rt_lib_init_argv_1
    libinit.o(.ARM.Collect$$libinit$$00000000) refers (Special) to libinit2.o(.ARM.Collect$$libinit$$0000001B) for __rt_lib_init_atexit_1
    libinit.o(.ARM.Collect$$libinit$$00000000) refers (Special) to libinit2.o(.ARM.Collect$$libinit$$00000021) for __rt_lib_init_clock_1
    libinit.o(.ARM.Collect$$libinit$$00000000) refers (Special) to libinit2.o(.ARM.Collect$$libinit$$00000032) for __rt_lib_init_cpp_1
    libinit.o(.ARM.Collect$$libinit$$00000000) refers (Special) to libinit2.o(.ARM.Collect$$libinit$$00000030) for __rt_lib_init_exceptions_1
    libinit.o(.ARM.Collect$$libinit$$00000000) refers (Special) to libinit2.o(.ARM.Collect$$libinit$$00000002) for __rt_lib_init_fp_1
    libinit.o(.ARM.Collect$$libinit$$00000000) refers (Special) to libinit2.o(.ARM.Collect$$libinit$$0000001F) for __rt_lib_init_fp_trap_1
    libinit.o(.ARM.Collect$$libinit$$00000000) refers (Special) to libinit2.o(.ARM.Collect$$libinit$$00000023) for __rt_lib_init_getenv_1
    libinit.o(.ARM.Collect$$libinit$$00000000) refers (Special) to libinit2.o(.ARM.Collect$$libinit$$0000000A) for __rt_lib_init_heap_1
    libinit.o(.ARM.Collect$$libinit$$00000000) refers (Special) to libinit2.o(.ARM.Collect$$libinit$$00000011) for __rt_lib_init_lc_collate_1
    libinit.o(.ARM.Collect$$libinit$$00000000) refers (Special) to libinit2.o(.ARM.Collect$$libinit$$00000013) for __rt_lib_init_lc_ctype_1
    libinit.o(.ARM.Collect$$libinit$$00000000) refers (Special) to libinit2.o(.ARM.Collect$$libinit$$00000015) for __rt_lib_init_lc_monetary_1
    libinit.o(.ARM.Collect$$libinit$$00000000) refers (Special) to libinit2.o(.ARM.Collect$$libinit$$00000017) for __rt_lib_init_lc_numeric_1
    libinit.o(.ARM.Collect$$libinit$$00000000) refers (Special) to libinit2.o(.ARM.Collect$$libinit$$00000019) for __rt_lib_init_lc_time_1
    libinit.o(.ARM.Collect$$libinit$$00000000) refers (Special) to libinit2.o(.ARM.Collect$$libinit$$00000004) for __rt_lib_init_preinit_1
    libinit.o(.ARM.Collect$$libinit$$00000000) refers (Special) to libinit2.o(.ARM.Collect$$libinit$$0000000E) for __rt_lib_init_rand_1
    libinit.o(.ARM.Collect$$libinit$$00000000) refers (Special) to libinit2.o(.ARM.Collect$$libinit$$00000033) for __rt_lib_init_return
    libinit.o(.ARM.Collect$$libinit$$00000000) refers (Special) to libinit2.o(.ARM.Collect$$libinit$$0000001D) for __rt_lib_init_signal_1
    libinit.o(.ARM.Collect$$libinit$$00000000) refers (Special) to libinit2.o(.ARM.Collect$$libinit$$00000025) for __rt_lib_init_stdio_1
    libinit.o(.ARM.Collect$$libinit$$00000000) refers (Special) to libinit2.o(.ARM.Collect$$libinit$$0000000C) for __rt_lib_init_user_alloc_1
    libspace.o(.text) refers to libspace.o(.bss) for __libspace_start
    rtexit.o(.ARM.Collect$$rtexit$$00000000) refers (Special) to rtexit2.o(.ARM.Collect$$rtexit$$00000004) for __rt_exit_exit
    rtexit.o(.ARM.Collect$$rtexit$$00000000) refers (Special) to rtexit2.o(.ARM.Collect$$rtexit$$00000003) for __rt_exit_ls
    rtexit.o(.ARM.Collect$$rtexit$$00000000) refers (Special) to rtexit2.o(.ARM.Collect$$rtexit$$00000002) for __rt_exit_prels_1
    rtexit.o(.ARM.exidx) refers (Special) to rtexit2.o(.ARM.Collect$$rtexit$$00000004) for __rt_exit_exit
    rtexit.o(.ARM.exidx) refers (Special) to rtexit2.o(.ARM.Collect$$rtexit$$00000003) for __rt_exit_ls
    rtexit.o(.ARM.exidx) refers (Special) to rtexit2.o(.ARM.Collect$$rtexit$$00000002) for __rt_exit_prels_1
    rtexit.o(.ARM.exidx) refers to rtexit.o(.ARM.Collect$$rtexit$$00000000) for .ARM.Collect$$rtexit$$00000000
    libinit2.o(.ARM.Collect$$libinit$$00000010) refers to libinit2.o(.ARM.Collect$$libinit$$0000000F) for .ARM.Collect$$libinit$$0000000F
    libinit2.o(.ARM.Collect$$libinit$$00000012) refers to libinit2.o(.ARM.Collect$$libinit$$0000000F) for .ARM.Collect$$libinit$$0000000F
    libinit2.o(.ARM.Collect$$libinit$$00000014) refers to libinit2.o(.ARM.Collect$$libinit$$0000000F) for .ARM.Collect$$libinit$$0000000F
    libinit2.o(.ARM.Collect$$libinit$$00000016) refers to libinit2.o(.ARM.Collect$$libinit$$0000000F) for .ARM.Collect$$libinit$$0000000F
    libinit2.o(.ARM.Collect$$libinit$$00000018) refers to libinit2.o(.ARM.Collect$$libinit$$0000000F) for .ARM.Collect$$libinit$$0000000F
    libinit2.o(.ARM.Collect$$libinit$$00000026) refers to argv_veneer.o(.emb_text) for __ARM_argv_veneer
    libinit2.o(.ARM.Collect$$libinit$$00000027) refers to argv_veneer.o(.emb_text) for __ARM_argv_veneer
    rtexit2.o(.ARM.Collect$$rtexit$$00000003) refers to libshutdown.o(.ARM.Collect$$libshutdown$$00000000) for __rt_lib_shutdown
    rtexit2.o(.ARM.Collect$$rtexit$$00000004) refers to sys_exit.o(.text) for _sys_exit
    rtexit2.o(.ARM.exidx) refers to rtexit2.o(.ARM.Collect$$rtexit$$00000001) for .ARM.Collect$$rtexit$$00000001
    rtexit2.o(.ARM.exidx) refers to rtexit2.o(.ARM.Collect$$rtexit$$00000003) for .ARM.Collect$$rtexit$$00000003
    rtexit2.o(.ARM.exidx) refers to rtexit2.o(.ARM.Collect$$rtexit$$00000004) for .ARM.Collect$$rtexit$$00000004
    argv_veneer.o(.emb_text) refers to no_argv.o(.text) for __ARM_get_argv
    sys_exit.o(.text) refers (Special) to use_no_semi.o(.text) for __I$use$semihosting
    sys_exit.o(.text) refers (Special) to indicate_semi.o(.text) for __semihosting_library_function
    _get_argv_nomalloc.o(.text) refers (Special) to hrguard.o(.text) for __heap_region$guard
    _get_argv_nomalloc.o(.text) refers to defsig_rtmem_outer.o(.text) for __rt_SIGRTMEM
    _get_argv_nomalloc.o(.text) refers to sys_command.o(.text) for _sys_command_string
    libshutdown.o(.ARM.Collect$$libshutdown$$00000000) refers (Special) to libshutdown2.o(.ARM.Collect$$libshutdown$$00000002) for __rt_lib_shutdown_cpp_1
    libshutdown.o(.ARM.Collect$$libshutdown$$00000000) refers (Special) to libshutdown2.o(.ARM.Collect$$libshutdown$$00000007) for __rt_lib_shutdown_fp_trap_1
    libshutdown.o(.ARM.Collect$$libshutdown$$00000000) refers (Special) to libshutdown2.o(.ARM.Collect$$libshutdown$$0000000F) for __rt_lib_shutdown_heap_1
    libshutdown.o(.ARM.Collect$$libshutdown$$00000000) refers (Special) to libshutdown2.o(.ARM.Collect$$libshutdown$$00000010) for __rt_lib_shutdown_return
    libshutdown.o(.ARM.Collect$$libshutdown$$00000000) refers (Special) to libshutdown2.o(.ARM.Collect$$libshutdown$$0000000A) for __rt_lib_shutdown_signal_1
    libshutdown.o(.ARM.Collect$$libshutdown$$00000000) refers (Special) to libshutdown2.o(.ARM.Collect$$libshutdown$$00000004) for __rt_lib_shutdown_stdio_1
    libshutdown.o(.ARM.Collect$$libshutdown$$00000000) refers (Special) to libshutdown2.o(.ARM.Collect$$libshutdown$$0000000C) for __rt_lib_shutdown_user_alloc_1
    sys_command.o(.text) refers (Special) to use_no_semi.o(.text) for __I$use$semihosting
    sys_command.o(.text) refers (Special) to indicate_semi.o(.text) for __semihosting_library_function
    defsig_rtmem_outer.o(.text) refers to defsig_rtmem_inner.o(.text) for __rt_SIGRTMEM_inner
    defsig_rtmem_outer.o(.text) refers to defsig_exit.o(.text) for __sig_exit
    defsig_rtmem_formal.o(.text) refers to rt_raise.o(.text) for __rt_raise
    rt_raise.o(.text) refers to __raise.o(.text) for __raise
    rt_raise.o(.text) refers to sys_exit.o(.text) for _sys_exit
    defsig_exit.o(.text) refers to sys_exit.o(.text) for _sys_exit
    defsig_rtmem_inner.o(.text) refers to defsig_general.o(.text) for __default_signal_display
    __raise.o(.text) refers to defsig.o(CL$$defsig) for __default_signal_handler
    defsig_general.o(.text) refers to sys_wrch.o(.text) for _ttywrch
    sys_wrch.o(.text) refers (Special) to use_no_semi.o(.text) for __I$use$semihosting
    sys_wrch.o(.text) refers (Special) to indicate_semi.o(.text) for __semihosting_library_function
    defsig.o(CL$$defsig) refers to defsig_rtmem_inner.o(.text) for __rt_SIGRTMEM_inner
    defsig_abrt_inner.o(.text) refers to defsig_general.o(.text) for __default_signal_display
    defsig_fpe_inner.o(.text) refers to defsig_general.o(.text) for __default_signal_display
    defsig_rtred_inner.o(.text) refers to defsig_general.o(.text) for __default_signal_display
    defsig_stak_inner.o(.text) refers to defsig_general.o(.text) for __default_signal_display
    defsig_pvfn_inner.o(.text) refers to defsig_general.o(.text) for __default_signal_display
    defsig_cppl_inner.o(.text) refers to defsig_general.o(.text) for __default_signal_display
    defsig_segv_inner.o(.text) refers to defsig_general.o(.text) for __default_signal_display
    defsig_other.o(.text) refers to defsig_general.o(.text) for __default_signal_display


==============================================================================

Removing Unused input sections from the image.

    Removing eerom.o(.text), (520 bytes).
    Removing eerom.o(.bss), (20 bytes).
    Removing wdt.o(.text), (118 bytes).
    Removing test.o(.text), (24 bytes).
    Removing core_cm4.o(.emb_text), (32 bytes).

5 unused section(s) (total 714 bytes) removed from the image.

==============================================================================

Image Symbol Table

    Local Symbols

    Symbol Name                              Value     Ov Type        Size  Object(Section)

    ../clib/angel/boardlib.s                 0x00000000   Number         0  boardinit1.o ABSOLUTE
    ../clib/angel/boardlib.s                 0x00000000   Number         0  boardinit2.o ABSOLUTE
    ../clib/angel/boardlib.s                 0x00000000   Number         0  boardinit3.o ABSOLUTE
    ../clib/angel/boardlib.s                 0x00000000   Number         0  boardshut.o ABSOLUTE
    ../clib/angel/handlers.s                 0x00000000   Number         0  __scatter_copy.o ABSOLUTE
    ../clib/angel/handlers.s                 0x00000000   Number         0  __scatter_zi.o ABSOLUTE
    ../clib/angel/kernel.s                   0x00000000   Number         0  __rtentry2.o ABSOLUTE
    ../clib/angel/kernel.s                   0x00000000   Number         0  __rtentry4.o ABSOLUTE
    ../clib/angel/kernel.s                   0x00000000   Number         0  rtexit2.o ABSOLUTE
    ../clib/angel/kernel.s                   0x00000000   Number         0  rtexit.o ABSOLUTE
    ../clib/angel/kernel.s                   0x00000000   Number         0  __rtentry.o ABSOLUTE
    ../clib/angel/rt.s                       0x00000000   Number         0  rt_raise.o ABSOLUTE
    ../clib/angel/scatter.s                  0x00000000   Number         0  __scatter.o ABSOLUTE
    ../clib/angel/startup.s                  0x00000000   Number         0  __main.o ABSOLUTE
    ../clib/angel/sys.s                      0x00000000   Number         0  sys_stackheap_outer.o ABSOLUTE
    ../clib/angel/sys.s                      0x00000000   Number         0  libspace.o ABSOLUTE
    ../clib/angel/sys.s                      0x00000000   Number         0  indicate_semi.o ABSOLUTE
    ../clib/angel/sys.s                      0x00000000   Number         0  use_no_semi.o ABSOLUTE
    ../clib/angel/sysapp.c                   0x00000000   Number         0  sys_exit.o ABSOLUTE
    ../clib/angel/sysapp.c                   0x00000000   Number         0  sys_wrch.o ABSOLUTE
    ../clib/angel/sysapp.c                   0x00000000   Number         0  sys_command.o ABSOLUTE
    ../clib/armsys.c                         0x00000000   Number         0  _get_argv_nomalloc.o ABSOLUTE
    ../clib/armsys.c                         0x00000000   Number         0  argv_veneer.o ABSOLUTE
    ../clib/armsys.c                         0x00000000   Number         0  no_argv.o ABSOLUTE
    ../clib/armsys.c                         0x00000000   Number         0  argv_veneer.o ABSOLUTE
    ../clib/heapalloc.c                      0x00000000   Number         0  hrguard.o ABSOLUTE
    ../clib/heapaux.c                        0x00000000   Number         0  heapauxi.o ABSOLUTE
    ../clib/libinit.s                        0x00000000   Number         0  libinit2.o ABSOLUTE
    ../clib/libinit.s                        0x00000000   Number         0  libshutdown.o ABSOLUTE
    ../clib/libinit.s                        0x00000000   Number         0  libinit.o ABSOLUTE
    ../clib/libinit.s                        0x00000000   Number         0  libshutdown2.o ABSOLUTE
    ../clib/memcpset.s                       0x00000000   Number         0  rt_memcpy_v6.o ABSOLUTE
    ../clib/memcpset.s                       0x00000000   Number         0  rt_memcpy_w.o ABSOLUTE
    ../clib/printf.c                         0x00000000   Number         0  _printf_hex_ptr.o ABSOLUTE
    ../clib/printf.c                         0x00000000   Number         0  _printf_char_common.o ABSOLUTE
    ../clib/printf.c                         0x00000000   Number         0  __2sprintf.o ABSOLUTE
    ../clib/printf.c                         0x00000000   Number         0  __printf_flags_ss.o ABSOLUTE
    ../clib/printf.c                         0x00000000   Number         0  _printf_intcommon.o ABSOLUTE
    ../clib/printf.c                         0x00000000   Number         0  noretval__2sprintf.o ABSOLUTE
    ../clib/printf.c                         0x00000000   Number         0  __printf.o ABSOLUTE
    ../clib/printf.c                         0x00000000   Number         0  __printf_wp.o ABSOLUTE
    ../clib/printf.c                         0x00000000   Number         0  __printf_flags_wp.o ABSOLUTE
    ../clib/printf.c                         0x00000000   Number         0  __printf_ss_wp.o ABSOLUTE
    ../clib/printf.c                         0x00000000   Number         0  __printf_flags_ss_wp.o ABSOLUTE
    ../clib/printf.c                         0x00000000   Number         0  _printf_hex_ll.o ABSOLUTE
    ../clib/printf.c                         0x00000000   Number         0  _printf_hex_int.o ABSOLUTE
    ../clib/printf.c                         0x00000000   Number         0  _printf_hex_int_ptr.o ABSOLUTE
    ../clib/printf.c                         0x00000000   Number         0  _printf_hex_int_ll.o ABSOLUTE
    ../clib/printf.c                         0x00000000   Number         0  _printf_hex_ll_ptr.o ABSOLUTE
    ../clib/printf.c                         0x00000000   Number         0  _printf_hex_int_ll_ptr.o ABSOLUTE
    ../clib/printf.c                         0x00000000   Number         0  __printf_flags.o ABSOLUTE
    ../clib/printf.c                         0x00000000   Number         0  __printf_ss.o ABSOLUTE
    ../clib/printf.c                         0x00000000   Number         0  _sputc.o ABSOLUTE
    ../clib/printf.c                         0x00000000   Number         0  __printf_nopercent.o ABSOLUTE
    ../clib/printf_percent.s                 0x00000000   Number         0  _printf_percent_end.o ABSOLUTE
    ../clib/printf_percent.s                 0x00000000   Number         0  _printf_x.o ABSOLUTE
    ../clib/printf_percent.s                 0x00000000   Number         0  _printf_percent.o ABSOLUTE
    ../clib/signal.c                         0x00000000   Number         0  defsig_abrt_inner.o ABSOLUTE
    ../clib/signal.c                         0x00000000   Number         0  defsig_general.o ABSOLUTE
    ../clib/signal.c                         0x00000000   Number         0  __raise.o ABSOLUTE
    ../clib/signal.c                         0x00000000   Number         0  defsig_rtmem_inner.o ABSOLUTE
    ../clib/signal.c                         0x00000000   Number         0  defsig_cppl_inner.o ABSOLUTE
    ../clib/signal.c                         0x00000000   Number         0  defsig_other.o ABSOLUTE
    ../clib/signal.c                         0x00000000   Number         0  defsig_segv_inner.o ABSOLUTE
    ../clib/signal.c                         0x00000000   Number         0  defsig_rtmem_outer.o ABSOLUTE
    ../clib/signal.c                         0x00000000   Number         0  defsig_stak_inner.o ABSOLUTE
    ../clib/signal.c                         0x00000000   Number         0  defsig_pvfn_inner.o ABSOLUTE
    ../clib/signal.c                         0x00000000   Number         0  defsig_rtmem_formal.o ABSOLUTE
    ../clib/signal.c                         0x00000000   Number         0  defsig_rtred_inner.o ABSOLUTE
    ../clib/signal.c                         0x00000000   Number         0  defsig_fpe_inner.o ABSOLUTE
    ../clib/signal.c                         0x00000000   Number         0  defsig_exit.o ABSOLUTE
    ../clib/signal.s                         0x00000000   Number         0  defsig.o ABSOLUTE
    ../clib/stdlib.c                         0x00000000   Number         0  exit.o ABSOLUTE
    ../clib/string.c                         0x00000000   Number         0  strlen.o ABSOLUTE
    ../fplib/dfixu.s                         0x00000000   Number         0  dfixu.o ABSOLUTE
    ../fplib/dflt.s                          0x00000000   Number         0  dflt_clz.o ABSOLUTE
    ../fplib/dmul.s                          0x00000000   Number         0  dmul.o ABSOLUTE
    ../fplib/dnaninf.s                       0x00000000   Number         0  dnaninf.o ABSOLUTE
    ../fplib/dretinf.s                       0x00000000   Number         0  dretinf.o ABSOLUTE
    ../fplib/fpinit.s                        0x00000000   Number         0  fpinit.o ABSOLUTE
    ../fplib/usenofp.s                       0x00000000   Number         0  usenofp.o ABSOLUTE
    Sources\1986ve8_lib\core_cm4.c           0x00000000   Number         0  core_cm4.o ABSOLUTE
    Sources\1986ve8_lib\startup_MDR1986VE8T.s 0x00000000   Number         0  startup_mdr1986ve8t.o ABSOLUTE
    Sources\\1986ve8_lib\\core_cm4.c         0x00000000   Number         0  core_cm4.o ABSOLUTE
    Sources\adc.c                            0x00000000   Number         0  adc.o ABSOLUTE
    Sources\eerom.c                          0x00000000   Number         0  eerom.o ABSOLUTE
    Sources\main.c                           0x00000000   Number         0  main.o ABSOLUTE
    Sources\sysinit.c                        0x00000000   Number         0  sysinit.o ABSOLUTE
    Sources\test.c                           0x00000000   Number         0  test.o ABSOLUTE
    Sources\timer.c                          0x00000000   Number         0  timer.o ABSOLUTE
    Sources\uarts.c                          0x00000000   Number         0  uarts.o ABSOLUTE
    Sources\wdt.c                            0x00000000   Number         0  wdt.o ABSOLUTE
    dc.s                                     0x00000000   Number         0  dc.o ABSOLUTE
    RESET                                    0x20000000   Section      568  startup_mdr1986ve8t.o(RESET)
    !!!main                                  0x20000238   Section        8  __main.o(!!!main)
    !!!scatter                               0x20000240   Section       52  __scatter.o(!!!scatter)
    !!handler_copy                           0x20000274   Section       26  __scatter_copy.o(!!handler_copy)
    !!handler_zi                             0x20000290   Section       28  __scatter_zi.o(!!handler_zi)
    .ARM.Collect$$_printf_percent$$00000000  0x200002ac   Section        0  _printf_percent.o(.ARM.Collect$$_printf_percent$$00000000)
    .ARM.Collect$$_printf_percent$$0000000C  0x200002ac   Section        6  _printf_x.o(.ARM.Collect$$_printf_percent$$0000000C)
    .ARM.Collect$$_printf_percent$$00000017  0x200002b2   Section        4  _printf_percent_end.o(.ARM.Collect$$_printf_percent$$00000017)
    .ARM.Collect$$libinit$$00000000          0x200002b6   Section        2  libinit.o(.ARM.Collect$$libinit$$00000000)
    .ARM.Collect$$libinit$$00000002          0x200002b8   Section        0  libinit2.o(.ARM.Collect$$libinit$$00000002)
    .ARM.Collect$$libinit$$00000004          0x200002b8   Section        0  libinit2.o(.ARM.Collect$$libinit$$00000004)
    .ARM.Collect$$libinit$$0000000A          0x200002b8   Section        0  libinit2.o(.ARM.Collect$$libinit$$0000000A)
    .ARM.Collect$$libinit$$0000000C          0x200002b8   Section        0  libinit2.o(.ARM.Collect$$libinit$$0000000C)
    .ARM.Collect$$libinit$$0000000E          0x200002b8   Section        0  libinit2.o(.ARM.Collect$$libinit$$0000000E)
    .ARM.Collect$$libinit$$00000011          0x200002b8   Section        0  libinit2.o(.ARM.Collect$$libinit$$00000011)
    .ARM.Collect$$libinit$$00000013          0x200002b8   Section        0  libinit2.o(.ARM.Collect$$libinit$$00000013)
    .ARM.Collect$$libinit$$00000015          0x200002b8   Section        0  libinit2.o(.ARM.Collect$$libinit$$00000015)
    .ARM.Collect$$libinit$$00000017          0x200002b8   Section        0  libinit2.o(.ARM.Collect$$libinit$$00000017)
    .ARM.Collect$$libinit$$00000019          0x200002b8   Section        0  libinit2.o(.ARM.Collect$$libinit$$00000019)
    .ARM.Collect$$libinit$$0000001B          0x200002b8   Section        0  libinit2.o(.ARM.Collect$$libinit$$0000001B)
    .ARM.Collect$$libinit$$0000001D          0x200002b8   Section        0  libinit2.o(.ARM.Collect$$libinit$$0000001D)
    .ARM.Collect$$libinit$$0000001F          0x200002b8   Section        0  libinit2.o(.ARM.Collect$$libinit$$0000001F)
    .ARM.Collect$$libinit$$00000021          0x200002b8   Section        0  libinit2.o(.ARM.Collect$$libinit$$00000021)
    .ARM.Collect$$libinit$$00000023          0x200002b8   Section        0  libinit2.o(.ARM.Collect$$libinit$$00000023)
    .ARM.Collect$$libinit$$00000025          0x200002b8   Section        0  libinit2.o(.ARM.Collect$$libinit$$00000025)
    .ARM.Collect$$libinit$$0000002C          0x200002b8   Section        0  libinit2.o(.ARM.Collect$$libinit$$0000002C)
    .ARM.Collect$$libinit$$0000002E          0x200002b8   Section        0  libinit2.o(.ARM.Collect$$libinit$$0000002E)
    .ARM.Collect$$libinit$$00000030          0x200002b8   Section        0  libinit2.o(.ARM.Collect$$libinit$$00000030)
    .ARM.Collect$$libinit$$00000032          0x200002b8   Section        0  libinit2.o(.ARM.Collect$$libinit$$00000032)
    .ARM.Collect$$libinit$$00000033          0x200002b8   Section        2  libinit2.o(.ARM.Collect$$libinit$$00000033)
    .ARM.Collect$$libshutdown$$00000000      0x200002ba   Section        2  libshutdown.o(.ARM.Collect$$libshutdown$$00000000)
    .ARM.Collect$$libshutdown$$00000002      0x200002bc   Section        0  libshutdown2.o(.ARM.Collect$$libshutdown$$00000002)
    .ARM.Collect$$libshutdown$$00000004      0x200002bc   Section        0  libshutdown2.o(.ARM.Collect$$libshutdown$$00000004)
    .ARM.Collect$$libshutdown$$00000007      0x200002bc   Section        0  libshutdown2.o(.ARM.Collect$$libshutdown$$00000007)
    .ARM.Collect$$libshutdown$$0000000A      0x200002bc   Section        0  libshutdown2.o(.ARM.Collect$$libshutdown$$0000000A)
    .ARM.Collect$$libshutdown$$0000000C      0x200002bc   Section        0  libshutdown2.o(.ARM.Collect$$libshutdown$$0000000C)
    .ARM.Collect$$libshutdown$$0000000F      0x200002bc   Section        0  libshutdown2.o(.ARM.Collect$$libshutdown$$0000000F)
    .ARM.Collect$$libshutdown$$00000010      0x200002bc   Section        2  libshutdown2.o(.ARM.Collect$$libshutdown$$00000010)
    .ARM.Collect$$rtentry$$00000000          0x200002be   Section        0  __rtentry.o(.ARM.Collect$$rtentry$$00000000)
    .ARM.Collect$$rtentry$$00000002          0x200002be   Section        0  __rtentry2.o(.ARM.Collect$$rtentry$$00000002)
    .ARM.Collect$$rtentry$$00000004          0x200002be   Section        6  __rtentry4.o(.ARM.Collect$$rtentry$$00000004)
    .ARM.Collect$$rtentry$$00000009          0x200002c4   Section        0  __rtentry2.o(.ARM.Collect$$rtentry$$00000009)
    .ARM.Collect$$rtentry$$0000000A          0x200002c4   Section        4  __rtentry2.o(.ARM.Collect$$rtentry$$0000000A)
    .ARM.Collect$$rtentry$$0000000C          0x200002c8   Section        0  __rtentry2.o(.ARM.Collect$$rtentry$$0000000C)
    .ARM.Collect$$rtentry$$0000000D          0x200002c8   Section        8  __rtentry2.o(.ARM.Collect$$rtentry$$0000000D)
    .ARM.Collect$$rtexit$$00000000           0x200002d0   Section        2  rtexit.o(.ARM.Collect$$rtexit$$00000000)
    .ARM.Collect$$rtexit$$00000002           0x200002d2   Section        0  rtexit2.o(.ARM.Collect$$rtexit$$00000002)
    .ARM.Collect$$rtexit$$00000003           0x200002d2   Section        4  rtexit2.o(.ARM.Collect$$rtexit$$00000003)
    .ARM.Collect$$rtexit$$00000004           0x200002d6   Section        6  rtexit2.o(.ARM.Collect$$rtexit$$00000004)
    .text                                    0x200002dc   Section        0  sysinit.o(.text)
    .text                                    0x20000504   Section        0  main.o(.text)
    .text                                    0x200006ac   Section        0  uarts.o(.text)
    .text                                    0x20000898   Section        0  adc.o(.text)
    .text                                    0x200009f8   Section        0  timer.o(.text)
    NVIC_EnableIRQ                           0x20000b3d   Thumb Code    22  timer.o(.text)
    NVIC_DisableIRQ                          0x20000b53   Thumb Code    18  timer.o(.text)
    .text                                    0x20000b8c   Section      180  startup_mdr1986ve8t.o(.text)
    .text                                    0x20000c40   Section        0  noretval__2sprintf.o(.text)
    .text                                    0x20000c68   Section        0  __printf.o(.text)
    .text                                    0x20000cd0   Section        0  _printf_hex_int.o(.text)
    .text                                    0x20000d28   Section        0  strlen.o(.text)
    .text                                    0x20000d66   Section      138  rt_memcpy_v6.o(.text)
    .text                                    0x20000df0   Section        0  heapauxi.o(.text)
    .text                                    0x20000df6   Section        0  _printf_intcommon.o(.text)
    .text                                    0x20000ea8   Section        0  _printf_char_common.o(.text)
    _printf_input_char                       0x20000ea9   Thumb Code    10  _printf_char_common.o(.text)
    .text                                    0x20000ed8   Section        0  _sputc.o(.text)
    .text                                    0x20000ee2   Section      100  rt_memcpy_w.o(.text)
    .text                                    0x20000f46   Section       74  sys_stackheap_outer.o(.text)
    .text                                    0x20000f90   Section        0  exit.o(.text)
    .text                                    0x20000fa4   Section        8  libspace.o(.text)
    .text                                    0x20000fac   Section        0  sys_exit.o(.text)
    .text                                    0x20000fb8   Section        2  use_no_semi.o(.text)
    .text                                    0x20000fba   Section        0  indicate_semi.o(.text)
    x$fpl$dfixu                              0x20000fbc   Section       90  dfixu.o(x$fpl$dfixu)
    x$fpl$dfltu                              0x20001016   Section       38  dflt_clz.o(x$fpl$dfltu)
    x$fpl$dmul                               0x2000103c   Section      340  dmul.o(x$fpl$dmul)
    x$fpl$dnaninf                            0x20001190   Section      156  dnaninf.o(x$fpl$dnaninf)
    x$fpl$dretinf                            0x2000122c   Section       12  dretinf.o(x$fpl$dretinf)
    .constdata                               0x20001238   Section      512  uarts.o(.constdata)
    x$fpl$usenofp                            0x20001238   Section        0  usenofp.o(x$fpl$usenofp)
    .constdata                               0x20001438   Section       40  _printf_hex_int.o(.constdata)
    uc_hextab                                0x20001438   Data          20  _printf_hex_int.o(.constdata)
    lc_hextab                                0x2000144c   Data          20  _printf_hex_int.o(.constdata)
    .data                                    0x20003000   Section       12  main.o(.data)
    .data                                    0x2000300c   Section        4  uarts.o(.data)
    .data                                    0x20003010   Section        8  adc.o(.data)
    .data                                    0x20003018   Section        8  timer.o(.data)
    .bss                                     0x20003020   Section      256  main.o(.bss)
    .bss                                     0x20003120   Section      256  uarts.o(.bss)
    .bss                                     0x20003220   Section    14348  adc.o(.bss)
    .bss                                     0x20006a2c   Section       96  libspace.o(.bss)
    HEAP                                     0x20006a90   Section     1024  startup_mdr1986ve8t.o(HEAP)
    Heap_Mem                                 0x20006a90   Data        1024  startup_mdr1986ve8t.o(HEAP)
    STACK                                    0x20006e90   Section     1024  startup_mdr1986ve8t.o(STACK)
    Stack_Mem                                0x20006e90   Data        1024  startup_mdr1986ve8t.o(STACK)
    __initial_sp                             0x20007290   Data           0  startup_mdr1986ve8t.o(STACK)

    Global Symbols

    Symbol Name                              Value     Ov Type        Size  Object(Section)

    BuildAttributes$$THM_ISAv4$E$P$D$K$B$S$7EM$PE$A:L22UL41UL21$X:L11$S22US41US21$IEEE1$IW$USESV6$~STKCKD$USESV7$~SHL$OSPACE$ROPI$EBA8$UX$STANDARDLIB$REQ8$PRES8$EABIv2 0x00000000   Number         0  anon$$obj.o ABSOLUTE
    __ARM_use_no_argv                        0x00000000   Number         0  main.o ABSOLUTE
    __ARM_exceptions_init                     - Undefined Weak Reference
    __alloca_initialize                       - Undefined Weak Reference
    __arm_preinit_                            - Undefined Weak Reference
    __cpp_initialize__aeabi_                  - Undefined Weak Reference
    __cxa_finalize                            - Undefined Weak Reference
    __rt_locale                               - Undefined Weak Reference
    __sigvec_lookup                           - Undefined Weak Reference
    _atexit_init                              - Undefined Weak Reference
    _call_atexit_fns                          - Undefined Weak Reference
    _clock_init                               - Undefined Weak Reference
    _fp_trap_init                             - Undefined Weak Reference
    _fp_trap_shutdown                         - Undefined Weak Reference
    _get_lc_collate                           - Undefined Weak Reference
    _get_lc_ctype                             - Undefined Weak Reference
    _get_lc_monetary                          - Undefined Weak Reference
    _get_lc_numeric                           - Undefined Weak Reference
    _get_lc_time                              - Undefined Weak Reference
    _getenv_init                              - Undefined Weak Reference
    _handle_redirection                       - Undefined Weak Reference
    _init_alloc                               - Undefined Weak Reference
    _init_user_alloc                          - Undefined Weak Reference
    _initio                                   - Undefined Weak Reference
    _printf_post_padding                      - Undefined Weak Reference
    _printf_pre_padding                       - Undefined Weak Reference
    _printf_truncate_unsigned                 - Undefined Weak Reference
    _rand_init                                - Undefined Weak Reference
    _signal_finish                            - Undefined Weak Reference
    _signal_init                              - Undefined Weak Reference
    _terminate_alloc                          - Undefined Weak Reference
    _terminate_user_alloc                     - Undefined Weak Reference
    _terminateio                              - Undefined Weak Reference
    __Vectors_Size                           0x00000238   Number         0  startup_mdr1986ve8t.o ABSOLUTE
    __Vectors                                0x20000000   Data           4  startup_mdr1986ve8t.o(RESET)
    __Vectors_End                            0x20000238   Data           0  startup_mdr1986ve8t.o(RESET)
    __main                                   0x20000239   Thumb Code     8  __main.o(!!!main)
    __scatterload                            0x20000241   Thumb Code     0  __scatter.o(!!!scatter)
    __scatterload_rt2                        0x20000241   Thumb Code    44  __scatter.o(!!!scatter)
    __scatterload_rt2_thumb_only             0x20000241   Thumb Code     0  __scatter.o(!!!scatter)
    __scatterload_null                       0x2000024f   Thumb Code     0  __scatter.o(!!!scatter)
    __scatterload_copy                       0x20000275   Thumb Code    26  __scatter_copy.o(!!handler_copy)
    __scatterload_zeroinit                   0x20000291   Thumb Code    28  __scatter_zi.o(!!handler_zi)
    _printf_percent                          0x200002ad   Thumb Code     0  _printf_percent.o(.ARM.Collect$$_printf_percent$$00000000)
    _printf_x                                0x200002ad   Thumb Code     0  _printf_x.o(.ARM.Collect$$_printf_percent$$0000000C)
    _printf_percent_end                      0x200002b3   Thumb Code     0  _printf_percent_end.o(.ARM.Collect$$_printf_percent$$00000017)
    __rt_lib_init                            0x200002b7   Thumb Code     0  libinit.o(.ARM.Collect$$libinit$$00000000)
    __rt_lib_init_alloca_1                   0x200002b9   Thumb Code     0  libinit2.o(.ARM.Collect$$libinit$$0000002E)
    __rt_lib_init_argv_1                     0x200002b9   Thumb Code     0  libinit2.o(.ARM.Collect$$libinit$$0000002C)
    __rt_lib_init_atexit_1                   0x200002b9   Thumb Code     0  libinit2.o(.ARM.Collect$$libinit$$0000001B)
    __rt_lib_init_clock_1                    0x200002b9   Thumb Code     0  libinit2.o(.ARM.Collect$$libinit$$00000021)
    __rt_lib_init_cpp_1                      0x200002b9   Thumb Code     0  libinit2.o(.ARM.Collect$$libinit$$00000032)
    __rt_lib_init_exceptions_1               0x200002b9   Thumb Code     0  libinit2.o(.ARM.Collect$$libinit$$00000030)
    __rt_lib_init_fp_1                       0x200002b9   Thumb Code     0  libinit2.o(.ARM.Collect$$libinit$$00000002)
    __rt_lib_init_fp_trap_1                  0x200002b9   Thumb Code     0  libinit2.o(.ARM.Collect$$libinit$$0000001F)
    __rt_lib_init_getenv_1                   0x200002b9   Thumb Code     0  libinit2.o(.ARM.Collect$$libinit$$00000023)
    __rt_lib_init_heap_1                     0x200002b9   Thumb Code     0  libinit2.o(.ARM.Collect$$libinit$$0000000A)
    __rt_lib_init_lc_collate_1               0x200002b9   Thumb Code     0  libinit2.o(.ARM.Collect$$libinit$$00000011)
    __rt_lib_init_lc_ctype_1                 0x200002b9   Thumb Code     0  libinit2.o(.ARM.Collect$$libinit$$00000013)
    __rt_lib_init_lc_monetary_1              0x200002b9   Thumb Code     0  libinit2.o(.ARM.Collect$$libinit$$00000015)
    __rt_lib_init_lc_numeric_1               0x200002b9   Thumb Code     0  libinit2.o(.ARM.Collect$$libinit$$00000017)
    __rt_lib_init_lc_time_1                  0x200002b9   Thumb Code     0  libinit2.o(.ARM.Collect$$libinit$$00000019)
    __rt_lib_init_preinit_1                  0x200002b9   Thumb Code     0  libinit2.o(.ARM.Collect$$libinit$$00000004)
    __rt_lib_init_rand_1                     0x200002b9   Thumb Code     0  libinit2.o(.ARM.Collect$$libinit$$0000000E)
    __rt_lib_init_return                     0x200002b9   Thumb Code     0  libinit2.o(.ARM.Collect$$libinit$$00000033)
    __rt_lib_init_signal_1                   0x200002b9   Thumb Code     0  libinit2.o(.ARM.Collect$$libinit$$0000001D)
    __rt_lib_init_stdio_1                    0x200002b9   Thumb Code     0  libinit2.o(.ARM.Collect$$libinit$$00000025)
    __rt_lib_init_user_alloc_1               0x200002b9   Thumb Code     0  libinit2.o(.ARM.Collect$$libinit$$0000000C)
    __rt_lib_shutdown                        0x200002bb   Thumb Code     0  libshutdown.o(.ARM.Collect$$libshutdown$$00000000)
    __rt_lib_shutdown_cpp_1                  0x200002bd   Thumb Code     0  libshutdown2.o(.ARM.Collect$$libshutdown$$00000002)
    __rt_lib_shutdown_fp_trap_1              0x200002bd   Thumb Code     0  libshutdown2.o(.ARM.Collect$$libshutdown$$00000007)
    __rt_lib_shutdown_heap_1                 0x200002bd   Thumb Code     0  libshutdown2.o(.ARM.Collect$$libshutdown$$0000000F)
    __rt_lib_shutdown_return                 0x200002bd   Thumb Code     0  libshutdown2.o(.ARM.Collect$$libshutdown$$00000010)
    __rt_lib_shutdown_signal_1               0x200002bd   Thumb Code     0  libshutdown2.o(.ARM.Collect$$libshutdown$$0000000A)
    __rt_lib_shutdown_stdio_1                0x200002bd   Thumb Code     0  libshutdown2.o(.ARM.Collect$$libshutdown$$00000004)
    __rt_lib_shutdown_user_alloc_1           0x200002bd   Thumb Code     0  libshutdown2.o(.ARM.Collect$$libshutdown$$0000000C)
    __rt_entry                               0x200002bf   Thumb Code     0  __rtentry.o(.ARM.Collect$$rtentry$$00000000)
    __rt_entry_presh_1                       0x200002bf   Thumb Code     0  __rtentry2.o(.ARM.Collect$$rtentry$$00000002)
    __rt_entry_sh                            0x200002bf   Thumb Code     0  __rtentry4.o(.ARM.Collect$$rtentry$$00000004)
    __rt_entry_li                            0x200002c5   Thumb Code     0  __rtentry2.o(.ARM.Collect$$rtentry$$0000000A)
    __rt_entry_postsh_1                      0x200002c5   Thumb Code     0  __rtentry2.o(.ARM.Collect$$rtentry$$00000009)
    __rt_entry_main                          0x200002c9   Thumb Code     0  __rtentry2.o(.ARM.Collect$$rtentry$$0000000D)
    __rt_entry_postli_1                      0x200002c9   Thumb Code     0  __rtentry2.o(.ARM.Collect$$rtentry$$0000000C)
    __rt_exit                                0x200002d1   Thumb Code     0  rtexit.o(.ARM.Collect$$rtexit$$00000000)
    __rt_exit_ls                             0x200002d3   Thumb Code     0  rtexit2.o(.ARM.Collect$$rtexit$$00000003)
    __rt_exit_prels_1                        0x200002d3   Thumb Code     0  rtexit2.o(.ARM.Collect$$rtexit$$00000002)
    __rt_exit_exit                           0x200002d7   Thumb Code     0  rtexit2.o(.ARM.Collect$$rtexit$$00000004)
    System_Init                              0x200002dd   Thumb Code   436  sysinit.o(.text)
    main                                     0x20000505   Thumb Code   340  main.o(.text)
    UART0_Init                               0x200006ad   Thumb Code   108  uarts.o(.text)
    GetCRC                                   0x20000719   Thumb Code    48  uarts.o(.text)
    UART0_SendPacket                         0x20000749   Thumb Code   154  uarts.o(.text)
    UART0_GetPacket                          0x200007e3   Thumb Code    80  uarts.o(.text)
    INT_UART0_Handler                        0x20000833   Thumb Code    58  uarts.o(.text)
    ADC_Init                                 0x20000899   Thumb Code   188  adc.o(.text)
    INT_TMR1_Handler                         0x20000955   Thumb Code   118  adc.o(.text)
    Timers_Init                              0x200009f9   Thumb Code    60  timer.o(.text)
    Timers_Stop                              0x20000a35   Thumb Code    42  timer.o(.text)
    INT_TMR3_Handler                         0x20000a5f   Thumb Code    46  timer.o(.text)
    Timers_Start                             0x20000a8d   Thumb Code   108  timer.o(.text)
    Timer_PWM_Set                            0x20000af9   Thumb Code    68  timer.o(.text)
    Reset_Handler                            0x20000b8d   Thumb Code     4  startup_mdr1986ve8t.o(.text)
    NMI_Handler                              0x20000b91   Thumb Code     2  startup_mdr1986ve8t.o(.text)
    HardFault_Handler                        0x20000b93   Thumb Code     2  startup_mdr1986ve8t.o(.text)
    MemoryMngFault_Handler                   0x20000b95   Thumb Code     2  startup_mdr1986ve8t.o(.text)
    BusFault_Handler                         0x20000b97   Thumb Code     2  startup_mdr1986ve8t.o(.text)
    UsageFault_Handler                       0x20000b99   Thumb Code     2  startup_mdr1986ve8t.o(.text)
    SVCall_Handler                           0x20000b9b   Thumb Code     2  startup_mdr1986ve8t.o(.text)
    PendSV_Handler                           0x20000b9d   Thumb Code     2  startup_mdr1986ve8t.o(.text)
    Systick_Handler                          0x20000b9f   Thumb Code     2  startup_mdr1986ve8t.o(.text)
    FT_IF0_Handler                           0x20000ba1   Thumb Code     2  startup_mdr1986ve8t.o(.text)
    FT_IF1_Handler                           0x20000ba3   Thumb Code     2  startup_mdr1986ve8t.o(.text)
    FT_IF2_Handler                           0x20000ba5   Thumb Code     2  startup_mdr1986ve8t.o(.text)
    FT_IF3_Handler                           0x20000ba7   Thumb Code     2  startup_mdr1986ve8t.o(.text)
    CLK_IF_Handler                           0x20000ba9   Thumb Code     2  startup_mdr1986ve8t.o(.text)
    PVD_IF_Handler                           0x20000bab   Thumb Code     2  startup_mdr1986ve8t.o(.text)
    RTC_IF_Handler                           0x20000bad   Thumb Code     2  startup_mdr1986ve8t.o(.text)
    BKP_IF_Handler                           0x20000baf   Thumb Code     2  startup_mdr1986ve8t.o(.text)
    EXT_INTERROR0_Handler                    0x20000bb1   Thumb Code     2  startup_mdr1986ve8t.o(.text)
    EXT_INTERROR1_Handler                    0x20000bb3   Thumb Code     2  startup_mdr1986ve8t.o(.text)
    EXT_INTERROR2_Handler                    0x20000bb5   Thumb Code     2  startup_mdr1986ve8t.o(.text)
    EXT_INTERROR3_Handler                    0x20000bb7   Thumb Code     2  startup_mdr1986ve8t.o(.text)
    EXT_INTERROR4_Handler                    0x20000bb9   Thumb Code     2  startup_mdr1986ve8t.o(.text)
    EXT_INTERROR5_Handler                    0x20000bbb   Thumb Code     2  startup_mdr1986ve8t.o(.text)
    EXT_INTERROR6_Handler                    0x20000bbd   Thumb Code     2  startup_mdr1986ve8t.o(.text)
    EXT_INTERROR7_Handler                    0x20000bbf   Thumb Code     2  startup_mdr1986ve8t.o(.text)
    IF_ERR_SCR_Handler                       0x20000bc1   Thumb Code     2  startup_mdr1986ve8t.o(.text)
    IF_FIN_SCR_Handler                       0x20000bc3   Thumb Code     2  startup_mdr1986ve8t.o(.text)
    DMA_ERR_Handler                          0x20000bc5   Thumb Code     2  startup_mdr1986ve8t.o(.text)
    DMA_DONE0_Handler                        0x20000bc7   Thumb Code     2  startup_mdr1986ve8t.o(.text)
    DMA_DONE1_Handler                        0x20000bc9   Thumb Code     2  startup_mdr1986ve8t.o(.text)
    IRQ_PORTA_Handler                        0x20000bcb   Thumb Code     2  startup_mdr1986ve8t.o(.text)
    IRQ_PORTB_Handler                        0x20000bcd   Thumb Code     2  startup_mdr1986ve8t.o(.text)
    IRQ_PORTC_Handler                        0x20000bcf   Thumb Code     2  startup_mdr1986ve8t.o(.text)
    IRQ_PORTD_Handler                        0x20000bd1   Thumb Code     2  startup_mdr1986ve8t.o(.text)
    IRQ_PORTE_Handler                        0x20000bd3   Thumb Code     2  startup_mdr1986ve8t.o(.text)
    IRQ_PORTF_Handler                        0x20000bd5   Thumb Code     2  startup_mdr1986ve8t.o(.text)
    INT_ETH0_Handler                         0x20000bd7   Thumb Code     2  startup_mdr1986ve8t.o(.text)
    INT_ETH1_Handler                         0x20000bd9   Thumb Code     2  startup_mdr1986ve8t.o(.text)
    INT_SPW0_Handler                         0x20000bdb   Thumb Code     2  startup_mdr1986ve8t.o(.text)
    INT_SPW1_Handler                         0x20000bdd   Thumb Code     2  startup_mdr1986ve8t.o(.text)
    INT_TMR0_Handler                         0x20000bdf   Thumb Code     2  startup_mdr1986ve8t.o(.text)
    INT_TMR2_Handler                         0x20000be3   Thumb Code     2  startup_mdr1986ve8t.o(.text)
    INT_TMR4_Handler                         0x20000be7   Thumb Code     2  startup_mdr1986ve8t.o(.text)
    INT_TMR5_Handler                         0x20000be9   Thumb Code     2  startup_mdr1986ve8t.o(.text)
    INT_CAN0_Handler                         0x20000beb   Thumb Code     2  startup_mdr1986ve8t.o(.text)
    INT_CAN1_Handler                         0x20000bed   Thumb Code     2  startup_mdr1986ve8t.o(.text)
    INT_CAN2_Handler                         0x20000bef   Thumb Code     2  startup_mdr1986ve8t.o(.text)
    INT_CAN3_Handler                         0x20000bf1   Thumb Code     2  startup_mdr1986ve8t.o(.text)
    INT_CAN4_Handler                         0x20000bf3   Thumb Code     2  startup_mdr1986ve8t.o(.text)
    INT_SSP0_Handler                         0x20000bf5   Thumb Code     2  startup_mdr1986ve8t.o(.text)
    INT_SSP1_Handler                         0x20000bf7   Thumb Code     2  startup_mdr1986ve8t.o(.text)
    INT_SSP2_Handler                         0x20000bf9   Thumb Code     2  startup_mdr1986ve8t.o(.text)
    INT_SSP3_Handler                         0x20000bfb   Thumb Code     2  startup_mdr1986ve8t.o(.text)
    INT_UART1_Handler                        0x20000bff   Thumb Code     2  startup_mdr1986ve8t.o(.text)
    INT_UART2_Handler                        0x20000c01   Thumb Code     2  startup_mdr1986ve8t.o(.text)
    INT_UART3_Handler                        0x20000c03   Thumb Code     2  startup_mdr1986ve8t.o(.text)
    INT_USB_Handler                          0x20000c05   Thumb Code     2  startup_mdr1986ve8t.o(.text)
    INT_RX_ARC0_Handler                      0x20000c07   Thumb Code     2  startup_mdr1986ve8t.o(.text)
    INT_TX_ARC0_Handler                      0x20000c09   Thumb Code     2  startup_mdr1986ve8t.o(.text)
    INT_RX_ARC1_Handler                      0x20000c0b   Thumb Code     2  startup_mdr1986ve8t.o(.text)
    INT_TX_ARC1_Handler                      0x20000c0d   Thumb Code     2  startup_mdr1986ve8t.o(.text)
    INT_MIL0_Handler                         0x20000c0f   Thumb Code     2  startup_mdr1986ve8t.o(.text)
    INT_MIL1_Handler                         0x20000c11   Thumb Code     2  startup_mdr1986ve8t.o(.text)
    INT_ADC0_Handler                         0x20000c13   Thumb Code     2  startup_mdr1986ve8t.o(.text)
    INT_ADC1_Handler                         0x20000c15   Thumb Code     2  startup_mdr1986ve8t.o(.text)
    INT_DAC0_Handler                         0x20000c17   Thumb Code     2  startup_mdr1986ve8t.o(.text)
    INT_DAC1_Handler                         0x20000c19   Thumb Code     2  startup_mdr1986ve8t.o(.text)
    INT_CRYPTO_Handler                       0x20000c1b   Thumb Code     2  startup_mdr1986ve8t.o(.text)
    INT_CRC_Handler                          0x20000c1d   Thumb Code     2  startup_mdr1986ve8t.o(.text)
    INT_ECC_Handler                          0x20000c1f   Thumb Code     2  startup_mdr1986ve8t.o(.text)
    __user_initial_stackheap                 0x20000c21   Thumb Code     0  startup_mdr1986ve8t.o(.text)
    __2sprintf                               0x20000c41   Thumb Code    34  noretval__2sprintf.o(.text)
    __printf                                 0x20000c69   Thumb Code   104  __printf.o(.text)
    _printf_int_hex                          0x20000cd1   Thumb Code    84  _printf_hex_int.o(.text)
    _printf_longlong_hex                     0x20000cd1   Thumb Code     0  _printf_hex_int.o(.text)
    strlen                                   0x20000d29   Thumb Code    62  strlen.o(.text)
    __aeabi_memcpy                           0x20000d67   Thumb Code     0  rt_memcpy_v6.o(.text)
    __rt_memcpy                              0x20000d67   Thumb Code   138  rt_memcpy_v6.o(.text)
    _memcpy_lastbytes                        0x20000dcd   Thumb Code     0  rt_memcpy_v6.o(.text)
    __use_two_region_memory                  0x20000df1   Thumb Code     2  heapauxi.o(.text)
    __rt_heap_escrow$2region                 0x20000df3   Thumb Code     2  heapauxi.o(.text)
    __rt_heap_expand$2region                 0x20000df5   Thumb Code     2  heapauxi.o(.text)
    _printf_int_common                       0x20000df7   Thumb Code   178  _printf_intcommon.o(.text)
    _printf_char_common                      0x20000eb3   Thumb Code    32  _printf_char_common.o(.text)
    _sputc                                   0x20000ed9   Thumb Code    10  _sputc.o(.text)
    __aeabi_memcpy4                          0x20000ee3   Thumb Code     0  rt_memcpy_w.o(.text)
    __aeabi_memcpy8                          0x20000ee3   Thumb Code     0  rt_memcpy_w.o(.text)
    __rt_memcpy_w                            0x20000ee3   Thumb Code   100  rt_memcpy_w.o(.text)
    _memcpy_lastbytes_aligned                0x20000f2b   Thumb Code     0  rt_memcpy_w.o(.text)
    __user_setup_stackheap                   0x20000f47   Thumb Code    74  sys_stackheap_outer.o(.text)
    exit                                     0x20000f91   Thumb Code    18  exit.o(.text)
    __user_libspace                          0x20000fa5   Thumb Code     8  libspace.o(.text)
    __user_perproc_libspace                  0x20000fa5   Thumb Code     0  libspace.o(.text)
    __user_perthread_libspace                0x20000fa5   Thumb Code     0  libspace.o(.text)
    _sys_exit                                0x20000fad   Thumb Code     8  sys_exit.o(.text)
    __I$use$semihosting                      0x20000fb9   Thumb Code     0  use_no_semi.o(.text)
    __use_no_semihosting_swi                 0x20000fb9   Thumb Code     2  use_no_semi.o(.text)
    __semihosting_library_function           0x20000fbb   Thumb Code     0  indicate_semi.o(.text)
    __aeabi_d2uiz                            0x20000fbd   Thumb Code     0  dfixu.o(x$fpl$dfixu)
    _dfixu                                   0x20000fbd   Thumb Code    90  dfixu.o(x$fpl$dfixu)
    __aeabi_ui2d                             0x20001017   Thumb Code     0  dflt_clz.o(x$fpl$dfltu)
    _dfltu                                   0x20001017   Thumb Code    38  dflt_clz.o(x$fpl$dfltu)
    __aeabi_dmul                             0x2000103d   Thumb Code     0  dmul.o(x$fpl$dmul)
    _dmul                                    0x2000103d   Thumb Code   332  dmul.o(x$fpl$dmul)
    __fpl_dnaninf                            0x20001191   Thumb Code   156  dnaninf.o(x$fpl$dnaninf)
    __fpl_dretinf                            0x2000122d   Thumb Code    12  dretinf.o(x$fpl$dretinf)
    __I$use$fp                               0x20001238   Number         0  usenofp.o(x$fpl$usenofp)
    auchCRCLo                                0x20001238   Data         256  uarts.o(.constdata)
    auchCRCHi                                0x20001338   Data         256  uarts.o(.constdata)
    Region$$Table$$Base                      0x20001460   Number         0  anon$$obj.o(Region$$Table)
    Region$$Table$$Limit                     0x20001480   Number         0  anon$$obj.o(Region$$Table)
    i                                        0x20003000   Data           4  main.o(.data)
    n                                        0x20003004   Data           4  main.o(.data)
    shift                                    0x20003008   Data           4  main.o(.data)
    Rx0BuffPtr                               0x2000300c   Data           1  uarts.o(.data)
    CRC16                                    0x2000300e   Data           2  uarts.o(.data)
    ADCDataPtr                               0x20003010   Data           2  adc.o(.data)
    ChList                                   0x20003014   Data           4  adc.o(.data)
    time_ARR                                 0x20003018   Data           4  timer.o(.data)
    PWM_time                                 0x2000301c   Data           4  timer.o(.data)
    Buff                                     0x20003020   Data         256  main.o(.bss)
    Rx0Buff                                  0x20003120   Data         256  uarts.o(.bss)
    ADCSample                                0x20003220   Data          12  adc.o(.bss)
    ADCData                                  0x2000322c   Data       14336  adc.o(.bss)
    __libspace_start                         0x20006a2c   Data          96  libspace.o(.bss)
    __temporary_stack_top$libspace           0x20006a8c   Data           0  libspace.o(.bss)



==============================================================================

Memory Map of the image

  Image Entry point : 0x20000239

  Load Region LR_IROM1 (Base: 0x20000000, Size: 0x000014a0, Max: 0x00003000, ABSOLUTE)

    Execution Region ER_IROM1 (Exec base: 0x20000000, Load base: 0x20000000, Size: 0x00001480, Max: 0x00003000, ABSOLUTE)

    Exec Addr    Load Addr    Size         Type   Attr      Idx    E Section Name        Object

    0x20000000   0x20000000   0x00000238   Data   RO          180    RESET               startup_mdr1986ve8t.o
    0x20000238   0x20000238   0x00000008   Code   RO          242  * !!!main             c_w.l(__main.o)
    0x20000240   0x20000240   0x00000034   Code   RO          427    !!!scatter          c_w.l(__scatter.o)
    0x20000274   0x20000274   0x0000001a   Code   RO          429    !!handler_copy      c_w.l(__scatter_copy.o)
    0x2000028e   0x2000028e   0x00000002   PAD
    0x20000290   0x20000290   0x0000001c   Code   RO          431    !!handler_zi        c_w.l(__scatter_zi.o)
    0x200002ac   0x200002ac   0x00000000   Code   RO          235    .ARM.Collect$$_printf_percent$$00000000  c_w.l(_printf_percent.o)
    0x200002ac   0x200002ac   0x00000006   Code   RO          234    .ARM.Collect$$_printf_percent$$0000000C  c_w.l(_printf_x.o)
    0x200002b2   0x200002b2   0x00000004   Code   RO          263    .ARM.Collect$$_printf_percent$$00000017  c_w.l(_printf_percent_end.o)
    0x200002b6   0x200002b6   0x00000002   Code   RO          297    .ARM.Collect$$libinit$$00000000  c_w.l(libinit.o)
    0x200002b8   0x200002b8   0x00000000   Code   RO          304    .ARM.Collect$$libinit$$00000002  c_w.l(libinit2.o)
    0x200002b8   0x200002b8   0x00000000   Code   RO          306    .ARM.Collect$$libinit$$00000004  c_w.l(libinit2.o)
    0x200002b8   0x200002b8   0x00000000   Code   RO          309    .ARM.Collect$$libinit$$0000000A  c_w.l(libinit2.o)
    0x200002b8   0x200002b8   0x00000000   Code   RO          311    .ARM.Collect$$libinit$$0000000C  c_w.l(libinit2.o)
    0x200002b8   0x200002b8   0x00000000   Code   RO          313    .ARM.Collect$$libinit$$0000000E  c_w.l(libinit2.o)
    0x200002b8   0x200002b8   0x00000000   Code   RO          316    .ARM.Collect$$libinit$$00000011  c_w.l(libinit2.o)
    0x200002b8   0x200002b8   0x00000000   Code   RO          318    .ARM.Collect$$libinit$$00000013  c_w.l(libinit2.o)
    0x200002b8   0x200002b8   0x00000000   Code   RO          320    .ARM.Collect$$libinit$$00000015  c_w.l(libinit2.o)
    0x200002b8   0x200002b8   0x00000000   Code   RO          322    .ARM.Collect$$libinit$$00000017  c_w.l(libinit2.o)
    0x200002b8   0x200002b8   0x00000000   Code   RO          324    .ARM.Collect$$libinit$$00000019  c_w.l(libinit2.o)
    0x200002b8   0x200002b8   0x00000000   Code   RO          326    .ARM.Collect$$libinit$$0000001B  c_w.l(libinit2.o)
    0x200002b8   0x200002b8   0x00000000   Code   RO          328    .ARM.Collect$$libinit$$0000001D  c_w.l(libinit2.o)
    0x200002b8   0x200002b8   0x00000000   Code   RO          330    .ARM.Collect$$libinit$$0000001F  c_w.l(libinit2.o)
    0x200002b8   0x200002b8   0x00000000   Code   RO          332    .ARM.Collect$$libinit$$00000021  c_w.l(libinit2.o)
    0x200002b8   0x200002b8   0x00000000   Code   RO          334    .ARM.Collect$$libinit$$00000023  c_w.l(libinit2.o)
    0x200002b8   0x200002b8   0x00000000   Code   RO          336    .ARM.Collect$$libinit$$00000025  c_w.l(libinit2.o)
    0x200002b8   0x200002b8   0x00000000   Code   RO          340    .ARM.Collect$$libinit$$0000002C  c_w.l(libinit2.o)
    0x200002b8   0x200002b8   0x00000000   Code   RO          342    .ARM.Collect$$libinit$$0000002E  c_w.l(libinit2.o)
    0x200002b8   0x200002b8   0x00000000   Code   RO          344    .ARM.Collect$$libinit$$00000030  c_w.l(libinit2.o)
    0x200002b8   0x200002b8   0x00000000   Code   RO          346    .ARM.Collect$$libinit$$00000032  c_w.l(libinit2.o)
    0x200002b8   0x200002b8   0x00000002   Code   RO          347    .ARM.Collect$$libinit$$00000033  c_w.l(libinit2.o)
    0x200002ba   0x200002ba   0x00000002   Code   RO          367    .ARM.Collect$$libshutdown$$00000000  c_w.l(libshutdown.o)
    0x200002bc   0x200002bc   0x00000000   Code   RO          380    .ARM.Collect$$libshutdown$$00000002  c_w.l(libshutdown2.o)
    0x200002bc   0x200002bc   0x00000000   Code   RO          382    .ARM.Collect$$libshutdown$$00000004  c_w.l(libshutdown2.o)
    0x200002bc   0x200002bc   0x00000000   Code   RO          385    .ARM.Collect$$libshutdown$$00000007  c_w.l(libshutdown2.o)
    0x200002bc   0x200002bc   0x00000000   Code   RO          388    .ARM.Collect$$libshutdown$$0000000A  c_w.l(libshutdown2.o)
    0x200002bc   0x200002bc   0x00000000   Code   RO          390    .ARM.Collect$$libshutdown$$0000000C  c_w.l(libshutdown2.o)
    0x200002bc   0x200002bc   0x00000000   Code   RO          393    .ARM.Collect$$libshutdown$$0000000F  c_w.l(libshutdown2.o)
    0x200002bc   0x200002bc   0x00000002   Code   RO          394    .ARM.Collect$$libshutdown$$00000010  c_w.l(libshutdown2.o)
    0x200002be   0x200002be   0x00000000   Code   RO          256    .ARM.Collect$$rtentry$$00000000  c_w.l(__rtentry.o)
    0x200002be   0x200002be   0x00000000   Code   RO          272    .ARM.Collect$$rtentry$$00000002  c_w.l(__rtentry2.o)
    0x200002be   0x200002be   0x00000006   Code   RO          284    .ARM.Collect$$rtentry$$00000004  c_w.l(__rtentry4.o)
    0x200002c4   0x200002c4   0x00000000   Code   RO          274    .ARM.Collect$$rtentry$$00000009  c_w.l(__rtentry2.o)
    0x200002c4   0x200002c4   0x00000004   Code   RO          275    .ARM.Collect$$rtentry$$0000000A  c_w.l(__rtentry2.o)
    0x200002c8   0x200002c8   0x00000000   Code   RO          277    .ARM.Collect$$rtentry$$0000000C  c_w.l(__rtentry2.o)
    0x200002c8   0x200002c8   0x00000008   Code   RO          278    .ARM.Collect$$rtentry$$0000000D  c_w.l(__rtentry2.o)
    0x200002d0   0x200002d0   0x00000002   Code   RO          301    .ARM.Collect$$rtexit$$00000000  c_w.l(rtexit.o)
    0x200002d2   0x200002d2   0x00000000   Code   RO          349    .ARM.Collect$$rtexit$$00000002  c_w.l(rtexit2.o)
    0x200002d2   0x200002d2   0x00000004   Code   RO          350    .ARM.Collect$$rtexit$$00000003  c_w.l(rtexit2.o)
    0x200002d6   0x200002d6   0x00000006   Code   RO          351    .ARM.Collect$$rtexit$$00000004  c_w.l(rtexit2.o)
    0x200002dc   0x200002dc   0x00000228   Code   RO            1    .text               sysinit.o
    0x20000504   0x20000504   0x000001a8   Code   RO           25    .text               main.o
    0x200006ac   0x200006ac   0x000001ec   Code   RO          101    .text               uarts.o
    0x20000898   0x20000898   0x00000160   Code   RO          121    .text               adc.o
    0x200009f8   0x200009f8   0x00000194   Code   RO          137    .text               timer.o
    0x20000b8c   0x20000b8c   0x000000b4   Code   RO          181    .text               startup_mdr1986ve8t.o
    0x20000c40   0x20000c40   0x00000028   Code   RO          189    .text               c_w.l(noretval__2sprintf.o)
    0x20000c68   0x20000c68   0x00000068   Code   RO          191    .text               c_w.l(__printf.o)
    0x20000cd0   0x20000cd0   0x00000058   Code   RO          196    .text               c_w.l(_printf_hex_int.o)
    0x20000d28   0x20000d28   0x0000003e   Code   RO          236    .text               c_w.l(strlen.o)
    0x20000d66   0x20000d66   0x0000008a   Code   RO          238    .text               c_w.l(rt_memcpy_v6.o)
    0x20000df0   0x20000df0   0x00000006   Code   RO          240    .text               c_w.l(heapauxi.o)
    0x20000df6   0x20000df6   0x000000b2   Code   RO          257    .text               c_w.l(_printf_intcommon.o)
    0x20000ea8   0x20000ea8   0x00000030   Code   RO          259    .text               c_w.l(_printf_char_common.o)
    0x20000ed8   0x20000ed8   0x0000000a   Code   RO          261    .text               c_w.l(_sputc.o)
    0x20000ee2   0x20000ee2   0x00000064   Code   RO          264    .text               c_w.l(rt_memcpy_w.o)
    0x20000f46   0x20000f46   0x0000004a   Code   RO          288    .text               c_w.l(sys_stackheap_outer.o)
    0x20000f90   0x20000f90   0x00000012   Code   RO          290    .text               c_w.l(exit.o)
    0x20000fa2   0x20000fa2   0x00000002   PAD
    0x20000fa4   0x20000fa4   0x00000008   Code   RO          298    .text               c_w.l(libspace.o)
    0x20000fac   0x20000fac   0x0000000c   Code   RO          359    .text               c_w.l(sys_exit.o)
    0x20000fb8   0x20000fb8   0x00000002   Code   RO          370    .text               c_w.l(use_no_semi.o)
    0x20000fba   0x20000fba   0x00000000   Code   RO          372    .text               c_w.l(indicate_semi.o)
    0x20000fba   0x20000fba   0x00000002   PAD
    0x20000fbc   0x20000fbc   0x0000005a   Code   RO          244    x$fpl$dfixu         fz_ws.l(dfixu.o)
    0x20001016   0x20001016   0x00000026   Code   RO          248    x$fpl$dfltu         fz_ws.l(dflt_clz.o)
    0x2000103c   0x2000103c   0x00000154   Code   RO          254    x$fpl$dmul          fz_ws.l(dmul.o)
    0x20001190   0x20001190   0x0000009c   Code   RO          266    x$fpl$dnaninf       fz_ws.l(dnaninf.o)
    0x2000122c   0x2000122c   0x0000000c   Code   RO          268    x$fpl$dretinf       fz_ws.l(dretinf.o)
    0x20001238   0x20001238   0x00000000   Code   RO          270    x$fpl$usenofp       fz_ws.l(usenofp.o)
    0x20001238   0x20001238   0x00000200   Data   RO          103    .constdata          uarts.o
    0x20001438   0x20001438   0x00000028   Data   RO          197    .constdata          c_w.l(_printf_hex_int.o)
    0x20001460   0x20001460   0x00000020   Data   RO          425    Region$$Table       anon$$obj.o


    Execution Region RW_IRAM1 (Exec base: 0x20003000, Load base: 0x20001480, Size: 0x00004290, Max: 0x00005000, ABSOLUTE)

    Exec Addr    Load Addr    Size         Type   Attr      Idx    E Section Name        Object

    0x20003000   0x20001480   0x0000000c   Data   RW           27    .data               main.o
    0x2000300c   0x2000148c   0x00000004   Data   RW          104    .data               uarts.o
    0x20003010   0x20001490   0x00000008   Data   RW          123    .data               adc.o
    0x20003018   0x20001498   0x00000008   Data   RW          138    .data               timer.o
    0x20003020        -       0x00000100   Zero   RW           26    .bss                main.o
    0x20003120        -       0x00000100   Zero   RW          102    .bss                uarts.o
    0x20003220        -       0x0000380c   Zero   RW          122    .bss                adc.o
    0x20006a2c        -       0x00000060   Zero   RW          299    .bss                c_w.l(libspace.o)
    0x20006a8c   0x200014a0   0x00000004   PAD
    0x20006a90        -       0x00000400   Zero   RW          179    HEAP                startup_mdr1986ve8t.o
    0x20006e90        -       0x00000400   Zero   RW          178    STACK               startup_mdr1986ve8t.o


==============================================================================

Image component sizes


      Code (inc. data)   RO Data    RW Data    ZI Data      Debug   Object Name

       352         46          0          8      14348       1610   adc.o
         0          0          0          0          0         32   core_cm4.o
       424         84          0         12        256       1577   main.o
       180         22        568          0       2048       3568   startup_mdr1986ve8t.o
       552        116          0          0          0      33598   sysinit.o
       404         40          0          8          0      12378   timer.o
       492         44        512          4        256      13138   uarts.o

    ----------------------------------------------------------------------
      2404        352       1112         32      16908      65901   Object Totals
         0          0         32          0          0          0   (incl. Generated)
         0          0          0          0          0          0   (incl. Padding)

    ----------------------------------------------------------------------

      Code (inc. data)   RO Data    RW Data    ZI Data      Debug   Library Member Name

         8          0          0          0          0         68   __main.o
       104          0          0          0          0         84   __printf.o
         0          0          0          0          0          0   __rtentry.o
        12          0          0          0          0          0   __rtentry2.o
         6          0          0          0          0          0   __rtentry4.o
        52          8          0          0          0          0   __scatter.o
        26          0          0          0          0          0   __scatter_copy.o
        28          0          0          0          0          0   __scatter_zi.o
        48          6          0          0          0         96   _printf_char_common.o
        88          4         40          0          0         88   _printf_hex_int.o
       178          0          0          0          0         88   _printf_intcommon.o
         0          0          0          0          0          0   _printf_percent.o
         4          0          0          0          0          0   _printf_percent_end.o
         6          0          0          0          0          0   _printf_x.o
        10          0          0          0          0         68   _sputc.o
        18          0          0          0          0         80   exit.o
         6          0          0          0          0        152   heapauxi.o
         0          0          0          0          0          0   indicate_semi.o
         2          0          0          0          0          0   libinit.o
         2          0          0          0          0          0   libinit2.o
         2          0          0          0          0          0   libshutdown.o
         2          0          0          0          0          0   libshutdown2.o
         8          4          0          0         96         68   libspace.o
        40          6          0          0          0         84   noretval__2sprintf.o
       138          0          0          0          0         68   rt_memcpy_v6.o
       100          0          0          0          0         80   rt_memcpy_w.o
         2          0          0          0          0          0   rtexit.o
        10          0          0          0          0          0   rtexit2.o
        62          0          0          0          0         76   strlen.o
        12          4          0          0          0         68   sys_exit.o
        74          0          0          0          0         80   sys_stackheap_outer.o
         2          0          0          0          0         68   use_no_semi.o
        90          4          0          0          0         92   dfixu.o
        38          0          0          0          0         68   dflt_clz.o
       340         12          0          0          0        104   dmul.o
       156          4          0          0          0         92   dnaninf.o
        12          0          0          0          0         68   dretinf.o
         0          0          0          0          0          0   usenofp.o

    ----------------------------------------------------------------------
      1692         52         40          0        100       1740   Library Totals
         6          0          0          0          4          0   (incl. Padding)

    ----------------------------------------------------------------------

      Code (inc. data)   RO Data    RW Data    ZI Data      Debug   Library Name

      1050         32         40          0         96       1316   c_w.l
       636         20          0          0          0        424   fz_ws.l

    ----------------------------------------------------------------------
      1692         52         40          0        100       1740   Library Totals

    ----------------------------------------------------------------------

==============================================================================


      Code (inc. data)   RO Data    RW Data    ZI Data      Debug   

      4096        404       1152         32      17008      66597   Grand Totals
      4096        404       1152         32      17008      66597   ELF Image Totals
      4096        404       1152         32          0          0   ROM Totals

==============================================================================

    Total RO  Size (Code + RO Data)                 5248 (   5.13kB)
    Total RW  Size (RW Data + ZI Data)             17040 (  16.64kB)
    Total ROM Size (Code + RO Data + RW Data)       5280 (   5.16kB)

==============================================================================

