<html>
<body>
<pre>
<h1>µVision Build Log</h1>
<h2>Tool Versions:</h2>
IDE-Version: µVision V5.29.0.0
Copyright (C) 2019 ARM Ltd and ARM Germany GmbH. All rights reserved.
License Information: Anatolii Pelemeshko, NSU, LIC=MGX56-DFAD4-GN3A5-GRLEB-1BVKA-CGED0
 
Tool Versions:
Toolchain:       MDK-ARM Professional  Version: 5.29.0.0
Toolchain Path:  C:\Keil_v5\ARM\ARMCC\Bin
C Compiler:      Armcc.exe V5.06 update 6 (build 750)
Assembler:       Armasm.exe V5.06 update 6 (build 750)
Linker/Locator:  ArmLink.exe V5.06 update 6 (build 750)
Library Manager: ArmAr.exe V5.06 update 6 (build 750)
Hex Converter:   FromElf.exe V5.06 update 6 (build 750)
CPU DLL:         SARMCM3.DLL V5.29.0.0
Dialog DLL:      DCM.DLL V1.17.3.0
Target DLL:      STLink\ST-LINKIII-KEIL_SWO.dll V3.0.7.0
Dialog DLL:      TCM.DLL V1.36.5.0
 
<h2>Project:</h2>
F:\YandexDisk2\YandexDisk\OAI_NSU\Keil_projects\1986ve8t_test_projects\Dv_cm_drivers\1986ve8_proj.uvproj
Project File Date:  09/22/2021

<h2>Output:</h2>
*** Using Compiler 'V5.06 update 6 (build 750)', folder: 'C:\Keil_v5\ARM\ARMCC\Bin'
Rebuild target 'Target (IntRAM)'
compiling timer.c...
compiling sysinit.c...
compiling wdt.c...
compiling eerom.c...
compiling adc.c...
compiling uarts.c...
compiling main.c...
assembling startup_MDR1986VE8T.s...
compiling core_cm4.c...
linking...
Program Size: Code=3472 RO-data=1152 RW-data=12 ZI-data=2684  
FromELF: creating hex file...
".\Objs\1986ve8_proj.axf" - 0 Error(s), 0 Warning(s).
Build Time Elapsed:  00:00:01
</pre>
</body>
</html>
