Component: ARM Compiler 5.06 update 6 (build 750) Tool: armlink [4d35ed]

==============================================================================

Section Cross References

    sysinit.o(.text) refers to startup_mdr1986ve8t.o(RESET) for __Vectors
    main.o(.text) refers to _printf_pad.o(.text) for _printf_pre_padding
    main.o(.text) refers to _printf_percent.o(.ARM.Collect$$_printf_percent$$00000000) for _printf_percent
    main.o(.text) refers to _printf_d.o(.ARM.Collect$$_printf_percent$$00000009) for _printf_d
    main.o(.text) refers to _printf_dec.o(.text) for _printf_int_dec
    main.o(.text) refers to _printf_x.o(.ARM.Collect$$_printf_percent$$0000000C) for _printf_x
    main.o(.text) refers to _printf_hex_int.o(.text) for _printf_longlong_hex
    main.o(.text) refers to sysinit.o(.text) for System_Init
    main.o(.text) refers to adc.o(.text) for ADC_Init
    main.o(.text) refers to uarts.o(.text) for UART0_Init
    main.o(.text) refers to noretval__2sprintf.o(.text) for __2sprintf
    main.o(.text) refers to strlen.o(.text) for strlen
    main.o(.text) refers to rt_memcpy_v6.o(.text) for __aeabi_memcpy
    main.o(.text) refers to main.o(.bss) for Buff
    main.o(.text) refers to adc.o(.bss) for ADCData
    eerom.o(.text) refers to eerom.o(.bss) for EEProgHeader
    uarts.o(.text) refers to rt_memcpy_v6.o(.text) for __aeabi_memcpy
    uarts.o(.text) refers to uarts.o(.data) for Rx0BuffPtr
    uarts.o(.text) refers to uarts.o(.constdata) for auchCRCHi
    uarts.o(.text) refers to uarts.o(.bss) for Rx0Buff
    adc.o(.text) refers to adc.o(.data) for ADCDataCnt
    adc.o(.text) refers to adc.o(.bss) for ADCDataSm
    startup_mdr1986ve8t.o(STACK) refers (Special) to heapauxi.o(.text) for __use_two_region_memory
    startup_mdr1986ve8t.o(HEAP) refers (Special) to heapauxi.o(.text) for __use_two_region_memory
    startup_mdr1986ve8t.o(RESET) refers (Special) to heapauxi.o(.text) for __use_two_region_memory
    startup_mdr1986ve8t.o(RESET) refers to startup_mdr1986ve8t.o(STACK) for __initial_sp
    startup_mdr1986ve8t.o(RESET) refers to startup_mdr1986ve8t.o(.text) for Reset_Handler
    startup_mdr1986ve8t.o(RESET) refers to uarts.o(.text) for INT_UART0_Handler
    startup_mdr1986ve8t.o(RESET) refers to adc.o(.text) for INT_ADC0_Handler
    startup_mdr1986ve8t.o(.text) refers (Special) to heapauxi.o(.text) for __use_two_region_memory
    startup_mdr1986ve8t.o(.text) refers to __main.o(!!!main) for __main
    startup_mdr1986ve8t.o(.text) refers to startup_mdr1986ve8t.o(HEAP) for Heap_Mem
    startup_mdr1986ve8t.o(.text) refers to startup_mdr1986ve8t.o(STACK) for Stack_Mem
    __2sprintf.o(.text) refers to _printf_char_common.o(.text) for _printf_char_common
    __2sprintf.o(.text) refers to _sputc.o(.text) for _sputc
    noretval__2sprintf.o(.text) refers to _printf_char_common.o(.text) for _printf_char_common
    noretval__2sprintf.o(.text) refers to _sputc.o(.text) for _sputc
    __printf.o(.text) refers to _printf_percent.o(.ARM.Collect$$_printf_percent$$00000000) for _printf_percent
    _printf_dec.o(.text) refers to _printf_intcommon.o(.text) for _printf_int_common
    _printf_hex_ll.o(.text) refers to _printf_intcommon.o(.text) for _printf_int_common
    _printf_hex_ll.o(.text) refers to _printf_hex_ll.o(.constdata) for .constdata
    _printf_hex_int.o(.text) refers to _printf_intcommon.o(.text) for _printf_int_common
    _printf_hex_int.o(.text) refers to _printf_hex_int.o(.constdata) for .constdata
    _printf_hex_int_ll.o(.text) refers to _printf_intcommon.o(.text) for _printf_int_common
    _printf_hex_int_ll.o(.text) refers to _printf_hex_int_ll.o(.constdata) for .constdata
    _printf_hex_ptr.o(.text) refers to _printf_intcommon.o(.text) for _printf_int_common
    _printf_hex_ptr.o(.text) refers to _printf_hex_ptr.o(.constdata) for .constdata
    _printf_hex_int_ptr.o(.text) refers to _printf_intcommon.o(.text) for _printf_int_common
    _printf_hex_int_ptr.o(.text) refers to _printf_hex_int_ptr.o(.constdata) for .constdata
    _printf_hex_ll_ptr.o(.text) refers to _printf_intcommon.o(.text) for _printf_int_common
    _printf_hex_ll_ptr.o(.text) refers to _printf_hex_ll_ptr.o(.constdata) for .constdata
    _printf_hex_int_ll_ptr.o(.text) refers to _printf_intcommon.o(.text) for _printf_int_common
    _printf_hex_int_ll_ptr.o(.text) refers to _printf_hex_int_ll_ptr.o(.constdata) for .constdata
    __printf_flags.o(.text) refers to _printf_percent.o(.ARM.Collect$$_printf_percent$$00000000) for _printf_percent
    __printf_flags.o(.text) refers to __printf_flags.o(.constdata) for .constdata
    __printf_ss.o(.text) refers to _printf_percent.o(.ARM.Collect$$_printf_percent$$00000000) for _printf_percent
    __printf_flags_ss.o(.text) refers to _printf_percent.o(.ARM.Collect$$_printf_percent$$00000000) for _printf_percent
    __printf_flags_ss.o(.text) refers to __printf_flags_ss.o(.constdata) for .constdata
    __printf_wp.o(.text) refers to __printf_wp.o(i._is_digit) for _is_digit
    __printf_wp.o(.text) refers to _printf_percent.o(.ARM.Collect$$_printf_percent$$00000000) for _printf_percent
    __printf_flags_wp.o(.text) refers to __printf_wp.o(i._is_digit) for _is_digit
    __printf_flags_wp.o(.text) refers to _printf_percent.o(.ARM.Collect$$_printf_percent$$00000000) for _printf_percent
    __printf_flags_wp.o(.text) refers to __printf_flags_wp.o(.constdata) for .constdata
    __printf_ss_wp.o(.text) refers to __printf_wp.o(i._is_digit) for _is_digit
    __printf_ss_wp.o(.text) refers to _printf_percent.o(.ARM.Collect$$_printf_percent$$00000000) for _printf_percent
    __printf_flags_ss_wp.o(.text) refers to __printf_wp.o(i._is_digit) for _is_digit
    __printf_flags_ss_wp.o(.text) refers to _printf_percent.o(.ARM.Collect$$_printf_percent$$00000000) for _printf_percent
    __printf_flags_ss_wp.o(.text) refers to __printf_flags_ss_wp.o(.constdata) for .constdata
    _printf_x.o(.ARM.Collect$$_printf_percent$$0000000C) refers (Weak) to _printf_hex_int.o(.text) for _printf_int_hex
    _printf_d.o(.ARM.Collect$$_printf_percent$$00000009) refers (Weak) to _printf_dec.o(.text) for _printf_int_dec
    _printf_percent.o(.ARM.Collect$$_printf_percent$$00000000) refers (Special) to _printf_percent_end.o(.ARM.Collect$$_printf_percent$$00000017) for _printf_percent_end
    rt_memcpy_v6.o(.text) refers to rt_memcpy_w.o(.text) for __aeabi_memcpy4
    __main.o(!!!main) refers to __rtentry.o(.ARM.Collect$$rtentry$$00000000) for __rt_entry
    __rtentry.o(.ARM.Collect$$rtentry$$00000000) refers (Special) to __rtentry2.o(.ARM.Collect$$rtentry$$0000000A) for __rt_entry_li
    __rtentry.o(.ARM.Collect$$rtentry$$00000000) refers (Special) to __rtentry2.o(.ARM.Collect$$rtentry$$0000000D) for __rt_entry_main
    __rtentry.o(.ARM.Collect$$rtentry$$00000000) refers (Special) to __rtentry2.o(.ARM.Collect$$rtentry$$0000000C) for __rt_entry_postli_1
    __rtentry.o(.ARM.Collect$$rtentry$$00000000) refers (Special) to __rtentry2.o(.ARM.Collect$$rtentry$$00000009) for __rt_entry_postsh_1
    __rtentry.o(.ARM.Collect$$rtentry$$00000000) refers (Special) to __rtentry2.o(.ARM.Collect$$rtentry$$00000002) for __rt_entry_presh_1
    __rtentry.o(.ARM.Collect$$rtentry$$00000000) refers (Special) to __rtentry4.o(.ARM.Collect$$rtentry$$00000004) for __rt_entry_sh
    _printf_intcommon.o(.text) refers (Weak) to _printf_pad.o(.text) for _printf_pre_padding
    _printf_intcommon.o(.text) refers (Weak) to _printf_pad.o(.text) for _printf_pre_padding
    _printf_intcommon.o(.text) refers (Weak) to _printf_pad.o(.text) for _printf_post_padding
    _printf_char_common.o(.text) refers to __printf_wp.o(.text) for __printf
    __rtentry2.o(.ARM.Collect$$rtentry$$00000008) refers to boardinit2.o(.text) for _platform_post_stackheap_init
    __rtentry2.o(.ARM.Collect$$rtentry$$0000000A) refers to libinit.o(.ARM.Collect$$libinit$$00000000) for __rt_lib_init
    __rtentry2.o(.ARM.Collect$$rtentry$$0000000B) refers to boardinit3.o(.text) for _platform_post_lib_init
    __rtentry2.o(.ARM.Collect$$rtentry$$0000000D) refers to main.o(.text) for main
    __rtentry2.o(.ARM.Collect$$rtentry$$0000000D) refers to exit.o(.text) for exit
    __rtentry2.o(.ARM.exidx) refers to __rtentry2.o(.ARM.Collect$$rtentry$$00000001) for .ARM.Collect$$rtentry$$00000001
    __rtentry2.o(.ARM.exidx) refers to __rtentry2.o(.ARM.Collect$$rtentry$$00000008) for .ARM.Collect$$rtentry$$00000008
    __rtentry2.o(.ARM.exidx) refers to __rtentry2.o(.ARM.Collect$$rtentry$$0000000A) for .ARM.Collect$$rtentry$$0000000A
    __rtentry2.o(.ARM.exidx) refers to __rtentry2.o(.ARM.Collect$$rtentry$$0000000B) for .ARM.Collect$$rtentry$$0000000B
    __rtentry2.o(.ARM.exidx) refers to __rtentry2.o(.ARM.Collect$$rtentry$$0000000D) for .ARM.Collect$$rtentry$$0000000D
    __rtentry4.o(.ARM.Collect$$rtentry$$00000004) refers to sys_stackheap_outer.o(.text) for __user_setup_stackheap
    __rtentry4.o(.ARM.exidx) refers to __rtentry4.o(.ARM.Collect$$rtentry$$00000004) for .ARM.Collect$$rtentry$$00000004
    sys_stackheap_outer.o(.text) refers to libspace.o(.text) for __user_perproc_libspace
    sys_stackheap_outer.o(.text) refers to startup_mdr1986ve8t.o(.text) for __user_initial_stackheap
    exit.o(.text) refers to rtexit.o(.ARM.Collect$$rtexit$$00000000) for __rt_exit
    libinit.o(.ARM.Collect$$libinit$$00000000) refers (Special) to libinit2.o(.ARM.Collect$$libinit$$0000002E) for __rt_lib_init_alloca_1
    libinit.o(.ARM.Collect$$libinit$$00000000) refers (Special) to libinit2.o(.ARM.Collect$$libinit$$0000002C) for __rt_lib_init_argv_1
    libinit.o(.ARM.Collect$$libinit$$00000000) refers (Special) to libinit2.o(.ARM.Collect$$libinit$$0000001B) for __rt_lib_init_atexit_1
    libinit.o(.ARM.Collect$$libinit$$00000000) refers (Special) to libinit2.o(.ARM.Collect$$libinit$$00000021) for __rt_lib_init_clock_1
    libinit.o(.ARM.Collect$$libinit$$00000000) refers (Special) to libinit2.o(.ARM.Collect$$libinit$$00000032) for __rt_lib_init_cpp_1
    libinit.o(.ARM.Collect$$libinit$$00000000) refers (Special) to libinit2.o(.ARM.Collect$$libinit$$00000030) for __rt_lib_init_exceptions_1
    libinit.o(.ARM.Collect$$libinit$$00000000) refers (Special) to libinit2.o(.ARM.Collect$$libinit$$00000002) for __rt_lib_init_fp_1
    libinit.o(.ARM.Collect$$libinit$$00000000) refers (Special) to libinit2.o(.ARM.Collect$$libinit$$0000001F) for __rt_lib_init_fp_trap_1
    libinit.o(.ARM.Collect$$libinit$$00000000) refers (Special) to libinit2.o(.ARM.Collect$$libinit$$00000023) for __rt_lib_init_getenv_1
    libinit.o(.ARM.Collect$$libinit$$00000000) refers (Special) to libinit2.o(.ARM.Collect$$libinit$$0000000A) for __rt_lib_init_heap_1
    libinit.o(.ARM.Collect$$libinit$$00000000) refers (Special) to libinit2.o(.ARM.Collect$$libinit$$00000011) for __rt_lib_init_lc_collate_1
    libinit.o(.ARM.Collect$$libinit$$00000000) refers (Special) to libinit2.o(.ARM.Collect$$libinit$$00000013) for __rt_lib_init_lc_ctype_1
    libinit.o(.ARM.Collect$$libinit$$00000000) refers (Special) to libinit2.o(.ARM.Collect$$libinit$$00000015) for __rt_lib_init_lc_monetary_1
    libinit.o(.ARM.Collect$$libinit$$00000000) refers (Special) to libinit2.o(.ARM.Collect$$libinit$$00000017) for __rt_lib_init_lc_numeric_1
    libinit.o(.ARM.Collect$$libinit$$00000000) refers (Special) to libinit2.o(.ARM.Collect$$libinit$$00000019) for __rt_lib_init_lc_time_1
    libinit.o(.ARM.Collect$$libinit$$00000000) refers (Special) to libinit2.o(.ARM.Collect$$libinit$$00000004) for __rt_lib_init_preinit_1
    libinit.o(.ARM.Collect$$libinit$$00000000) refers (Special) to libinit2.o(.ARM.Collect$$libinit$$0000000E) for __rt_lib_init_rand_1
    libinit.o(.ARM.Collect$$libinit$$00000000) refers (Special) to libinit2.o(.ARM.Collect$$libinit$$00000033) for __rt_lib_init_return
    libinit.o(.ARM.Collect$$libinit$$00000000) refers (Special) to libinit2.o(.ARM.Collect$$libinit$$0000001D) for __rt_lib_init_signal_1
    libinit.o(.ARM.Collect$$libinit$$00000000) refers (Special) to libinit2.o(.ARM.Collect$$libinit$$00000025) for __rt_lib_init_stdio_1
    libinit.o(.ARM.Collect$$libinit$$00000000) refers (Special) to libinit2.o(.ARM.Collect$$libinit$$0000000C) for __rt_lib_init_user_alloc_1
    libspace.o(.text) refers to libspace.o(.bss) for __libspace_start
    rtexit.o(.ARM.Collect$$rtexit$$00000000) refers (Special) to rtexit2.o(.ARM.Collect$$rtexit$$00000004) for __rt_exit_exit
    rtexit.o(.ARM.Collect$$rtexit$$00000000) refers (Special) to rtexit2.o(.ARM.Collect$$rtexit$$00000003) for __rt_exit_ls
    rtexit.o(.ARM.Collect$$rtexit$$00000000) refers (Special) to rtexit2.o(.ARM.Collect$$rtexit$$00000002) for __rt_exit_prels_1
    rtexit.o(.ARM.exidx) refers (Special) to rtexit2.o(.ARM.Collect$$rtexit$$00000004) for __rt_exit_exit
    rtexit.o(.ARM.exidx) refers (Special) to rtexit2.o(.ARM.Collect$$rtexit$$00000003) for __rt_exit_ls
    rtexit.o(.ARM.exidx) refers (Special) to rtexit2.o(.ARM.Collect$$rtexit$$00000002) for __rt_exit_prels_1
    rtexit.o(.ARM.exidx) refers to rtexit.o(.ARM.Collect$$rtexit$$00000000) for .ARM.Collect$$rtexit$$00000000
    libinit2.o(.ARM.Collect$$libinit$$00000010) refers to libinit2.o(.ARM.Collect$$libinit$$0000000F) for .ARM.Collect$$libinit$$0000000F
    libinit2.o(.ARM.Collect$$libinit$$00000012) refers to libinit2.o(.ARM.Collect$$libinit$$0000000F) for .ARM.Collect$$libinit$$0000000F
    libinit2.o(.ARM.Collect$$libinit$$00000014) refers to libinit2.o(.ARM.Collect$$libinit$$0000000F) for .ARM.Collect$$libinit$$0000000F
    libinit2.o(.ARM.Collect$$libinit$$00000016) refers to libinit2.o(.ARM.Collect$$libinit$$0000000F) for .ARM.Collect$$libinit$$0000000F
    libinit2.o(.ARM.Collect$$libinit$$00000018) refers to libinit2.o(.ARM.Collect$$libinit$$0000000F) for .ARM.Collect$$libinit$$0000000F
    libinit2.o(.ARM.Collect$$libinit$$00000026) refers to argv_veneer.o(.emb_text) for __ARM_argv_veneer
    libinit2.o(.ARM.Collect$$libinit$$00000027) refers to argv_veneer.o(.emb_text) for __ARM_argv_veneer
    rtexit2.o(.ARM.Collect$$rtexit$$00000003) refers to libshutdown.o(.ARM.Collect$$libshutdown$$00000000) for __rt_lib_shutdown
    rtexit2.o(.ARM.Collect$$rtexit$$00000004) refers to sys_exit.o(.text) for _sys_exit
    rtexit2.o(.ARM.exidx) refers to rtexit2.o(.ARM.Collect$$rtexit$$00000001) for .ARM.Collect$$rtexit$$00000001
    rtexit2.o(.ARM.exidx) refers to rtexit2.o(.ARM.Collect$$rtexit$$00000003) for .ARM.Collect$$rtexit$$00000003
    rtexit2.o(.ARM.exidx) refers to rtexit2.o(.ARM.Collect$$rtexit$$00000004) for .ARM.Collect$$rtexit$$00000004
    argv_veneer.o(.emb_text) refers to no_argv.o(.text) for __ARM_get_argv
    sys_exit.o(.text) refers (Special) to use_no_semi.o(.text) for __I$use$semihosting
    sys_exit.o(.text) refers (Special) to indicate_semi.o(.text) for __semihosting_library_function
    _get_argv_nomalloc.o(.text) refers (Special) to hrguard.o(.text) for __heap_region$guard
    _get_argv_nomalloc.o(.text) refers to defsig_rtmem_outer.o(.text) for __rt_SIGRTMEM
    _get_argv_nomalloc.o(.text) refers to sys_command.o(.text) for _sys_command_string
    libshutdown.o(.ARM.Collect$$libshutdown$$00000000) refers (Special) to libshutdown2.o(.ARM.Collect$$libshutdown$$00000002) for __rt_lib_shutdown_cpp_1
    libshutdown.o(.ARM.Collect$$libshutdown$$00000000) refers (Special) to libshutdown2.o(.ARM.Collect$$libshutdown$$00000007) for __rt_lib_shutdown_fp_trap_1
    libshutdown.o(.ARM.Collect$$libshutdown$$00000000) refers (Special) to libshutdown2.o(.ARM.Collect$$libshutdown$$0000000F) for __rt_lib_shutdown_heap_1
    libshutdown.o(.ARM.Collect$$libshutdown$$00000000) refers (Special) to libshutdown2.o(.ARM.Collect$$libshutdown$$00000010) for __rt_lib_shutdown_return
    libshutdown.o(.ARM.Collect$$libshutdown$$00000000) refers (Special) to libshutdown2.o(.ARM.Collect$$libshutdown$$0000000A) for __rt_lib_shutdown_signal_1
    libshutdown.o(.ARM.Collect$$libshutdown$$00000000) refers (Special) to libshutdown2.o(.ARM.Collect$$libshutdown$$00000004) for __rt_lib_shutdown_stdio_1
    libshutdown.o(.ARM.Collect$$libshutdown$$00000000) refers (Special) to libshutdown2.o(.ARM.Collect$$libshutdown$$0000000C) for __rt_lib_shutdown_user_alloc_1
    sys_command.o(.text) refers (Special) to use_no_semi.o(.text) for __I$use$semihosting
    sys_command.o(.text) refers (Special) to indicate_semi.o(.text) for __semihosting_library_function
    defsig_rtmem_outer.o(.text) refers to defsig_rtmem_inner.o(.text) for __rt_SIGRTMEM_inner
    defsig_rtmem_outer.o(.text) refers to defsig_exit.o(.text) for __sig_exit
    defsig_rtmem_formal.o(.text) refers to rt_raise.o(.text) for __rt_raise
    rt_raise.o(.text) refers to __raise.o(.text) for __raise
    rt_raise.o(.text) refers to sys_exit.o(.text) for _sys_exit
    defsig_exit.o(.text) refers to sys_exit.o(.text) for _sys_exit
    defsig_rtmem_inner.o(.text) refers to defsig_general.o(.text) for __default_signal_display
    __raise.o(.text) refers to defsig.o(CL$$defsig) for __default_signal_handler
    defsig_general.o(.text) refers to sys_wrch.o(.text) for _ttywrch
    sys_wrch.o(.text) refers (Special) to use_no_semi.o(.text) for __I$use$semihosting
    sys_wrch.o(.text) refers (Special) to indicate_semi.o(.text) for __semihosting_library_function
    defsig.o(CL$$defsig) refers to defsig_rtmem_inner.o(.text) for __rt_SIGRTMEM_inner
    defsig_abrt_inner.o(.text) refers to defsig_general.o(.text) for __default_signal_display
    defsig_fpe_inner.o(.text) refers to defsig_general.o(.text) for __default_signal_display
    defsig_rtred_inner.o(.text) refers to defsig_general.o(.text) for __default_signal_display
    defsig_stak_inner.o(.text) refers to defsig_general.o(.text) for __default_signal_display
    defsig_pvfn_inner.o(.text) refers to defsig_general.o(.text) for __default_signal_display
    defsig_cppl_inner.o(.text) refers to defsig_general.o(.text) for __default_signal_display
    defsig_segv_inner.o(.text) refers to defsig_general.o(.text) for __default_signal_display
    defsig_other.o(.text) refers to defsig_general.o(.text) for __default_signal_display


==============================================================================

Removing Unused input sections from the image.

    Removing eerom.o(.text), (520 bytes).
    Removing eerom.o(.bss), (20 bytes).
    Removing wdt.o(.text), (118 bytes).
    Removing core_cm4.o(.emb_text), (32 bytes).

4 unused section(s) (total 690 bytes) removed from the image.

==============================================================================

Image Symbol Table

    Local Symbols

    Symbol Name                              Value     Ov Type        Size  Object(Section)

    ../clib/angel/boardlib.s                 0x00000000   Number         0  boardinit2.o ABSOLUTE
    ../clib/angel/boardlib.s                 0x00000000   Number         0  boardinit1.o ABSOLUTE
    ../clib/angel/boardlib.s                 0x00000000   Number         0  boardshut.o ABSOLUTE
    ../clib/angel/boardlib.s                 0x00000000   Number         0  boardinit3.o ABSOLUTE
    ../clib/angel/handlers.s                 0x00000000   Number         0  __scatter_zi.o ABSOLUTE
    ../clib/angel/handlers.s                 0x00000000   Number         0  __scatter_copy.o ABSOLUTE
    ../clib/angel/kernel.s                   0x00000000   Number         0  __rtentry4.o ABSOLUTE
    ../clib/angel/kernel.s                   0x00000000   Number         0  __rtentry2.o ABSOLUTE
    ../clib/angel/kernel.s                   0x00000000   Number         0  rtexit2.o ABSOLUTE
    ../clib/angel/kernel.s                   0x00000000   Number         0  __rtentry.o ABSOLUTE
    ../clib/angel/kernel.s                   0x00000000   Number         0  rtexit.o ABSOLUTE
    ../clib/angel/rt.s                       0x00000000   Number         0  rt_raise.o ABSOLUTE
    ../clib/angel/scatter.s                  0x00000000   Number         0  __scatter.o ABSOLUTE
    ../clib/angel/startup.s                  0x00000000   Number         0  __main.o ABSOLUTE
    ../clib/angel/sys.s                      0x00000000   Number         0  libspace.o ABSOLUTE
    ../clib/angel/sys.s                      0x00000000   Number         0  sys_stackheap_outer.o ABSOLUTE
    ../clib/angel/sys.s                      0x00000000   Number         0  use_no_semi.o ABSOLUTE
    ../clib/angel/sys.s                      0x00000000   Number         0  indicate_semi.o ABSOLUTE
    ../clib/angel/sysapp.c                   0x00000000   Number         0  sys_exit.o ABSOLUTE
    ../clib/angel/sysapp.c                   0x00000000   Number         0  sys_wrch.o ABSOLUTE
    ../clib/angel/sysapp.c                   0x00000000   Number         0  sys_command.o ABSOLUTE
    ../clib/armsys.c                         0x00000000   Number         0  argv_veneer.o ABSOLUTE
    ../clib/armsys.c                         0x00000000   Number         0  _get_argv_nomalloc.o ABSOLUTE
    ../clib/armsys.c                         0x00000000   Number         0  no_argv.o ABSOLUTE
    ../clib/armsys.c                         0x00000000   Number         0  argv_veneer.o ABSOLUTE
    ../clib/heapalloc.c                      0x00000000   Number         0  hrguard.o ABSOLUTE
    ../clib/heapaux.c                        0x00000000   Number         0  heapauxi.o ABSOLUTE
    ../clib/libinit.s                        0x00000000   Number         0  libinit.o ABSOLUTE
    ../clib/libinit.s                        0x00000000   Number         0  libshutdown2.o ABSOLUTE
    ../clib/libinit.s                        0x00000000   Number         0  libinit2.o ABSOLUTE
    ../clib/libinit.s                        0x00000000   Number         0  libshutdown.o ABSOLUTE
    ../clib/memcpset.s                       0x00000000   Number         0  rt_memcpy_v6.o ABSOLUTE
    ../clib/memcpset.s                       0x00000000   Number         0  rt_memcpy_w.o ABSOLUTE
    ../clib/misc.s                           0x00000000   Number         0  printf_stubs.o ABSOLUTE
    ../clib/printf.c                         0x00000000   Number         0  noretval__2sprintf.o ABSOLUTE
    ../clib/printf.c                         0x00000000   Number         0  __printf.o ABSOLUTE
    ../clib/printf.c                         0x00000000   Number         0  _printf_pad.o ABSOLUTE
    ../clib/printf.c                         0x00000000   Number         0  _printf_hex_ptr.o ABSOLUTE
    ../clib/printf.c                         0x00000000   Number         0  _printf_dec.o ABSOLUTE
    ../clib/printf.c                         0x00000000   Number         0  _printf_hex_ll.o ABSOLUTE
    ../clib/printf.c                         0x00000000   Number         0  _printf_hex_int.o ABSOLUTE
    ../clib/printf.c                         0x00000000   Number         0  _printf_hex_int_ll.o ABSOLUTE
    ../clib/printf.c                         0x00000000   Number         0  __printf_flags_wp.o ABSOLUTE
    ../clib/printf.c                         0x00000000   Number         0  _printf_hex_int_ptr.o ABSOLUTE
    ../clib/printf.c                         0x00000000   Number         0  _printf_hex_int_ll_ptr.o ABSOLUTE
    ../clib/printf.c                         0x00000000   Number         0  __printf_flags.o ABSOLUTE
    ../clib/printf.c                         0x00000000   Number         0  __printf_ss.o ABSOLUTE
    ../clib/printf.c                         0x00000000   Number         0  __printf_flags_ss.o ABSOLUTE
    ../clib/printf.c                         0x00000000   Number         0  __printf_wp.o ABSOLUTE
    ../clib/printf.c                         0x00000000   Number         0  __printf_ss_wp.o ABSOLUTE
    ../clib/printf.c                         0x00000000   Number         0  __printf_flags_ss_wp.o ABSOLUTE
    ../clib/printf.c                         0x00000000   Number         0  _printf_intcommon.o ABSOLUTE
    ../clib/printf.c                         0x00000000   Number         0  _sputc.o ABSOLUTE
    ../clib/printf.c                         0x00000000   Number         0  _printf_hex_ll_ptr.o ABSOLUTE
    ../clib/printf.c                         0x00000000   Number         0  __printf_nopercent.o ABSOLUTE
    ../clib/printf.c                         0x00000000   Number         0  __2sprintf.o ABSOLUTE
    ../clib/printf.c                         0x00000000   Number         0  _printf_char_common.o ABSOLUTE
    ../clib/printf_percent.s                 0x00000000   Number         0  _printf_d.o ABSOLUTE
    ../clib/printf_percent.s                 0x00000000   Number         0  _printf_percent.o ABSOLUTE
    ../clib/printf_percent.s                 0x00000000   Number         0  _printf_percent_end.o ABSOLUTE
    ../clib/printf_percent.s                 0x00000000   Number         0  _printf_x.o ABSOLUTE
    ../clib/signal.c                         0x00000000   Number         0  defsig_general.o ABSOLUTE
    ../clib/signal.c                         0x00000000   Number         0  defsig_abrt_inner.o ABSOLUTE
    ../clib/signal.c                         0x00000000   Number         0  defsig_fpe_inner.o ABSOLUTE
    ../clib/signal.c                         0x00000000   Number         0  defsig_rtred_inner.o ABSOLUTE
    ../clib/signal.c                         0x00000000   Number         0  defsig_stak_inner.o ABSOLUTE
    ../clib/signal.c                         0x00000000   Number         0  defsig_pvfn_inner.o ABSOLUTE
    ../clib/signal.c                         0x00000000   Number         0  defsig_cppl_inner.o ABSOLUTE
    ../clib/signal.c                         0x00000000   Number         0  defsig_rtmem_inner.o ABSOLUTE
    ../clib/signal.c                         0x00000000   Number         0  defsig_other.o ABSOLUTE
    ../clib/signal.c                         0x00000000   Number         0  defsig_segv_inner.o ABSOLUTE
    ../clib/signal.c                         0x00000000   Number         0  defsig_exit.o ABSOLUTE
    ../clib/signal.c                         0x00000000   Number         0  defsig_rtmem_outer.o ABSOLUTE
    ../clib/signal.c                         0x00000000   Number         0  defsig_rtmem_formal.o ABSOLUTE
    ../clib/signal.c                         0x00000000   Number         0  __raise.o ABSOLUTE
    ../clib/signal.s                         0x00000000   Number         0  defsig.o ABSOLUTE
    ../clib/stdlib.c                         0x00000000   Number         0  exit.o ABSOLUTE
    ../clib/string.c                         0x00000000   Number         0  strlen.o ABSOLUTE
    ../fplib/fpinit.s                        0x00000000   Number         0  fpinit.o ABSOLUTE
    Sources\1986ve8_lib\core_cm4.c           0x00000000   Number         0  core_cm4.o ABSOLUTE
    Sources\1986ve8_lib\startup_MDR1986VE8T.s 0x00000000   Number         0  startup_mdr1986ve8t.o ABSOLUTE
    Sources\\1986ve8_lib\\core_cm4.c         0x00000000   Number         0  core_cm4.o ABSOLUTE
    Sources\adc.c                            0x00000000   Number         0  adc.o ABSOLUTE
    Sources\eerom.c                          0x00000000   Number         0  eerom.o ABSOLUTE
    Sources\main.c                           0x00000000   Number         0  main.o ABSOLUTE
    Sources\sysinit.c                        0x00000000   Number         0  sysinit.o ABSOLUTE
    Sources\uarts.c                          0x00000000   Number         0  uarts.o ABSOLUTE
    Sources\wdt.c                            0x00000000   Number         0  wdt.o ABSOLUTE
    dc.s                                     0x00000000   Number         0  dc.o ABSOLUTE
    RESET                                    0x10000000   Section      568  startup_mdr1986ve8t.o(RESET)
    !!!main                                  0x10000238   Section        8  __main.o(!!!main)
    !!!scatter                               0x10000240   Section       52  __scatter.o(!!!scatter)
    !!handler_copy                           0x10000274   Section       26  __scatter_copy.o(!!handler_copy)
    !!handler_zi                             0x10000290   Section       28  __scatter_zi.o(!!handler_zi)
    .ARM.Collect$$_printf_percent$$00000000  0x100002ac   Section        0  _printf_percent.o(.ARM.Collect$$_printf_percent$$00000000)
    .ARM.Collect$$_printf_percent$$00000009  0x100002ac   Section        6  _printf_d.o(.ARM.Collect$$_printf_percent$$00000009)
    .ARM.Collect$$_printf_percent$$0000000C  0x100002b2   Section        6  _printf_x.o(.ARM.Collect$$_printf_percent$$0000000C)
    .ARM.Collect$$_printf_percent$$00000017  0x100002b8   Section        4  _printf_percent_end.o(.ARM.Collect$$_printf_percent$$00000017)
    .ARM.Collect$$libinit$$00000000          0x100002bc   Section        2  libinit.o(.ARM.Collect$$libinit$$00000000)
    .ARM.Collect$$libinit$$00000002          0x100002be   Section        0  libinit2.o(.ARM.Collect$$libinit$$00000002)
    .ARM.Collect$$libinit$$00000004          0x100002be   Section        0  libinit2.o(.ARM.Collect$$libinit$$00000004)
    .ARM.Collect$$libinit$$0000000A          0x100002be   Section        0  libinit2.o(.ARM.Collect$$libinit$$0000000A)
    .ARM.Collect$$libinit$$0000000C          0x100002be   Section        0  libinit2.o(.ARM.Collect$$libinit$$0000000C)
    .ARM.Collect$$libinit$$0000000E          0x100002be   Section        0  libinit2.o(.ARM.Collect$$libinit$$0000000E)
    .ARM.Collect$$libinit$$00000011          0x100002be   Section        0  libinit2.o(.ARM.Collect$$libinit$$00000011)
    .ARM.Collect$$libinit$$00000013          0x100002be   Section        0  libinit2.o(.ARM.Collect$$libinit$$00000013)
    .ARM.Collect$$libinit$$00000015          0x100002be   Section        0  libinit2.o(.ARM.Collect$$libinit$$00000015)
    .ARM.Collect$$libinit$$00000017          0x100002be   Section        0  libinit2.o(.ARM.Collect$$libinit$$00000017)
    .ARM.Collect$$libinit$$00000019          0x100002be   Section        0  libinit2.o(.ARM.Collect$$libinit$$00000019)
    .ARM.Collect$$libinit$$0000001B          0x100002be   Section        0  libinit2.o(.ARM.Collect$$libinit$$0000001B)
    .ARM.Collect$$libinit$$0000001D          0x100002be   Section        0  libinit2.o(.ARM.Collect$$libinit$$0000001D)
    .ARM.Collect$$libinit$$0000001F          0x100002be   Section        0  libinit2.o(.ARM.Collect$$libinit$$0000001F)
    .ARM.Collect$$libinit$$00000021          0x100002be   Section        0  libinit2.o(.ARM.Collect$$libinit$$00000021)
    .ARM.Collect$$libinit$$00000023          0x100002be   Section        0  libinit2.o(.ARM.Collect$$libinit$$00000023)
    .ARM.Collect$$libinit$$00000025          0x100002be   Section        0  libinit2.o(.ARM.Collect$$libinit$$00000025)
    .ARM.Collect$$libinit$$0000002C          0x100002be   Section        0  libinit2.o(.ARM.Collect$$libinit$$0000002C)
    .ARM.Collect$$libinit$$0000002E          0x100002be   Section        0  libinit2.o(.ARM.Collect$$libinit$$0000002E)
    .ARM.Collect$$libinit$$00000030          0x100002be   Section        0  libinit2.o(.ARM.Collect$$libinit$$00000030)
    .ARM.Collect$$libinit$$00000032          0x100002be   Section        0  libinit2.o(.ARM.Collect$$libinit$$00000032)
    .ARM.Collect$$libinit$$00000033          0x100002be   Section        2  libinit2.o(.ARM.Collect$$libinit$$00000033)
    .ARM.Collect$$libshutdown$$00000000      0x100002c0   Section        2  libshutdown.o(.ARM.Collect$$libshutdown$$00000000)
    .ARM.Collect$$libshutdown$$00000002      0x100002c2   Section        0  libshutdown2.o(.ARM.Collect$$libshutdown$$00000002)
    .ARM.Collect$$libshutdown$$00000004      0x100002c2   Section        0  libshutdown2.o(.ARM.Collect$$libshutdown$$00000004)
    .ARM.Collect$$libshutdown$$00000007      0x100002c2   Section        0  libshutdown2.o(.ARM.Collect$$libshutdown$$00000007)
    .ARM.Collect$$libshutdown$$0000000A      0x100002c2   Section        0  libshutdown2.o(.ARM.Collect$$libshutdown$$0000000A)
    .ARM.Collect$$libshutdown$$0000000C      0x100002c2   Section        0  libshutdown2.o(.ARM.Collect$$libshutdown$$0000000C)
    .ARM.Collect$$libshutdown$$0000000F      0x100002c2   Section        0  libshutdown2.o(.ARM.Collect$$libshutdown$$0000000F)
    .ARM.Collect$$libshutdown$$00000010      0x100002c2   Section        2  libshutdown2.o(.ARM.Collect$$libshutdown$$00000010)
    .ARM.Collect$$rtentry$$00000000          0x100002c4   Section        0  __rtentry.o(.ARM.Collect$$rtentry$$00000000)
    .ARM.Collect$$rtentry$$00000002          0x100002c4   Section        0  __rtentry2.o(.ARM.Collect$$rtentry$$00000002)
    .ARM.Collect$$rtentry$$00000004          0x100002c4   Section        6  __rtentry4.o(.ARM.Collect$$rtentry$$00000004)
    .ARM.Collect$$rtentry$$00000009          0x100002ca   Section        0  __rtentry2.o(.ARM.Collect$$rtentry$$00000009)
    .ARM.Collect$$rtentry$$0000000A          0x100002ca   Section        4  __rtentry2.o(.ARM.Collect$$rtentry$$0000000A)
    .ARM.Collect$$rtentry$$0000000C          0x100002ce   Section        0  __rtentry2.o(.ARM.Collect$$rtentry$$0000000C)
    .ARM.Collect$$rtentry$$0000000D          0x100002ce   Section        8  __rtentry2.o(.ARM.Collect$$rtentry$$0000000D)
    .ARM.Collect$$rtexit$$00000000           0x100002d6   Section        2  rtexit.o(.ARM.Collect$$rtexit$$00000000)
    .ARM.Collect$$rtexit$$00000002           0x100002d8   Section        0  rtexit2.o(.ARM.Collect$$rtexit$$00000002)
    .ARM.Collect$$rtexit$$00000003           0x100002d8   Section        4  rtexit2.o(.ARM.Collect$$rtexit$$00000003)
    .ARM.Collect$$rtexit$$00000004           0x100002dc   Section        6  rtexit2.o(.ARM.Collect$$rtexit$$00000004)
    .text                                    0x100002e4   Section        0  sysinit.o(.text)
    .text                                    0x10000518   Section        0  main.o(.text)
    .text                                    0x10000660   Section        0  uarts.o(.text)
    .text                                    0x1000084c   Section        0  adc.o(.text)
    .text                                    0x10000978   Section      180  startup_mdr1986ve8t.o(.text)
    .text                                    0x10000a2c   Section        0  noretval__2sprintf.o(.text)
    .text                                    0x10000a54   Section        0  _printf_pad.o(.text)
    .text                                    0x10000aa4   Section        0  _printf_dec.o(.text)
    .text                                    0x10000b1c   Section        0  _printf_hex_int.o(.text)
    .text                                    0x10000b74   Section        0  __printf_wp.o(.text)
    .text                                    0x10000c82   Section        0  strlen.o(.text)
    .text                                    0x10000cc0   Section      138  rt_memcpy_v6.o(.text)
    .text                                    0x10000d4a   Section        0  heapauxi.o(.text)
    .text                                    0x10000d50   Section        0  _printf_intcommon.o(.text)
    .text                                    0x10000e04   Section        0  _printf_char_common.o(.text)
    _printf_input_char                       0x10000e05   Thumb Code    10  _printf_char_common.o(.text)
    .text                                    0x10000e34   Section        0  _sputc.o(.text)
    .text                                    0x10000e3e   Section      100  rt_memcpy_w.o(.text)
    .text                                    0x10000ea2   Section       74  sys_stackheap_outer.o(.text)
    .text                                    0x10000eec   Section        0  exit.o(.text)
    .text                                    0x10000f00   Section        8  libspace.o(.text)
    .text                                    0x10000f08   Section        0  sys_exit.o(.text)
    .text                                    0x10000f14   Section        2  use_no_semi.o(.text)
    .text                                    0x10000f16   Section        0  indicate_semi.o(.text)
    i._is_digit                              0x10000f16   Section        0  __printf_wp.o(i._is_digit)
    .constdata                               0x10000f24   Section      512  uarts.o(.constdata)
    .constdata                               0x10001124   Section       40  _printf_hex_int.o(.constdata)
    uc_hextab                                0x10001124   Data          20  _printf_hex_int.o(.constdata)
    lc_hextab                                0x10001138   Data          20  _printf_hex_int.o(.constdata)
    .data                                    0x20000000   Section        4  uarts.o(.data)
    .data                                    0x20000004   Section        7  adc.o(.data)
    .bss                                     0x2000000c   Section      256  main.o(.bss)
    .bss                                     0x2000010c   Section      256  uarts.o(.bss)
    .bss                                     0x2000020c   Section       28  adc.o(.bss)
    .bss                                     0x20000228   Section       96  libspace.o(.bss)
    HEAP                                     0x20000288   Section     1024  startup_mdr1986ve8t.o(HEAP)
    Heap_Mem                                 0x20000288   Data        1024  startup_mdr1986ve8t.o(HEAP)
    STACK                                    0x20000688   Section     1024  startup_mdr1986ve8t.o(STACK)
    Stack_Mem                                0x20000688   Data        1024  startup_mdr1986ve8t.o(STACK)
    __initial_sp                             0x20000a88   Data           0  startup_mdr1986ve8t.o(STACK)

    Global Symbols

    Symbol Name                              Value     Ov Type        Size  Object(Section)

    BuildAttributes$$THM_ISAv4$E$P$D$K$B$S$7EM$PE$A:L22UL41UL21$X:L11$S22US41US21$IEEE1$IW$USESV6$~STKCKD$USESV7$~SHL$OSPACE$ROPI$EBA8$UX$STANDARDLIB$REQ8$PRES8$EABIv2 0x00000000   Number         0  anon$$obj.o ABSOLUTE
    __ARM_use_no_argv                        0x00000000   Number         0  main.o ABSOLUTE
    _printf_flags                            0x00000000   Number         0  printf_stubs.o ABSOLUTE
    _printf_return_value                     0x00000000   Number         0  printf_stubs.o ABSOLUTE
    _printf_sizespec                         0x00000000   Number         0  printf_stubs.o ABSOLUTE
    _printf_widthprec                        0x00000000   Number         0  printf_stubs.o ABSOLUTE
    __ARM_exceptions_init                     - Undefined Weak Reference
    __alloca_initialize                       - Undefined Weak Reference
    __arm_preinit_                            - Undefined Weak Reference
    __cpp_initialize__aeabi_                  - Undefined Weak Reference
    __cxa_finalize                            - Undefined Weak Reference
    __rt_locale                               - Undefined Weak Reference
    __sigvec_lookup                           - Undefined Weak Reference
    _atexit_init                              - Undefined Weak Reference
    _call_atexit_fns                          - Undefined Weak Reference
    _clock_init                               - Undefined Weak Reference
    _fp_trap_init                             - Undefined Weak Reference
    _fp_trap_shutdown                         - Undefined Weak Reference
    _get_lc_collate                           - Undefined Weak Reference
    _get_lc_ctype                             - Undefined Weak Reference
    _get_lc_monetary                          - Undefined Weak Reference
    _get_lc_numeric                           - Undefined Weak Reference
    _get_lc_time                              - Undefined Weak Reference
    _getenv_init                              - Undefined Weak Reference
    _handle_redirection                       - Undefined Weak Reference
    _init_alloc                               - Undefined Weak Reference
    _init_user_alloc                          - Undefined Weak Reference
    _initio                                   - Undefined Weak Reference
    _printf_truncate_signed                   - Undefined Weak Reference
    _printf_truncate_unsigned                 - Undefined Weak Reference
    _rand_init                                - Undefined Weak Reference
    _signal_finish                            - Undefined Weak Reference
    _signal_init                              - Undefined Weak Reference
    _terminate_alloc                          - Undefined Weak Reference
    _terminate_user_alloc                     - Undefined Weak Reference
    _terminateio                              - Undefined Weak Reference
    __Vectors_Size                           0x00000238   Number         0  startup_mdr1986ve8t.o ABSOLUTE
    __Vectors                                0x10000000   Data           4  startup_mdr1986ve8t.o(RESET)
    __Vectors_End                            0x10000238   Data           0  startup_mdr1986ve8t.o(RESET)
    __main                                   0x10000239   Thumb Code     8  __main.o(!!!main)
    __scatterload                            0x10000241   Thumb Code     0  __scatter.o(!!!scatter)
    __scatterload_rt2                        0x10000241   Thumb Code    44  __scatter.o(!!!scatter)
    __scatterload_rt2_thumb_only             0x10000241   Thumb Code     0  __scatter.o(!!!scatter)
    __scatterload_null                       0x1000024f   Thumb Code     0  __scatter.o(!!!scatter)
    __scatterload_copy                       0x10000275   Thumb Code    26  __scatter_copy.o(!!handler_copy)
    __scatterload_zeroinit                   0x10000291   Thumb Code    28  __scatter_zi.o(!!handler_zi)
    _printf_d                                0x100002ad   Thumb Code     0  _printf_d.o(.ARM.Collect$$_printf_percent$$00000009)
    _printf_percent                          0x100002ad   Thumb Code     0  _printf_percent.o(.ARM.Collect$$_printf_percent$$00000000)
    _printf_x                                0x100002b3   Thumb Code     0  _printf_x.o(.ARM.Collect$$_printf_percent$$0000000C)
    _printf_percent_end                      0x100002b9   Thumb Code     0  _printf_percent_end.o(.ARM.Collect$$_printf_percent$$00000017)
    __rt_lib_init                            0x100002bd   Thumb Code     0  libinit.o(.ARM.Collect$$libinit$$00000000)
    __rt_lib_init_alloca_1                   0x100002bf   Thumb Code     0  libinit2.o(.ARM.Collect$$libinit$$0000002E)
    __rt_lib_init_argv_1                     0x100002bf   Thumb Code     0  libinit2.o(.ARM.Collect$$libinit$$0000002C)
    __rt_lib_init_atexit_1                   0x100002bf   Thumb Code     0  libinit2.o(.ARM.Collect$$libinit$$0000001B)
    __rt_lib_init_clock_1                    0x100002bf   Thumb Code     0  libinit2.o(.ARM.Collect$$libinit$$00000021)
    __rt_lib_init_cpp_1                      0x100002bf   Thumb Code     0  libinit2.o(.ARM.Collect$$libinit$$00000032)
    __rt_lib_init_exceptions_1               0x100002bf   Thumb Code     0  libinit2.o(.ARM.Collect$$libinit$$00000030)
    __rt_lib_init_fp_1                       0x100002bf   Thumb Code     0  libinit2.o(.ARM.Collect$$libinit$$00000002)
    __rt_lib_init_fp_trap_1                  0x100002bf   Thumb Code     0  libinit2.o(.ARM.Collect$$libinit$$0000001F)
    __rt_lib_init_getenv_1                   0x100002bf   Thumb Code     0  libinit2.o(.ARM.Collect$$libinit$$00000023)
    __rt_lib_init_heap_1                     0x100002bf   Thumb Code     0  libinit2.o(.ARM.Collect$$libinit$$0000000A)
    __rt_lib_init_lc_collate_1               0x100002bf   Thumb Code     0  libinit2.o(.ARM.Collect$$libinit$$00000011)
    __rt_lib_init_lc_ctype_1                 0x100002bf   Thumb Code     0  libinit2.o(.ARM.Collect$$libinit$$00000013)
    __rt_lib_init_lc_monetary_1              0x100002bf   Thumb Code     0  libinit2.o(.ARM.Collect$$libinit$$00000015)
    __rt_lib_init_lc_numeric_1               0x100002bf   Thumb Code     0  libinit2.o(.ARM.Collect$$libinit$$00000017)
    __rt_lib_init_lc_time_1                  0x100002bf   Thumb Code     0  libinit2.o(.ARM.Collect$$libinit$$00000019)
    __rt_lib_init_preinit_1                  0x100002bf   Thumb Code     0  libinit2.o(.ARM.Collect$$libinit$$00000004)
    __rt_lib_init_rand_1                     0x100002bf   Thumb Code     0  libinit2.o(.ARM.Collect$$libinit$$0000000E)
    __rt_lib_init_return                     0x100002bf   Thumb Code     0  libinit2.o(.ARM.Collect$$libinit$$00000033)
    __rt_lib_init_signal_1                   0x100002bf   Thumb Code     0  libinit2.o(.ARM.Collect$$libinit$$0000001D)
    __rt_lib_init_stdio_1                    0x100002bf   Thumb Code     0  libinit2.o(.ARM.Collect$$libinit$$00000025)
    __rt_lib_init_user_alloc_1               0x100002bf   Thumb Code     0  libinit2.o(.ARM.Collect$$libinit$$0000000C)
    __rt_lib_shutdown                        0x100002c1   Thumb Code     0  libshutdown.o(.ARM.Collect$$libshutdown$$00000000)
    __rt_lib_shutdown_cpp_1                  0x100002c3   Thumb Code     0  libshutdown2.o(.ARM.Collect$$libshutdown$$00000002)
    __rt_lib_shutdown_fp_trap_1              0x100002c3   Thumb Code     0  libshutdown2.o(.ARM.Collect$$libshutdown$$00000007)
    __rt_lib_shutdown_heap_1                 0x100002c3   Thumb Code     0  libshutdown2.o(.ARM.Collect$$libshutdown$$0000000F)
    __rt_lib_shutdown_return                 0x100002c3   Thumb Code     0  libshutdown2.o(.ARM.Collect$$libshutdown$$00000010)
    __rt_lib_shutdown_signal_1               0x100002c3   Thumb Code     0  libshutdown2.o(.ARM.Collect$$libshutdown$$0000000A)
    __rt_lib_shutdown_stdio_1                0x100002c3   Thumb Code     0  libshutdown2.o(.ARM.Collect$$libshutdown$$00000004)
    __rt_lib_shutdown_user_alloc_1           0x100002c3   Thumb Code     0  libshutdown2.o(.ARM.Collect$$libshutdown$$0000000C)
    __rt_entry                               0x100002c5   Thumb Code     0  __rtentry.o(.ARM.Collect$$rtentry$$00000000)
    __rt_entry_presh_1                       0x100002c5   Thumb Code     0  __rtentry2.o(.ARM.Collect$$rtentry$$00000002)
    __rt_entry_sh                            0x100002c5   Thumb Code     0  __rtentry4.o(.ARM.Collect$$rtentry$$00000004)
    __rt_entry_li                            0x100002cb   Thumb Code     0  __rtentry2.o(.ARM.Collect$$rtentry$$0000000A)
    __rt_entry_postsh_1                      0x100002cb   Thumb Code     0  __rtentry2.o(.ARM.Collect$$rtentry$$00000009)
    __rt_entry_main                          0x100002cf   Thumb Code     0  __rtentry2.o(.ARM.Collect$$rtentry$$0000000D)
    __rt_entry_postli_1                      0x100002cf   Thumb Code     0  __rtentry2.o(.ARM.Collect$$rtentry$$0000000C)
    __rt_exit                                0x100002d7   Thumb Code     0  rtexit.o(.ARM.Collect$$rtexit$$00000000)
    __rt_exit_ls                             0x100002d9   Thumb Code     0  rtexit2.o(.ARM.Collect$$rtexit$$00000003)
    __rt_exit_prels_1                        0x100002d9   Thumb Code     0  rtexit2.o(.ARM.Collect$$rtexit$$00000002)
    __rt_exit_exit                           0x100002dd   Thumb Code     0  rtexit2.o(.ARM.Collect$$rtexit$$00000004)
    System_Init                              0x100002e5   Thumb Code   434  sysinit.o(.text)
    main                                     0x10000519   Thumb Code   258  main.o(.text)
    UART0_Init                               0x10000661   Thumb Code   108  uarts.o(.text)
    GetCRC                                   0x100006cd   Thumb Code    48  uarts.o(.text)
    UART0_SendPacket                         0x100006fd   Thumb Code   154  uarts.o(.text)
    UART0_GetPacket                          0x10000797   Thumb Code    80  uarts.o(.text)
    INT_UART0_Handler                        0x100007e7   Thumb Code    58  uarts.o(.text)
    ADC_Init                                 0x1000084d   Thumb Code   178  adc.o(.text)
    INT_ADC0_Handler                         0x100008ff   Thumb Code    94  adc.o(.text)
    Reset_Handler                            0x10000979   Thumb Code     4  startup_mdr1986ve8t.o(.text)
    NMI_Handler                              0x1000097d   Thumb Code     2  startup_mdr1986ve8t.o(.text)
    HardFault_Handler                        0x1000097f   Thumb Code     2  startup_mdr1986ve8t.o(.text)
    MemoryMngFault_Handler                   0x10000981   Thumb Code     2  startup_mdr1986ve8t.o(.text)
    BusFault_Handler                         0x10000983   Thumb Code     2  startup_mdr1986ve8t.o(.text)
    UsageFault_Handler                       0x10000985   Thumb Code     2  startup_mdr1986ve8t.o(.text)
    SVCall_Handler                           0x10000987   Thumb Code     2  startup_mdr1986ve8t.o(.text)
    PendSV_Handler                           0x10000989   Thumb Code     2  startup_mdr1986ve8t.o(.text)
    Systick_Handler                          0x1000098b   Thumb Code     2  startup_mdr1986ve8t.o(.text)
    FT_IF0_Handler                           0x1000098d   Thumb Code     2  startup_mdr1986ve8t.o(.text)
    FT_IF1_Handler                           0x1000098f   Thumb Code     2  startup_mdr1986ve8t.o(.text)
    FT_IF2_Handler                           0x10000991   Thumb Code     2  startup_mdr1986ve8t.o(.text)
    FT_IF3_Handler                           0x10000993   Thumb Code     2  startup_mdr1986ve8t.o(.text)
    CLK_IF_Handler                           0x10000995   Thumb Code     2  startup_mdr1986ve8t.o(.text)
    PVD_IF_Handler                           0x10000997   Thumb Code     2  startup_mdr1986ve8t.o(.text)
    RTC_IF_Handler                           0x10000999   Thumb Code     2  startup_mdr1986ve8t.o(.text)
    BKP_IF_Handler                           0x1000099b   Thumb Code     2  startup_mdr1986ve8t.o(.text)
    EXT_INTERROR0_Handler                    0x1000099d   Thumb Code     2  startup_mdr1986ve8t.o(.text)
    EXT_INTERROR1_Handler                    0x1000099f   Thumb Code     2  startup_mdr1986ve8t.o(.text)
    EXT_INTERROR2_Handler                    0x100009a1   Thumb Code     2  startup_mdr1986ve8t.o(.text)
    EXT_INTERROR3_Handler                    0x100009a3   Thumb Code     2  startup_mdr1986ve8t.o(.text)
    EXT_INTERROR4_Handler                    0x100009a5   Thumb Code     2  startup_mdr1986ve8t.o(.text)
    EXT_INTERROR5_Handler                    0x100009a7   Thumb Code     2  startup_mdr1986ve8t.o(.text)
    EXT_INTERROR6_Handler                    0x100009a9   Thumb Code     2  startup_mdr1986ve8t.o(.text)
    EXT_INTERROR7_Handler                    0x100009ab   Thumb Code     2  startup_mdr1986ve8t.o(.text)
    IF_ERR_SCR_Handler                       0x100009ad   Thumb Code     2  startup_mdr1986ve8t.o(.text)
    IF_FIN_SCR_Handler                       0x100009af   Thumb Code     2  startup_mdr1986ve8t.o(.text)
    DMA_ERR_Handler                          0x100009b1   Thumb Code     2  startup_mdr1986ve8t.o(.text)
    DMA_DONE0_Handler                        0x100009b3   Thumb Code     2  startup_mdr1986ve8t.o(.text)
    DMA_DONE1_Handler                        0x100009b5   Thumb Code     2  startup_mdr1986ve8t.o(.text)
    IRQ_PORTA_Handler                        0x100009b7   Thumb Code     2  startup_mdr1986ve8t.o(.text)
    IRQ_PORTB_Handler                        0x100009b9   Thumb Code     2  startup_mdr1986ve8t.o(.text)
    IRQ_PORTC_Handler                        0x100009bb   Thumb Code     2  startup_mdr1986ve8t.o(.text)
    IRQ_PORTD_Handler                        0x100009bd   Thumb Code     2  startup_mdr1986ve8t.o(.text)
    IRQ_PORTE_Handler                        0x100009bf   Thumb Code     2  startup_mdr1986ve8t.o(.text)
    IRQ_PORTF_Handler                        0x100009c1   Thumb Code     2  startup_mdr1986ve8t.o(.text)
    INT_ETH0_Handler                         0x100009c3   Thumb Code     2  startup_mdr1986ve8t.o(.text)
    INT_ETH1_Handler                         0x100009c5   Thumb Code     2  startup_mdr1986ve8t.o(.text)
    INT_SPW0_Handler                         0x100009c7   Thumb Code     2  startup_mdr1986ve8t.o(.text)
    INT_SPW1_Handler                         0x100009c9   Thumb Code     2  startup_mdr1986ve8t.o(.text)
    INT_TMR0_Handler                         0x100009cb   Thumb Code     2  startup_mdr1986ve8t.o(.text)
    INT_TMR1_Handler                         0x100009cd   Thumb Code     2  startup_mdr1986ve8t.o(.text)
    INT_TMR2_Handler                         0x100009cf   Thumb Code     2  startup_mdr1986ve8t.o(.text)
    INT_TMR3_Handler                         0x100009d1   Thumb Code     2  startup_mdr1986ve8t.o(.text)
    INT_TMR4_Handler                         0x100009d3   Thumb Code     2  startup_mdr1986ve8t.o(.text)
    INT_TMR5_Handler                         0x100009d5   Thumb Code     2  startup_mdr1986ve8t.o(.text)
    INT_CAN0_Handler                         0x100009d7   Thumb Code     2  startup_mdr1986ve8t.o(.text)
    INT_CAN1_Handler                         0x100009d9   Thumb Code     2  startup_mdr1986ve8t.o(.text)
    INT_CAN2_Handler                         0x100009db   Thumb Code     2  startup_mdr1986ve8t.o(.text)
    INT_CAN3_Handler                         0x100009dd   Thumb Code     2  startup_mdr1986ve8t.o(.text)
    INT_CAN4_Handler                         0x100009df   Thumb Code     2  startup_mdr1986ve8t.o(.text)
    INT_SSP0_Handler                         0x100009e1   Thumb Code     2  startup_mdr1986ve8t.o(.text)
    INT_SSP1_Handler                         0x100009e3   Thumb Code     2  startup_mdr1986ve8t.o(.text)
    INT_SSP2_Handler                         0x100009e5   Thumb Code     2  startup_mdr1986ve8t.o(.text)
    INT_SSP3_Handler                         0x100009e7   Thumb Code     2  startup_mdr1986ve8t.o(.text)
    INT_UART1_Handler                        0x100009eb   Thumb Code     2  startup_mdr1986ve8t.o(.text)
    INT_UART2_Handler                        0x100009ed   Thumb Code     2  startup_mdr1986ve8t.o(.text)
    INT_UART3_Handler                        0x100009ef   Thumb Code     2  startup_mdr1986ve8t.o(.text)
    INT_USB_Handler                          0x100009f1   Thumb Code     2  startup_mdr1986ve8t.o(.text)
    INT_RX_ARC0_Handler                      0x100009f3   Thumb Code     2  startup_mdr1986ve8t.o(.text)
    INT_TX_ARC0_Handler                      0x100009f5   Thumb Code     2  startup_mdr1986ve8t.o(.text)
    INT_RX_ARC1_Handler                      0x100009f7   Thumb Code     2  startup_mdr1986ve8t.o(.text)
    INT_TX_ARC1_Handler                      0x100009f9   Thumb Code     2  startup_mdr1986ve8t.o(.text)
    INT_MIL0_Handler                         0x100009fb   Thumb Code     2  startup_mdr1986ve8t.o(.text)
    INT_MIL1_Handler                         0x100009fd   Thumb Code     2  startup_mdr1986ve8t.o(.text)
    INT_ADC1_Handler                         0x10000a01   Thumb Code     2  startup_mdr1986ve8t.o(.text)
    INT_DAC0_Handler                         0x10000a03   Thumb Code     2  startup_mdr1986ve8t.o(.text)
    INT_DAC1_Handler                         0x10000a05   Thumb Code     2  startup_mdr1986ve8t.o(.text)
    INT_CRYPTO_Handler                       0x10000a07   Thumb Code     2  startup_mdr1986ve8t.o(.text)
    INT_CRC_Handler                          0x10000a09   Thumb Code     2  startup_mdr1986ve8t.o(.text)
    INT_ECC_Handler                          0x10000a0b   Thumb Code     2  startup_mdr1986ve8t.o(.text)
    __user_initial_stackheap                 0x10000a0d   Thumb Code     0  startup_mdr1986ve8t.o(.text)
    __2sprintf                               0x10000a2d   Thumb Code    34  noretval__2sprintf.o(.text)
    _printf_pre_padding                      0x10000a55   Thumb Code    44  _printf_pad.o(.text)
    _printf_post_padding                     0x10000a81   Thumb Code    34  _printf_pad.o(.text)
    _printf_int_dec                          0x10000aa5   Thumb Code   104  _printf_dec.o(.text)
    _printf_int_hex                          0x10000b1d   Thumb Code    84  _printf_hex_int.o(.text)
    _printf_longlong_hex                     0x10000b1d   Thumb Code     0  _printf_hex_int.o(.text)
    __printf                                 0x10000b75   Thumb Code   270  __printf_wp.o(.text)
    strlen                                   0x10000c83   Thumb Code    62  strlen.o(.text)
    __aeabi_memcpy                           0x10000cc1   Thumb Code     0  rt_memcpy_v6.o(.text)
    __rt_memcpy                              0x10000cc1   Thumb Code   138  rt_memcpy_v6.o(.text)
    _memcpy_lastbytes                        0x10000d27   Thumb Code     0  rt_memcpy_v6.o(.text)
    __use_two_region_memory                  0x10000d4b   Thumb Code     2  heapauxi.o(.text)
    __rt_heap_escrow$2region                 0x10000d4d   Thumb Code     2  heapauxi.o(.text)
    __rt_heap_expand$2region                 0x10000d4f   Thumb Code     2  heapauxi.o(.text)
    _printf_int_common                       0x10000d51   Thumb Code   178  _printf_intcommon.o(.text)
    _printf_char_common                      0x10000e0f   Thumb Code    32  _printf_char_common.o(.text)
    _sputc                                   0x10000e35   Thumb Code    10  _sputc.o(.text)
    __aeabi_memcpy4                          0x10000e3f   Thumb Code     0  rt_memcpy_w.o(.text)
    __aeabi_memcpy8                          0x10000e3f   Thumb Code     0  rt_memcpy_w.o(.text)
    __rt_memcpy_w                            0x10000e3f   Thumb Code   100  rt_memcpy_w.o(.text)
    _memcpy_lastbytes_aligned                0x10000e87   Thumb Code     0  rt_memcpy_w.o(.text)
    __user_setup_stackheap                   0x10000ea3   Thumb Code    74  sys_stackheap_outer.o(.text)
    exit                                     0x10000eed   Thumb Code    18  exit.o(.text)
    __user_libspace                          0x10000f01   Thumb Code     8  libspace.o(.text)
    __user_perproc_libspace                  0x10000f01   Thumb Code     0  libspace.o(.text)
    __user_perthread_libspace                0x10000f01   Thumb Code     0  libspace.o(.text)
    _sys_exit                                0x10000f09   Thumb Code     8  sys_exit.o(.text)
    __I$use$semihosting                      0x10000f15   Thumb Code     0  use_no_semi.o(.text)
    __use_no_semihosting_swi                 0x10000f15   Thumb Code     2  use_no_semi.o(.text)
    __semihosting_library_function           0x10000f17   Thumb Code     0  indicate_semi.o(.text)
    _is_digit                                0x10000f17   Thumb Code    14  __printf_wp.o(i._is_digit)
    auchCRCLo                                0x10000f24   Data         256  uarts.o(.constdata)
    auchCRCHi                                0x10001024   Data         256  uarts.o(.constdata)
    Region$$Table$$Base                      0x1000114c   Number         0  anon$$obj.o(Region$$Table)
    Region$$Table$$Limit                     0x1000116c   Number         0  anon$$obj.o(Region$$Table)
    Rx0BuffPtr                               0x20000000   Data           1  uarts.o(.data)
    CRC16                                    0x20000002   Data           2  uarts.o(.data)
    ADCDataCnt                               0x20000004   Data           7  adc.o(.data)
    Buff                                     0x2000000c   Data         256  main.o(.bss)
    Rx0Buff                                  0x2000010c   Data         256  uarts.o(.bss)
    ADCData                                  0x2000020c   Data          14  adc.o(.bss)
    ADCDataSm                                0x2000021a   Data          14  adc.o(.bss)
    __libspace_start                         0x20000228   Data          96  libspace.o(.bss)
    __temporary_stack_top$libspace           0x20000288   Data           0  libspace.o(.bss)



==============================================================================

Memory Map of the image

  Image Entry point : 0x10000239

  Load Region LR_ROM1 (Base: 0x10000000, Size: 0x00001178, Max: 0x00008000, ABSOLUTE)

    Execution Region ER_ROM1 (Exec base: 0x10000000, Load base: 0x10000000, Size: 0x0000116c, Max: 0x00008000, ABSOLUTE)

    Exec Addr    Load Addr    Size         Type   Attr      Idx    E Section Name        Object

    0x10000000   0x10000000   0x00000238   Data   RO          145    RESET               startup_mdr1986ve8t.o
    0x10000238   0x10000238   0x00000008   Code   RO          212  * !!!main             c_w.l(__main.o)
    0x10000240   0x10000240   0x00000034   Code   RO          380    !!!scatter          c_w.l(__scatter.o)
    0x10000274   0x10000274   0x0000001a   Code   RO          382    !!handler_copy      c_w.l(__scatter_copy.o)
    0x1000028e   0x1000028e   0x00000002   PAD
    0x10000290   0x10000290   0x0000001c   Code   RO          384    !!handler_zi        c_w.l(__scatter_zi.o)
    0x100002ac   0x100002ac   0x00000000   Code   RO          205    .ARM.Collect$$_printf_percent$$00000000  c_w.l(_printf_percent.o)
    0x100002ac   0x100002ac   0x00000006   Code   RO          204    .ARM.Collect$$_printf_percent$$00000009  c_w.l(_printf_d.o)
    0x100002b2   0x100002b2   0x00000006   Code   RO          203    .ARM.Collect$$_printf_percent$$0000000C  c_w.l(_printf_x.o)
    0x100002b8   0x100002b8   0x00000004   Code   RO          221    .ARM.Collect$$_printf_percent$$00000017  c_w.l(_printf_percent_end.o)
    0x100002bc   0x100002bc   0x00000002   Code   RO          250    .ARM.Collect$$libinit$$00000000  c_w.l(libinit.o)
    0x100002be   0x100002be   0x00000000   Code   RO          257    .ARM.Collect$$libinit$$00000002  c_w.l(libinit2.o)
    0x100002be   0x100002be   0x00000000   Code   RO          259    .ARM.Collect$$libinit$$00000004  c_w.l(libinit2.o)
    0x100002be   0x100002be   0x00000000   Code   RO          262    .ARM.Collect$$libinit$$0000000A  c_w.l(libinit2.o)
    0x100002be   0x100002be   0x00000000   Code   RO          264    .ARM.Collect$$libinit$$0000000C  c_w.l(libinit2.o)
    0x100002be   0x100002be   0x00000000   Code   RO          266    .ARM.Collect$$libinit$$0000000E  c_w.l(libinit2.o)
    0x100002be   0x100002be   0x00000000   Code   RO          269    .ARM.Collect$$libinit$$00000011  c_w.l(libinit2.o)
    0x100002be   0x100002be   0x00000000   Code   RO          271    .ARM.Collect$$libinit$$00000013  c_w.l(libinit2.o)
    0x100002be   0x100002be   0x00000000   Code   RO          273    .ARM.Collect$$libinit$$00000015  c_w.l(libinit2.o)
    0x100002be   0x100002be   0x00000000   Code   RO          275    .ARM.Collect$$libinit$$00000017  c_w.l(libinit2.o)
    0x100002be   0x100002be   0x00000000   Code   RO          277    .ARM.Collect$$libinit$$00000019  c_w.l(libinit2.o)
    0x100002be   0x100002be   0x00000000   Code   RO          279    .ARM.Collect$$libinit$$0000001B  c_w.l(libinit2.o)
    0x100002be   0x100002be   0x00000000   Code   RO          281    .ARM.Collect$$libinit$$0000001D  c_w.l(libinit2.o)
    0x100002be   0x100002be   0x00000000   Code   RO          283    .ARM.Collect$$libinit$$0000001F  c_w.l(libinit2.o)
    0x100002be   0x100002be   0x00000000   Code   RO          285    .ARM.Collect$$libinit$$00000021  c_w.l(libinit2.o)
    0x100002be   0x100002be   0x00000000   Code   RO          287    .ARM.Collect$$libinit$$00000023  c_w.l(libinit2.o)
    0x100002be   0x100002be   0x00000000   Code   RO          289    .ARM.Collect$$libinit$$00000025  c_w.l(libinit2.o)
    0x100002be   0x100002be   0x00000000   Code   RO          293    .ARM.Collect$$libinit$$0000002C  c_w.l(libinit2.o)
    0x100002be   0x100002be   0x00000000   Code   RO          295    .ARM.Collect$$libinit$$0000002E  c_w.l(libinit2.o)
    0x100002be   0x100002be   0x00000000   Code   RO          297    .ARM.Collect$$libinit$$00000030  c_w.l(libinit2.o)
    0x100002be   0x100002be   0x00000000   Code   RO          299    .ARM.Collect$$libinit$$00000032  c_w.l(libinit2.o)
    0x100002be   0x100002be   0x00000002   Code   RO          300    .ARM.Collect$$libinit$$00000033  c_w.l(libinit2.o)
    0x100002c0   0x100002c0   0x00000002   Code   RO          320    .ARM.Collect$$libshutdown$$00000000  c_w.l(libshutdown.o)
    0x100002c2   0x100002c2   0x00000000   Code   RO          333    .ARM.Collect$$libshutdown$$00000002  c_w.l(libshutdown2.o)
    0x100002c2   0x100002c2   0x00000000   Code   RO          335    .ARM.Collect$$libshutdown$$00000004  c_w.l(libshutdown2.o)
    0x100002c2   0x100002c2   0x00000000   Code   RO          338    .ARM.Collect$$libshutdown$$00000007  c_w.l(libshutdown2.o)
    0x100002c2   0x100002c2   0x00000000   Code   RO          341    .ARM.Collect$$libshutdown$$0000000A  c_w.l(libshutdown2.o)
    0x100002c2   0x100002c2   0x00000000   Code   RO          343    .ARM.Collect$$libshutdown$$0000000C  c_w.l(libshutdown2.o)
    0x100002c2   0x100002c2   0x00000000   Code   RO          346    .ARM.Collect$$libshutdown$$0000000F  c_w.l(libshutdown2.o)
    0x100002c2   0x100002c2   0x00000002   Code   RO          347    .ARM.Collect$$libshutdown$$00000010  c_w.l(libshutdown2.o)
    0x100002c4   0x100002c4   0x00000000   Code   RO          214    .ARM.Collect$$rtentry$$00000000  c_w.l(__rtentry.o)
    0x100002c4   0x100002c4   0x00000000   Code   RO          225    .ARM.Collect$$rtentry$$00000002  c_w.l(__rtentry2.o)
    0x100002c4   0x100002c4   0x00000006   Code   RO          237    .ARM.Collect$$rtentry$$00000004  c_w.l(__rtentry4.o)
    0x100002ca   0x100002ca   0x00000000   Code   RO          227    .ARM.Collect$$rtentry$$00000009  c_w.l(__rtentry2.o)
    0x100002ca   0x100002ca   0x00000004   Code   RO          228    .ARM.Collect$$rtentry$$0000000A  c_w.l(__rtentry2.o)
    0x100002ce   0x100002ce   0x00000000   Code   RO          230    .ARM.Collect$$rtentry$$0000000C  c_w.l(__rtentry2.o)
    0x100002ce   0x100002ce   0x00000008   Code   RO          231    .ARM.Collect$$rtentry$$0000000D  c_w.l(__rtentry2.o)
    0x100002d6   0x100002d6   0x00000002   Code   RO          254    .ARM.Collect$$rtexit$$00000000  c_w.l(rtexit.o)
    0x100002d8   0x100002d8   0x00000000   Code   RO          302    .ARM.Collect$$rtexit$$00000002  c_w.l(rtexit2.o)
    0x100002d8   0x100002d8   0x00000004   Code   RO          303    .ARM.Collect$$rtexit$$00000003  c_w.l(rtexit2.o)
    0x100002dc   0x100002dc   0x00000006   Code   RO          304    .ARM.Collect$$rtexit$$00000004  c_w.l(rtexit2.o)
    0x100002e2   0x100002e2   0x00000002   PAD
    0x100002e4   0x100002e4   0x00000234   Code   RO            1    .text               sysinit.o
    0x10000518   0x10000518   0x00000148   Code   RO           25    .text               main.o
    0x10000660   0x10000660   0x000001ec   Code   RO           96    .text               uarts.o
    0x1000084c   0x1000084c   0x0000012c   Code   RO          116    .text               adc.o
    0x10000978   0x10000978   0x000000b4   Code   RO          146    .text               startup_mdr1986ve8t.o
    0x10000a2c   0x10000a2c   0x00000028   Code   RO          154    .text               c_w.l(noretval__2sprintf.o)
    0x10000a54   0x10000a54   0x0000004e   Code   RO          158    .text               c_w.l(_printf_pad.o)
    0x10000aa2   0x10000aa2   0x00000002   PAD
    0x10000aa4   0x10000aa4   0x00000078   Code   RO          160    .text               c_w.l(_printf_dec.o)
    0x10000b1c   0x10000b1c   0x00000058   Code   RO          165    .text               c_w.l(_printf_hex_int.o)
    0x10000b74   0x10000b74   0x0000010e   Code   RO          191    .text               c_w.l(__printf_wp.o)
    0x10000c82   0x10000c82   0x0000003e   Code   RO          206    .text               c_w.l(strlen.o)
    0x10000cc0   0x10000cc0   0x0000008a   Code   RO          208    .text               c_w.l(rt_memcpy_v6.o)
    0x10000d4a   0x10000d4a   0x00000006   Code   RO          210    .text               c_w.l(heapauxi.o)
    0x10000d50   0x10000d50   0x000000b2   Code   RO          215    .text               c_w.l(_printf_intcommon.o)
    0x10000e02   0x10000e02   0x00000002   PAD
    0x10000e04   0x10000e04   0x00000030   Code   RO          217    .text               c_w.l(_printf_char_common.o)
    0x10000e34   0x10000e34   0x0000000a   Code   RO          219    .text               c_w.l(_sputc.o)
    0x10000e3e   0x10000e3e   0x00000064   Code   RO          222    .text               c_w.l(rt_memcpy_w.o)
    0x10000ea2   0x10000ea2   0x0000004a   Code   RO          241    .text               c_w.l(sys_stackheap_outer.o)
    0x10000eec   0x10000eec   0x00000012   Code   RO          243    .text               c_w.l(exit.o)
    0x10000efe   0x10000efe   0x00000002   PAD
    0x10000f00   0x10000f00   0x00000008   Code   RO          251    .text               c_w.l(libspace.o)
    0x10000f08   0x10000f08   0x0000000c   Code   RO          312    .text               c_w.l(sys_exit.o)
    0x10000f14   0x10000f14   0x00000002   Code   RO          323    .text               c_w.l(use_no_semi.o)
    0x10000f16   0x10000f16   0x00000000   Code   RO          325    .text               c_w.l(indicate_semi.o)
    0x10000f16   0x10000f16   0x0000000e   Code   RO          193    i._is_digit         c_w.l(__printf_wp.o)
    0x10000f24   0x10000f24   0x00000200   Data   RO           98    .constdata          uarts.o
    0x10001124   0x10001124   0x00000028   Data   RO          166    .constdata          c_w.l(_printf_hex_int.o)
    0x1000114c   0x1000114c   0x00000020   Data   RO          378    Region$$Table       anon$$obj.o


    Execution Region RW_IRAM1 (Exec base: 0x20000000, Load base: 0x1000116c, Size: 0x00000a88, Max: 0x00008000, ABSOLUTE)

    Exec Addr    Load Addr    Size         Type   Attr      Idx    E Section Name        Object

    0x20000000   0x1000116c   0x00000004   Data   RW           99    .data               uarts.o
    0x20000004   0x10001170   0x00000007   Data   RW          118    .data               adc.o
    0x2000000b   0x10001177   0x00000001   PAD
    0x2000000c        -       0x00000100   Zero   RW           26    .bss                main.o
    0x2000010c        -       0x00000100   Zero   RW           97    .bss                uarts.o
    0x2000020c        -       0x0000001c   Zero   RW          117    .bss                adc.o
    0x20000228        -       0x00000060   Zero   RW          252    .bss                c_w.l(libspace.o)
    0x20000288        -       0x00000400   Zero   RW          144    HEAP                startup_mdr1986ve8t.o
    0x20000688        -       0x00000400   Zero   RW          143    STACK               startup_mdr1986ve8t.o


==============================================================================

Image component sizes


      Code (inc. data)   RO Data    RW Data    ZI Data      Debug   Object Name

       300         28          0          7         28       1535   adc.o
         0          0          0          0          0         32   core_cm4.o
       328         70          0          0        256      12060   main.o
       180         22        568          0       2048       3560   startup_mdr1986ve8t.o
       564        130          0          0          0      33514   sysinit.o
       492         44        512          4        256      13106   uarts.o

    ----------------------------------------------------------------------
      1864        294       1112         12       2588      63807   Object Totals
         0          0         32          0          0          0   (incl. Generated)
         0          0          0          1          0          0   (incl. Padding)

    ----------------------------------------------------------------------

      Code (inc. data)   RO Data    RW Data    ZI Data      Debug   Library Member Name

         8          0          0          0          0         68   __main.o
       284          0          0          0          0        156   __printf_wp.o
         0          0          0          0          0          0   __rtentry.o
        12          0          0          0          0          0   __rtentry2.o
         6          0          0          0          0          0   __rtentry4.o
        52          8          0          0          0          0   __scatter.o
        26          0          0          0          0          0   __scatter_copy.o
        28          0          0          0          0          0   __scatter_zi.o
        48          6          0          0          0         96   _printf_char_common.o
         6          0          0          0          0          0   _printf_d.o
       120         16          0          0          0         92   _printf_dec.o
        88          4         40          0          0         88   _printf_hex_int.o
       178          0          0          0          0         88   _printf_intcommon.o
        78          0          0          0          0        108   _printf_pad.o
         0          0          0          0          0          0   _printf_percent.o
         4          0          0          0          0          0   _printf_percent_end.o
         6          0          0          0          0          0   _printf_x.o
        10          0          0          0          0         68   _sputc.o
        18          0          0          0          0         80   exit.o
         6          0          0          0          0        152   heapauxi.o
         0          0          0          0          0          0   indicate_semi.o
         2          0          0          0          0          0   libinit.o
         2          0          0          0          0          0   libinit2.o
         2          0          0          0          0          0   libshutdown.o
         2          0          0          0          0          0   libshutdown2.o
         8          4          0          0         96         68   libspace.o
        40          6          0          0          0         84   noretval__2sprintf.o
       138          0          0          0          0         68   rt_memcpy_v6.o
       100          0          0          0          0         80   rt_memcpy_w.o
         2          0          0          0          0          0   rtexit.o
        10          0          0          0          0          0   rtexit2.o
        62          0          0          0          0         76   strlen.o
        12          4          0          0          0         68   sys_exit.o
        74          0          0          0          0         80   sys_stackheap_outer.o
         2          0          0          0          0         68   use_no_semi.o

    ----------------------------------------------------------------------
      1444         48         40          0         96       1588   Library Totals
        10          0          0          0          0          0   (incl. Padding)

    ----------------------------------------------------------------------

      Code (inc. data)   RO Data    RW Data    ZI Data      Debug   Library Name

      1434         48         40          0         96       1588   c_w.l

    ----------------------------------------------------------------------
      1444         48         40          0         96       1588   Library Totals

    ----------------------------------------------------------------------

==============================================================================


      Code (inc. data)   RO Data    RW Data    ZI Data      Debug   

      3308        342       1152         12       2684      64507   Grand Totals
      3308        342       1152         12       2684      64507   ELF Image Totals
      3308        342       1152         12          0          0   ROM Totals

==============================================================================

    Total RO  Size (Code + RO Data)                 4460 (   4.36kB)
    Total RW  Size (RW Data + ZI Data)              2696 (   2.63kB)
    Total ROM Size (Code + RO Data + RW Data)       4472 (   4.37kB)

==============================================================================

