<html>
<body>
<pre>
<h1>µVision Build Log</h1>
<h2>Tool Versions:</h2>
IDE-Version: µVision V5.29.0.0
Copyright (C) 2019 ARM Ltd and ARM Germany GmbH. All rights reserved.
License Information: Anatolii Pelemeshko, NSU, LIC=MGX56-DFAD4-GN3A5-GRLEB-1BVKA-CGED0
 
Tool Versions:
Toolchain:       MDK-ARM Professional  Version: 5.29.0.0
Toolchain Path:  C:\Keil_v5\ARM\ARMCC\Bin
C Compiler:      Armcc.exe V5.06 update 6 (build 750)
Assembler:       Armasm.exe V5.06 update 6 (build 750)
Linker/Locator:  ArmLink.exe V5.06 update 6 (build 750)
Library Manager: ArmAr.exe V5.06 update 6 (build 750)
Hex Converter:   FromElf.exe V5.06 update 6 (build 750)
CPU DLL:         SARMCM3.DLL V5.29.0.0
Dialog DLL:      DCM.DLL V1.17.3.0
Target DLL:      STLink\ST-LINKIII-KEIL_SWO.dll V3.0.7.0
Dialog DLL:      TCM.DLL V1.36.5.0
 
<h2>Project:</h2>
F:\YandexDisk2\YandexDisk\OAI_NSU\Keil_projects\Pelemeshko_test_proj\1986ve8t_test_projects\My test 1 (LED blinking)\LED blinking.uvprojx
Project File Date:  08/27/2021

<h2>Output:</h2>
*** Using Compiler 'V5.06 update 6 (build 750)', folder: 'C:\Keil_v5\ARM\ARMCC\Bin'
Rebuild target 'Target 1'
assembling startup_1986ve8t.s...
compiling spec.c...
compiling system_1986ve8t.c...
compiling main.c...
compiling mdr32f8_port.c...
compiling mdr32f8_clkctrl.c...
linking...
Program Size: Code=1700 RO-data=572 RW-data=0 ZI-data=8288  
".\Objects\LED blinking.axf" - 0 Error(s), 0 Warning(s).

<h2>Software Packages used:</h2>

Package Vendor: Keil
                http://www.keil.com/pack/Keil.MDR1986VE8T.0.4.1.pack
                Keil.MDR1986VE8T.0.4.1
                Milandr MDR1986VE8T Series Device Support, Drivers and Examples
   * Component: Board Setup Version: 0.4
   * Component: Startup Version: 0.4
   * Component: CLKCTRL Version: 0.4
   * Component: PORT Version: 0.4

<h2>Collection of Component include folders:</h2>
  .\RTE\Device\MDR32F8
  .\RTE\_Target_1
  C:\Users\Pelemeshko Anatolii\AppData\Local\Arm\Packs\Keil\MDR1986VE8T\0.4.1\Libraries
  C:\Users\Pelemeshko Anatolii\AppData\Local\Arm\Packs\Keil\MDR1986VE8T\0.4.1\Libraries\CMSIS\CM4\DeviceSupport\MDR32F8\inc
  C:\Users\Pelemeshko Anatolii\AppData\Local\Arm\Packs\Keil\MDR1986VE8T\0.4.1\Libraries\MDR32F8_StdPeriph_Driver\inc

<h2>Collection of Component Files used:</h2>

   * Component: Keil.EVAL-BOARD1986VE8TSupport::Board Support:Board Setup:0.4
      Source file:   Libraries\spec.c
      Include file:  Libraries\spec.h

   * Component: Keil::Device:Startup:0.4
      Source file:   Libraries\CMSIS\CM4\DeviceSupport\MDR32F8\startup\arm\startup_1986ve8t.s
      Source file:   Libraries\CMSIS\CM4\DeviceSupport\MDR32F8\startup\arm\system_1986ve8t.c
      Include file:  Libraries\CMSIS\CM4\DeviceSupport\MDR32F8\startup\arm\system_1986ve8t.h
      Include file:  Libraries\MDR32F8_StdPeriph_Driver\mdr32f8_config.h

   * Component: Keil::Drivers:CLKCTRL:0.4
      Source file:   Libraries\MDR32F8_StdPeriph_Driver\src\mdr32f8_clkctrl.c
      Include file:  Libraries\MDR32F8_StdPeriph_Driver\inc\mdr32f8_clkctrl.h

   * Component: Keil::Drivers:PORT:0.4
      Include file:  Libraries\MDR32F8_StdPeriph_Driver\inc\mdr32f8_port.h
      Source file:   Libraries\MDR32F8_StdPeriph_Driver\src\mdr32f8_port.c
Build Time Elapsed:  00:00:01
</pre>
</body>
</html>
